Microchip MPLAB XC8 Compiler V1.41 ()

Linker command line:

-W-3 --edf=/Applications/microchip/xc8/v1.41/dat/en_msgs.txt -cs \
  -h+dist/default/debug/AER201.X.debug.sym \
  --cmf=dist/default/debug/AER201.X.debug.cmf -z -Q18F4620 -o/tmp/xcYl5z1i1 \
  -Mdist/default/debug/AER201.X.debug.map -E1 -ver=XC8 -ASTACK=080h-0eeeh \
  -pstack=STACK -ACODE=00h-0FCFFh -ACONST=00h-0FCFFh \
  -ASMALLCONST=01000h-010FFhx237 -AMEDIUMCONST=01000h-0FCFFh \
  -ACOMRAM=01h-07Fh -AABS1=00h-0EEEh,0F00h-0F7Fh \
  -ABIGRAM=01h-0EEEh,0F00h-0F7Fh \
  -ARAM=080h-0FFh,0100h-01FFhx13,0E00h-0EEEh,0F00h-0F7Fh -ABANK0=080h-0FFh \
  -ABANK1=0100h-01FFh -ABANK2=0200h-02FFh -ABANK3=0300h-03FFh \
  -ABANK4=0400h-04FFh -ABANK5=0500h-05FFh -ABANK6=0600h-06FFh \
  -ABANK7=0700h-07FFh -ABANK8=0800h-08FFh -ABANK9=0900h-09FFh \
  -ABANK10=0A00h-0AFFh -ABANK11=0B00h-0BFFh -ABANK12=0C00h-0CFFh \
  -ABANK13=0D00h-0DFFh -ABANK14=0E00h-0EEEh -ABANK15=0F00h-0F7Fh \
  -ASFR=0F80h-0F9Bh,0F9Dh-0FD3h,0FD5h-0FDAh,0FE0h-0FE2h,0FE8h-0FEAh,0FF0h-0FFBh \
  -preset_vec=00h,intcode=08h,intcodelo,powerup,init -pramtop=01000h \
  -psmallconst=SMALLCONST -pmediumconst=MEDIUMCONST -pconst=CONST \
  -AFARRAM=00h-00h -ACONFIG=0300000h-030000Dh -pconfig=CONFIG \
  -AIDLOC=0200000h-0200007h -pidloc=IDLOC -AEEDATA=0F00000h-0F003FFh \
  -peeprom_data=EEDATA \
  -prdata=COMRAM,nvrram=COMRAM,nvbit=COMRAM,rbss=COMRAM,rbit=COMRAM \
  -pfarbss=FARRAM,fardata=FARRAM,nvFARRAM=FARRAM \
  -pintsave_regs=BIGRAM,bigbss=BIGRAM,bigdata=BIGRAM -pbss=RAM \
  -pidata=CODE,irdata=CODE,ibigdata=CODE,ifardata=CODE -prparam=COMRAM \
  /tmp/xcpDQmS3M.obj dist/default/debug/AER201.X.debug.obj 

Object code version is 3.11

Machine type is 18F4620

Call graph: (short form)




                Name                               Link     Load   Length Selector   Space Scale
/tmp/xcpDQmS3M.obj
                init                                  E        E        4        4       0
                reset_vec                             0        0        6        0       0
                idloc                            200000   200000        8   200000       0
                config                           300000   300000        E   300000       0
dist/default/debug/AER201.X.debug.obj
                intcode                               8        8        6        4       0
                temp                                 66       66        1        1       1
                smallconst                         1000     1000       E8      800       0
                text35                             1D7A     1D7A       12      874       0
                text34                             1CE6     1CE6       26      874       0
                text33                             1DE8     1DE8        8      874       0
                text32                             1DE0     1DE0        8      874       0
                text31                             1DC6     1DC6        A      874       0
                text30                             16A0     16A0       B4      874       0
                text29                             1A86     1A86       56      874       0
                text28                             1DB0     1DB0        C      874       0
                text27                             1DA4     1DA4        C      874       0
                intcode_body                       13F4     13F4      108      874       0
                text25                             1A30     1A30       56      874       0
                text24                             1D98     1D98        C      874       0
                text23                             1ADC     1ADC       52      874       0
                text22                             1C58     1C58       42      874       0
                text21                             1CC0     1CC0       26      874       0
                text20                             1D30     1D30       1E      874       0
                text19                             1D8C     1D8C        C      874       0
                text18                             10E8     10E8      30C      874       0
                text17                             1D0C     1D0C       24      874       0
                text16                             186C     186C       7E      874       0
                text15                             1B7E     1B7E       4E      874       0
                text14                             1D68     1D68       12      874       0
                text13                             1C9A     1C9A       26      874       0
                text12                             1DD8     1DD8        8      874       0
                text11                             1DD0     1DD0        8      874       0
                text10                             1DBC     1DBC        A      874       0
                text9                              14FC     14FC       F0      874       0
                text8                              17EA     17EA       82      874       0
                text7                              19D6     19D6       5A      874       0
                text6                              1C12     1C12       46      874       0
                text5                              1964     1964       72      874       0
                text4                              15EC     15EC       B4      874       0
                text3                              1B2E     1B2E       50      874       0
                text2                              1754     1754       96      874       0
                text1                              18EA     18EA       7A      874       0
                text0                              1BCC     1BCC       46      874       0
                cstackCOMRAM                          1        1       42        1       1
                bssCOMRAM                            43       43       23        1       1
                cinit                              1D4E     1D4E       1A      874       0

TOTAL           Name                               Link     Load   Length     Space
        CLASS   STACK          

        CLASS   CODE           
                intcode                               8        8        6         0
                init                                  E        E        4         0
                reset_vec                             0        0        6         0
                text35                             1D7A     1D7A       12         0
                text34                             1CE6     1CE6       26         0
                text33                             1DE8     1DE8        8         0
                text32                             1DE0     1DE0        8         0
                text31                             1DC6     1DC6        A         0
                text30                             16A0     16A0       B4         0
                text29                             1A86     1A86       56         0
                text28                             1DB0     1DB0        C         0
                text27                             1DA4     1DA4        C         0
                intcode_body                       13F4     13F4      108         0
                text25                             1A30     1A30       56         0
                text24                             1D98     1D98        C         0
                text23                             1ADC     1ADC       52         0
                text22                             1C58     1C58       42         0
                text21                             1CC0     1CC0       26         0
                text20                             1D30     1D30       1E         0
                text19                             1D8C     1D8C        C         0
                text18                             10E8     10E8      30C         0
                text17                             1D0C     1D0C       24         0
                text16                             186C     186C       7E         0
                text15                             1B7E     1B7E       4E         0
                text14                             1D68     1D68       12         0
                text13                             1C9A     1C9A       26         0
                text12                             1DD8     1DD8        8         0
                text11                             1DD0     1DD0        8         0
                text10                             1DBC     1DBC        A         0
                text9                              14FC     14FC       F0         0
                text8                              17EA     17EA       82         0
                text7                              19D6     19D6       5A         0
                text6                              1C12     1C12       46         0
                text5                              1964     1964       72         0
                text4                              15EC     15EC       B4         0
                text3                              1B2E     1B2E       50         0
                text2                              1754     1754       96         0
                text1                              18EA     18EA       7A         0
                text0                              1BCC     1BCC       46         0
                cinit                              1D4E     1D4E       1A         0

        CLASS   CONST          

        CLASS   SMALLCONST     
                smallconst                         1000     1000       E8         0

        CLASS   MEDIUMCONST    

        CLASS   COMRAM         
                temp                                 66       66        1         1
                cstackCOMRAM                          1        1       42         1
                bssCOMRAM                            43       43       23         1

        CLASS   ABS1           

        CLASS   BIGRAM         

        CLASS   RAM            

        CLASS   BANK0          

        CLASS   BANK1          

        CLASS   BANK2          

        CLASS   BANK3          

        CLASS   BANK4          

        CLASS   BANK5          

        CLASS   BANK6          

        CLASS   BANK7          

        CLASS   BANK8          

        CLASS   BANK9          

        CLASS   BANK10         

        CLASS   BANK11         

        CLASS   BANK12         

        CLASS   BANK13         

        CLASS   BANK14         

        CLASS   BANK15         

        CLASS   SFR            

        CLASS   FARRAM         

        CLASS   CONFIG         
                config                           300000   300000        E         0

        CLASS   IDLOC          
                idloc                            200000   200000        8         0

        CLASS   EEDATA         



SEGMENTS        Name                           Load    Length   Top    Selector   Space  Class

                reset_vec                      000000  000006  000006         0       0  CODE    
                cstackCOMRAM                   000001  000066  000067         1       1  COMRAM  
                intcode                        000008  00000A  000012         4       0  CODE    
                smallconst                     001000  0000E8  0010E8       800       0  SMALLCON
                text18                         0010E8  000D08  001DF0       874       0  CODE    
                idloc                          200000  000008  200008    200000       0  IDLOC   
                config                         300000  00000E  30000E    300000       0  CONFIG  


UNUSED ADDRESS RANGES

        Name                Unused          Largest block    Delta
        BANK0            000080-0000FF               80
        BANK1            000100-0001FF              100
        BANK10           000A00-000AFF              100
        BANK11           000B00-000BFF              100
        BANK12           000C00-000CFF              100
        BANK13           000D00-000DFF              100
        BANK14           000E00-000EEE               EF
        BANK15           000F00-000F7F               80
        BANK2            000200-0002FF              100
        BANK3            000300-0003FF              100
        BANK4            000400-0004FF              100
        BANK5            000500-0005FF              100
        BANK6            000600-0006FF              100
        BANK7            000700-0007FF              100
        BANK8            000800-0008FF              100
        BANK9            000900-0009FF              100
        BIGRAM           000067-000EEE              E88
                         000F00-000F7F               80
        CODE             000006-000007                2
                         000012-000FFF              FEE
                         001DF0-00FCFF             DF10
        COMRAM           000067-00007F               19
        CONST            000006-000007                2
                         000012-000FFF              FEE
                         001DF0-00FCFF             DF10
        EEDATA           F00000-F003FF              400
        MEDIUMCONST      001DF0-00FCFF             DF10
        RAM              000080-000EEE              100
                         000F00-000F7F               80
        SFR              000F80-000F9B               1C
                         000F9D-000FD3               37
                         000FD5-000FDA                6
                         000FE0-000FE2                3
                         000FE8-000FEA                3
                         000FF0-000FFB                C
        SMALLCONST       001DF0-00FCFF              100
        STACK            000080-000EEE              E6F

                                  Symbol Table

?___lldiv                      cstackCOMRAM 000019
?___lwdiv                      cstackCOMRAM 000019
?___lwmod                      cstackCOMRAM 000020
?___wmul                       cstackCOMRAM 000019
?_printf                       cstackCOMRAM 000025
I2C_Master_Init@c              cstackCOMRAM 000026
I2C_Master_Read@a              cstackCOMRAM 00001A
I2C_Master_Read@temp           cstackCOMRAM 00001B
I2C_Master_Write@d             cstackCOMRAM 00001A
_ACKDT                         (abs)        007E2D
_ACKEN                         (abs)        007E2C
_ADCON0                        (abs)        000FC2
_ADCON0bits                    (abs)        000FC2
_ADCON1                        (abs)        000FC1
_ADCON2                        (abs)        000FC0
_ADON                          (abs)        007E10
_ADRESH                        (abs)        000FC4
_ADRESL                        (abs)        000FC3
_I2C_Master_Init               text7        0019D6
_I2C_Master_Read               text13       001C9A
_I2C_Master_Start              text12       001DD8
_I2C_Master_Stop               text11       001DD0
_I2C_Master_Wait               text14       001D68
_I2C_Master_Write              text10       001DBC
_INT1IE                        (abs)        007F83
_INT1IF                        (abs)        007F80
_INTCONbits                    (abs)        000FF2
_LATA                          (abs)        000F89
_LATAbits                      (abs)        000F89
_LATB                          (abs)        000F8A
_LATBbits                      (abs)        000F8A
_LATC                          (abs)        000F8B
_LATCbits                      (abs)        000F8B
_LATD                          (abs)        000F8C
_LATDbits                      (abs)        000F8C
_LATE                          (abs)        000F8D
_PEN                           (abs)        007E2A
_PORTB                         (abs)        000F81
_PORTBbits                     (abs)        000F81
_RCEN                          (abs)        007E2B
_RSEN                          (abs)        007E29
_SEN                           (abs)        007E28
_SSPADD                        (abs)        000FC8
_SSPBUF                        (abs)        000FC9
_SSPCON1                       (abs)        000FC6
_SSPCON2                       (abs)        000FC5
_SSPSTAT                       (abs)        000FC7
_T0CON                         (abs)        000FD5
_TMR0H                         (abs)        000FD7
_TMR0L                         (abs)        000FD6
_TMR0ON                        (abs)        007EAF
_TRISA                         (abs)        000F92
_TRISB                         (abs)        000F93
_TRISC                         (abs)        000F94
_TRISC3                        (abs)        007CA3
_TRISC4                        (abs)        007CA4
_TRISD                         (abs)        000F95
__CFG_BOREN$SBORDIS            (abs)        000000
__CFG_BORV$3                   (abs)        000000
__CFG_CCP2MX$PORTC             (abs)        000000
__CFG_CP0$OFF                  (abs)        000000
__CFG_CP1$OFF                  (abs)        000000
__CFG_CP2$OFF                  (abs)        000000
__CFG_CP3$OFF                  (abs)        000000
__CFG_CPB$OFF                  (abs)        000000
__CFG_CPD$OFF                  (abs)        000000
__CFG_EBTR0$OFF                (abs)        000000
__CFG_EBTR1$OFF                (abs)        000000
__CFG_EBTR2$OFF                (abs)        000000
__CFG_EBTR3$OFF                (abs)        000000
__CFG_EBTRB$OFF                (abs)        000000
__CFG_FCMEN$OFF                (abs)        000000
__CFG_IESO$OFF                 (abs)        000000
__CFG_LPT1OSC$OFF              (abs)        000000
__CFG_LVP$OFF                  (abs)        000000
__CFG_MCLRE$ON                 (abs)        000000
__CFG_OSC$HS                   (abs)        000000
__CFG_PBADEN$ON                (abs)        000000
__CFG_PWRT$OFF                 (abs)        000000
__CFG_STVREN$ON                (abs)        000000
__CFG_WDT$OFF                  (abs)        000000
__CFG_WDTPS$32768              (abs)        000000
__CFG_WRT0$OFF                 (abs)        000000
__CFG_WRT1$OFF                 (abs)        000000
__CFG_WRT2$OFF                 (abs)        000000
__CFG_WRT3$OFF                 (abs)        000000
__CFG_WRTB$OFF                 (abs)        000000
__CFG_WRTC$OFF                 (abs)        000000
__CFG_WRTD$OFF                 (abs)        000000
__CFG_XINST$OFF                (abs)        000000
__HRAM                         (abs)        000000
__Habs1                        abs1         000000
__Hbank0                       bank0        000000
__Hbank1                       bank1        000000
__Hbank10                      bank10       000000
__Hbank11                      bank11       000000
__Hbank12                      bank12       000000
__Hbank13                      bank13       000000
__Hbank14                      bank14       000000
__Hbank15                      bank15       000000
__Hbank2                       bank2        000000
__Hbank3                       bank3        000000
__Hbank4                       bank4        000000
__Hbank5                       bank5        000000
__Hbank6                       bank6        000000
__Hbank7                       bank7        000000
__Hbank8                       bank8        000000
__Hbank9                       bank9        000000
__Hbigbss                      bigbss       000000
__Hbigdata                     bigdata      000000
__Hbigram                      bigram       000000
__Hbss                         bss          000000
__HbssCOMRAM                   bssCOMRAM    000000
__Hcinit                       cinit        000000
__Hclrtext                     clrtext      000000
__Hcomram                      comram       000000
__Hconfig                      config       30000E
__Hconst                       const        000000
__HcstackCOMRAM                cstackCOMRAM 000000
__Hdata                        data         000000
__Heeprom_data                 eeprom_data  000000
__Hfarbss                      farbss       000000
__Hfardata                     fardata      000000
__Hibigdata                    ibigdata     000000
__Hidata                       idata        000000
__Hidloc                       idloc        200008
__Hifardata                    ifardata     000000
__Hinit                        init         000012
__Hintcode                     intcode      00000E
__Hintcode_body                intcode_body 000000
__Hintcodelo                   intcodelo    00000E
__Hintentry                    intentry     000000
__Hintret                      intret       000000
__Hintsave_regs                intsave_regs 000000
__Hirdata                      irdata       000000
__Hmediumconst                 mediumconst  000000
__HnvFARRAM                    nvFARRAM     000000
__Hnvbit                       nvbit        000000
__Hnvrram                      nvrram       000000
__Hparam                       rparam       000000
__Hpowerup                     powerup      00000E
__Hram                         ram          000000
__Hramtop                      ramtop       001000
__Hrbit                        rbit         000000
__Hrbss                        rbss         000000
__Hrdata                       rdata        000000
__Hreset_vec                   reset_vec    000006
__Hrparam                      rparam       000000
__Hsfr                         sfr          000000
__Hsmallconst                  smallconst   0010E8
__Hspace_0                     (abs)        30000E
__Hspace_1                     (abs)        000067
__Hspace_2                     (abs)        000000
__Hstack                       stack        000000
__Hstruct                      struct       000000
__Htemp                        temp         000067
__Htext                        text         000000
__Htext0                       text0        000000
__Htext1                       text1        000000
__Htext10                      text10       000000
__Htext11                      text11       000000
__Htext12                      text12       000000
__Htext13                      text13       000000
__Htext14                      text14       000000
__Htext15                      text15       000000
__Htext16                      text16       000000
__Htext17                      text17       000000
__Htext18                      text18       000000
__Htext19                      text19       000000
__Htext2                       text2        000000
__Htext20                      text20       000000
__Htext21                      text21       000000
__Htext22                      text22       000000
__Htext23                      text23       000000
__Htext24                      text24       000000
__Htext25                      text25       000000
__Htext27                      text27       000000
__Htext28                      text28       000000
__Htext29                      text29       000000
__Htext3                       text3        000000
__Htext30                      text30       000000
__Htext31                      text31       000000
__Htext32                      text32       000000
__Htext33                      text33       000000
__Htext34                      text34       000000
__Htext35                      text35       000000
__Htext4                       text4        000000
__Htext5                       text5        000000
__Htext6                       text6        000000
__Htext7                       text7        000000
__Htext8                       text8        000000
__Htext9                       text9        000000
__LRAM                         (abs)        000001
__Labs1                        abs1         000000
__Lbank0                       bank0        000000
__Lbank1                       bank1        000000
__Lbank10                      bank10       000000
__Lbank11                      bank11       000000
__Lbank12                      bank12       000000
__Lbank13                      bank13       000000
__Lbank14                      bank14       000000
__Lbank15                      bank15       000000
__Lbank2                       bank2        000000
__Lbank3                       bank3        000000
__Lbank4                       bank4        000000
__Lbank5                       bank5        000000
__Lbank6                       bank6        000000
__Lbank7                       bank7        000000
__Lbank8                       bank8        000000
__Lbank9                       bank9        000000
__Lbigbss                      bigbss       000000
__Lbigdata                     bigdata      000000
__Lbigram                      bigram       000000
__Lbss                         bss          000000
__LbssCOMRAM                   bssCOMRAM    000000
__Lcinit                       cinit        000000
__Lclrtext                     clrtext      000000
__Lcomram                      comram       000000
__Lconfig                      config       300000
__Lconst                       const        000000
__LcstackCOMRAM                cstackCOMRAM 000000
__Ldata                        data         000000
__Leeprom_data                 eeprom_data  000000
__Lfarbss                      farbss       000000
__Lfardata                     fardata      000000
__Libigdata                    ibigdata     000000
__Lidata                       idata        000000
__Lidloc                       idloc        200000
__Lifardata                    ifardata     000000
__Linit                        init         00000E
__Lintcode                     intcode      000008
__Lintcode_body                intcode_body 000000
__Lintcodelo                   intcodelo    00000E
__Lintentry                    intentry     000000
__Lintret                      intret       000000
__Lintsave_regs                intsave_regs 000000
__Lirdata                      irdata       000000
__Lmediumconst                 mediumconst  000000
__LnvFARRAM                    nvFARRAM     000000
__Lnvbit                       nvbit        000000
__Lnvrram                      nvrram       000000
__Lparam                       rparam       000000
__Lpowerup                     powerup      00000E
__Lram                         ram          000000
__Lramtop                      ramtop       001000
__Lrbit                        rbit         000000
__Lrbss                        rbss         000000
__Lrdata                       rdata        000000
__Lreset_vec                   reset_vec    000000
__Lrparam                      rparam       000000
__Lsfr                         sfr          000000
__Lsmallconst                  smallconst   001000
__Lspace_0                     (abs)        000000
__Lspace_1                     (abs)        000000
__Lspace_2                     (abs)        000000
__Lstack                       stack        000000
__Lstruct                      struct       000000
__Ltemp                        temp         000066
__Ltext                        text         000000
__Ltext0                       text0        000000
__Ltext1                       text1        000000
__Ltext10                      text10       000000
__Ltext11                      text11       000000
__Ltext12                      text12       000000
__Ltext13                      text13       000000
__Ltext14                      text14       000000
__Ltext15                      text15       000000
__Ltext16                      text16       000000
__Ltext17                      text17       000000
__Ltext18                      text18       000000
__Ltext19                      text19       000000
__Ltext2                       text2        000000
__Ltext20                      text20       000000
__Ltext21                      text21       000000
__Ltext22                      text22       000000
__Ltext23                      text23       000000
__Ltext24                      text24       000000
__Ltext25                      text25       000000
__Ltext27                      text27       000000
__Ltext28                      text28       000000
__Ltext29                      text29       000000
__Ltext3                       text3        000000
__Ltext30                      text30       000000
__Ltext31                      text31       000000
__Ltext32                      text32       000000
__Ltext33                      text33       000000
__Ltext34                      text34       000000
__Ltext35                      text35       000000
__Ltext4                       text4        000000
__Ltext5                       text5        000000
__Ltext6                       text6        000000
__Ltext7                       text7        000000
__Ltext8                       text8        000000
__Ltext9                       text9        000000
__S0                           (abs)        30000E
__S1                           (abs)        000067
__S2                           (abs)        000000
___inthi_sp                    stack        000000
___intlo_sp                    stack        000000
___lldiv                       text8        0017EA
___lldiv@counter               cstackCOMRAM 000025
___lldiv@dividend              cstackCOMRAM 000019
___lldiv@divisor               cstackCOMRAM 00001D
___lldiv@quotient              cstackCOMRAM 000021
___lwdiv                       text23       001ADC
___lwdiv@counter               cstackCOMRAM 00001F
___lwdiv@dividend              cstackCOMRAM 000019
___lwdiv@divisor               cstackCOMRAM 00001B
___lwdiv@quotient              cstackCOMRAM 00001D
___lwmod                       text22       001C58
___lwmod@counter               cstackCOMRAM 000024
___lwmod@dividend              cstackCOMRAM 000020
___lwmod@divisor               cstackCOMRAM 000022
___param_bank                  (abs)        000000
___rparam_used                 (abs)        000001
___sp                          stack        000000
___wmul                        text21       001CC0
___wmul@multiplicand           cstackCOMRAM 00001B
___wmul@multiplier             cstackCOMRAM 000019
___wmul@product                cstackCOMRAM 00001D
__accesstop                    (abs)        000080
__activetblptr                 (abs)        000002
__end_of_I2C_Master_Init       text7        001A30
__end_of_I2C_Master_Read       text13       001CC0
__end_of_I2C_Master_Start      text12       001DE0
__end_of_I2C_Master_Stop       text11       001DD8
__end_of_I2C_Master_Wait       text14       001D7A
__end_of_I2C_Master_Write      text10       001DC6
__end_of___lldiv               text8        00186C
__end_of___lwdiv               text23       001B2E
__end_of___lwmod               text22       001C9A
__end_of___wmul                text21       001CE6
__end_of__initialization       cinit        001D5A
__end_of_debug                 text16       0018EA
__end_of_display_sorting_time  text15       001BCC
__end_of_display_time          text9        0015EC
__end_of_dpowers               smallconst   00101C
__end_of_get_time              text4        0016A0
__end_of_hexpowers             smallconst   001024
__end_of_initLCD               text6        001C58
__end_of_initPIC               text5        0019D6
__end_of_interrupt_handler     intcode_body 0014FC
__end_of_isdigit               text20       001D4E
__end_of_keys                  smallconst   001012
__end_of_lcdInst               text24       001DA4
__end_of_lcdNibble             text25       001A86
__end_of_main                  text0        001C12
__end_of_printf                text18       0013F4
__end_of_putch                 text19       001D98
__end_of_readADC               text17       001D30
__end_of_shaker                text3        001B7E
__end_of_sort                  text2        0017EA
__end_of_timeSetter            smallconst   00102B
__end_of_welcome               text1        001964
__end_ofi2_I2C_Master_Read     text34       001D0C
__end_ofi2_I2C_Master_Start    text33       001DF0
__end_ofi2_I2C_Master_Stop     text32       001DE8
__end_ofi2_I2C_Master_Wait     text35       001D8C
__end_ofi2_I2C_Master_Write    text31       001DD0
__end_ofi2_get_time            text30       001754
__end_ofi2_lcdInst             text28       001DBC
__end_ofi2_lcdNibble           text29       001ADC
__end_ofi2_putch               text27       001DB0
__initialization               cinit        001D4E
__mediumconst                  mediumconst  000000
__pbssCOMRAM                   bssCOMRAM    000043
__pcinit                       cinit        001D4E
__pcstackCOMRAM                cstackCOMRAM 000001
__pintcode                     intcode      000008
__pintcode_body                intcode_body 0013F4
__psmallconst                  smallconst   001000
__ptext0                       text0        001BCC
__ptext1                       text1        0018EA
__ptext10                      text10       001DBC
__ptext11                      text11       001DD0
__ptext12                      text12       001DD8
__ptext13                      text13       001C9A
__ptext14                      text14       001D68
__ptext15                      text15       001B7E
__ptext16                      text16       00186C
__ptext17                      text17       001D0C
__ptext18                      text18       0010E8
__ptext19                      text19       001D8C
__ptext2                       text2        001754
__ptext20                      text20       001D30
__ptext21                      text21       001CC0
__ptext22                      text22       001C58
__ptext23                      text23       001ADC
__ptext24                      text24       001D98
__ptext25                      text25       001A30
__ptext27                      text27       001DA4
__ptext28                      text28       001DB0
__ptext29                      text29       001A86
__ptext3                       text3        001B2E
__ptext30                      text30       0016A0
__ptext31                      text31       001DC6
__ptext32                      text32       001DE0
__ptext33                      text33       001DE8
__ptext34                      text34       001CE6
__ptext35                      text35       001D7A
__ptext4                       text4        0015EC
__ptext5                       text5        001964
__ptext6                       text6        001C12
__ptext7                       text7        0019D6
__ptext8                       text8        0017EA
__ptext9                       text9        0014FC
__ramtop                       ramtop       001000
__size_of_I2C_Master_Init      (abs)        000000
__size_of_I2C_Master_Read      (abs)        000000
__size_of_I2C_Master_Start     (abs)        000000
__size_of_I2C_Master_Stop      (abs)        000000
__size_of_I2C_Master_Wait      (abs)        000000
__size_of_I2C_Master_Write     (abs)        000000
__size_of___lldiv              (abs)        000000
__size_of___lwdiv              (abs)        000000
__size_of___lwmod              (abs)        000000
__size_of___wmul               (abs)        000000
__size_of_debug                (abs)        000000
__size_of_display_sorting_time (abs)        000000
__size_of_display_time         (abs)        000000
__size_of_get_time             (abs)        000000
__size_of_initLCD              (abs)        000000
__size_of_initPIC              (abs)        000000
__size_of_interrupt_handler    (abs)        000000
__size_of_isdigit              (abs)        000000
__size_of_lcdInst              (abs)        000000
__size_of_lcdNibble            (abs)        000000
__size_of_main                 (abs)        000000
__size_of_printf               (abs)        000000
__size_of_putch                (abs)        000000
__size_of_readADC              (abs)        000000
__size_of_shaker               (abs)        000000
__size_of_sort                 (abs)        000000
__size_of_welcome              (abs)        000000
__size_ofi2_I2C_Master_Read    (abs)        000000
__size_ofi2_I2C_Master_Start   (abs)        000000
__size_ofi2_I2C_Master_Stop    (abs)        000000
__size_ofi2_I2C_Master_Wait    (abs)        000000
__size_ofi2_I2C_Master_Write   (abs)        000000
__size_ofi2_get_time           (abs)        000000
__size_ofi2_lcdInst            (abs)        000000
__size_ofi2_lcdNibble          (abs)        000000
__size_ofi2_putch              (abs)        000000
__smallconst                   smallconst   001000
_debug                         text16       00186C
_display_sorting_time          text15       001B7E
_display_time                  text9        0014FC
_dpowers                       smallconst   001012
_end_time                      bssCOMRAM    000058
_flag                          bssCOMRAM    000054
_get_time                      text4        0015EC
_hexpowers                     smallconst   00101C
_initLCD                       text6        001C12
_initPIC                       text5        001964
_interrupt_handler             intcode      000008
_isdigit                       text20       001D30
_isdigit$1070                  cstackCOMRAM 00001A
_keys                          smallconst   001001
_lcdInst                       text24       001D98
_lcdNibble                     text25       001A30
_main                          text0        001BCC
_mode                          bssCOMRAM    000057
_passed_time                   bssCOMRAM    000056
_pop_can_no_tap                bssCOMRAM    000050
_pop_can_tap                   bssCOMRAM    000052
_printf                        text18       0010E8
_putch                         text19       001D8C
_readADC                       text17       001D0C
_shaker                        text3        001B2E
_sort                          text2        001754
_soup_can_label                bssCOMRAM    00004E
_soup_can_no_label             bssCOMRAM    00004C
_start_time                    bssCOMRAM    00005F
_time                          bssCOMRAM    000043
_timeSetter                    smallconst   001024
_total_count                   bssCOMRAM    00004A
_welcome                       text1        0018EA
btemp                          temp         000066
debug@H_max                    cstackCOMRAM 00003E
debug@i                        cstackCOMRAM 000040
display_sorting_time@i         cstackCOMRAM 00003C
display_time@i                 cstackCOMRAM 00003D
end_of_initialization          cinit        001D5A
get_time@datime                cstackCOMRAM 00001C
get_time@i                     cstackCOMRAM 00001F
i2I2C_Master_Read@a            cstackCOMRAM 000002
i2I2C_Master_Read@temp         cstackCOMRAM 000003
i2I2C_Master_Write@d           cstackCOMRAM 000002
i2_I2C_Master_Read             text34       001CE6
i2_I2C_Master_Start            text33       001DE8
i2_I2C_Master_Stop             text32       001DE0
i2_I2C_Master_Wait             text35       001D7A
i2_I2C_Master_Write            text31       001DC6
i2_get_time                    text30       0016A0
i2_lcdInst                     text28       001DB0
i2_lcdNibble                   text29       001A86
i2_putch                       text27       001DA4
i2get_time@datime              cstackCOMRAM 000004
i2get_time@i                   cstackCOMRAM 000007
i2lcdInst@data                 cstackCOMRAM 000003
i2lcdNibble@data               cstackCOMRAM 000002
i2lcdNibble@temp               cstackCOMRAM 000001
i2putch@data                   cstackCOMRAM 000003
int$flags                      temp         000066
int_func                       intcode_body 0013F4
interrupt_handler@keypress     cstackCOMRAM 000018
intlevel0                      text         000000
intlevel1                      text         000000
intlevel2                      text         000000
intlevel3                      text         000000
isdigit@c                      cstackCOMRAM 00001B
lcdInst@data                   cstackCOMRAM 00001B
lcdNibble@data                 cstackCOMRAM 00001A
lcdNibble@temp                 cstackCOMRAM 000019
printf@ap                      cstackCOMRAM 000032
printf@c                       cstackCOMRAM 00003A
printf@f                       cstackCOMRAM 000025
printf@flag                    cstackCOMRAM 000037
printf@idx                     cstackCOMRAM 000031
printf@prec                    cstackCOMRAM 000034
printf@val                     cstackCOMRAM 000035
printf@width                   cstackCOMRAM 000038
putch@data                     cstackCOMRAM 00001B
readADC@channel                cstackCOMRAM 00001A
shaker@i                       cstackCOMRAM 00001A
sort@noLabel                   cstackCOMRAM 000041
sort@tap                       cstackCOMRAM 00003D
sort@tin                       cstackCOMRAM 00003F
stackhi                        (abs)        000EEE
stacklo                        (abs)        000080
start                          init         00000E
start_initialization           cinit        001D4E


FUNCTION INFORMATION:

 *************** function _main *****************
 Defined at:
		line 21 in file "main.c"
 Parameters:    Size  Location     Type
		None
 Auto vars:     Size  Location     Type
		None
 Return value:  Size  Location     Type
                  1    wreg      void 
 Registers used:
		wreg, fsr1l, fsr1h, fsr2l, fsr2h, status,2, status,0, tblptrl, tblptrh, tblptru, prodl, prodh, cstack
 Tracked objects:
		On entry : 
		On exit  : 
		Unchanged: 
 Data sizes:     COMRAM   BANK0   BANK1   BANK2   BANK3   BANK4   BANK5   BANK6   BANK7   BANK8   BANK9  BANK10  BANK11  BANK12  BANK13  BANK14  BANK15
      Params:         0       0       0       0       0       0       0       0       0       0       0       0       0       0       0       0       0
      Locals:         0       0       0       0       0       0       0       0       0       0       0       0       0       0       0       0       0
      Temps:          0       0       0       0       0       0       0       0       0       0       0       0       0       0       0       0       0
      Totals:         0       0       0       0       0       0       0       0       0       0       0       0       0       0       0       0       0
Total ram usage:        0 bytes
 Hardware stack levels required when called:    8
 This function calls:
		_debug
		_display_sorting_time
		_display_time
		_initPIC
		_sort
		_welcome
 This function is called by:
		Startup code after reset
 This function uses a non-reentrant model


 *************** function _welcome *****************
 Defined at:
		line 20 in file "picState.c"
 Parameters:    Size  Location     Type
		None
 Auto vars:     Size  Location     Type
		None
 Return value:  Size  Location     Type
                  2   86[None  ] int 
 Registers used:
		wreg, fsr2l, fsr2h, status,2, status,0, tblptrl, tblptrh, tblptru, prodl, prodh, cstack
 Tracked objects:
		On entry : 
		On exit  : 
		Unchanged: 
 Data sizes:     COMRAM   BANK0   BANK1   BANK2   BANK3   BANK4   BANK5   BANK6   BANK7   BANK8   BANK9  BANK10  BANK11  BANK12  BANK13  BANK14  BANK15
      Params:         0       0       0       0       0       0       0       0       0       0       0       0       0       0       0       0       0
      Locals:         0       0       0       0       0       0       0       0       0       0       0       0       0       0       0       0       0
      Temps:          2       0       0       0       0       0       0       0       0       0       0       0       0       0       0       0       0
      Totals:         2       0       0       0       0       0       0       0       0       0       0       0       0       0       0       0       0
Total ram usage:        2 bytes
 Hardware stack levels used:    1
 Hardware stack levels required when called:    7
 This function calls:
		_lcdInst
		_printf
 This function is called by:
		_main
 This function uses a non-reentrant model


 *************** function _sort *****************
 Defined at:
		line 66 in file "picState.c"
 Parameters:    Size  Location     Type
		None
 Auto vars:     Size  Location     Type
  noLabel         2   64[COMRAM] int 
  tin             2   62[COMRAM] int 
  tap             2   60[COMRAM] int 
 Return value:  Size  Location     Type
                  2   90[None  ] int 
 Registers used:
		wreg, fsr1l, fsr1h, fsr2l, fsr2h, status,2, status,0, tblptrl, tblptrh, tblptru, prodl, prodh, cstack
 Tracked objects:
		On entry : 
		On exit  : 
		Unchanged: 
 Data sizes:     COMRAM   BANK0   BANK1   BANK2   BANK3   BANK4   BANK5   BANK6   BANK7   BANK8   BANK9  BANK10  BANK11  BANK12  BANK13  BANK14  BANK15
      Params:         0       0       0       0       0       0       0       0       0       0       0       0       0       0       0       0       0
      Locals:         6       0       0       0       0       0       0       0       0       0       0       0       0       0       0       0       0
      Temps:          2       0       0       0       0       0       0       0       0       0       0       0       0       0       0       0       0
      Totals:         8       0       0       0       0       0       0       0       0       0       0       0       0       0       0       0       0
Total ram usage:        8 bytes
 Hardware stack levels used:    1
 Hardware stack levels required when called:    7
 This function calls:
		_get_time
		_lcdInst
		_printf
		_shaker
 This function is called by:
		_main
 This function uses a non-reentrant model


 *************** function _shaker *****************
 Defined at:
		line 18 in file "motor.c"
 Parameters:    Size  Location     Type
		None
 Auto vars:     Size  Location     Type
  i               2   25[COMRAM] int 
 Return value:  Size  Location     Type
                  1    wreg      void 
 Registers used:
		wreg, status,2, status,0
 Tracked objects:
		On entry : 
		On exit  : 
		Unchanged: 
 Data sizes:     COMRAM   BANK0   BANK1   BANK2   BANK3   BANK4   BANK5   BANK6   BANK7   BANK8   BANK9  BANK10  BANK11  BANK12  BANK13  BANK14  BANK15
      Params:         0       0       0       0       0       0       0       0       0       0       0       0       0       0       0       0       0
      Locals:         2       0       0       0       0       0       0       0       0       0       0       0       0       0       0       0       0
      Temps:          1       0       0       0       0       0       0       0       0       0       0       0       0       0       0       0       0
      Totals:         3       0       0       0       0       0       0       0       0       0       0       0       0       0       0       0       0
Total ram usage:        3 bytes
 Hardware stack levels used:    1
 Hardware stack levels required when called:    4
 This function calls:
		Nothing
 This function is called by:
		_sort
 This function uses a non-reentrant model


 *************** function _get_time *****************
 Defined at:
		line 39 in file "time.c"
 Parameters:    Size  Location     Type
  datime          2   27[COMRAM] PTR unsigned char 
		 -> end_time(7), start_time(7), 
 Auto vars:     Size  Location     Type
  i               2   30[COMRAM] int 
 Return value:  Size  Location     Type
                  1    wreg      void 
 Registers used:
		wreg, fsr1l, fsr1h, fsr2l, fsr2h, status,2, status,0, prodl, prodh, cstack
 Tracked objects:
		On entry : 
		On exit  : 
		Unchanged: 
 Data sizes:     COMRAM   BANK0   BANK1   BANK2   BANK3   BANK4   BANK5   BANK6   BANK7   BANK8   BANK9  BANK10  BANK11  BANK12  BANK13  BANK14  BANK15
      Params:         2       0       0       0       0       0       0       0       0       0       0       0       0       0       0       0       0
      Locals:         2       0       0       0       0       0       0       0       0       0       0       0       0       0       0       0       0
      Temps:          1       0       0       0       0       0       0       0       0       0       0       0       0       0       0       0       0
      Totals:         5       0       0       0       0       0       0       0       0       0       0       0       0       0       0       0       0
Total ram usage:        5 bytes
 Hardware stack levels used:    1
 Hardware stack levels required when called:    6
 This function calls:
		_I2C_Master_Read
		_I2C_Master_Start
		_I2C_Master_Stop
		_I2C_Master_Write
 This function is called by:
		_sort
		_initSortTimer
		_getSortTime
 This function uses a non-reentrant model


 *************** function _initPIC *****************
 Defined at:
		line 33 in file "initPic.c"
 Parameters:    Size  Location     Type
		None
 Auto vars:     Size  Location     Type
		None
 Return value:  Size  Location     Type
                  2   82[None  ] int 
 Registers used:
		wreg, status,2, status,0, cstack
 Tracked objects:
		On entry : 
		On exit  : 
		Unchanged: 
 Data sizes:     COMRAM   BANK0   BANK1   BANK2   BANK3   BANK4   BANK5   BANK6   BANK7   BANK8   BANK9  BANK10  BANK11  BANK12  BANK13  BANK14  BANK15
      Params:         0       0       0       0       0       0       0       0       0       0       0       0       0       0       0       0       0
      Locals:         0       0       0       0       0       0       0       0       0       0       0       0       0       0       0       0       0
      Temps:          0       0       0       0       0       0       0       0       0       0       0       0       0       0       0       0       0
      Totals:         0       0       0       0       0       0       0       0       0       0       0       0       0       0       0       0       0
Total ram usage:        0 bytes
 Hardware stack levels used:    1
 Hardware stack levels required when called:    7
 This function calls:
		_I2C_Master_Init
		_I2C_Master_Start
		_I2C_Master_Stop
		_I2C_Master_Write
		_initLCD
 This function is called by:
		_main
 This function uses a non-reentrant model


 *************** function _initLCD *****************
 Defined at:
		line 14 in file "lcd.c"
 Parameters:    Size  Location     Type
		None
 Auto vars:     Size  Location     Type
		None
 Return value:  Size  Location     Type
                  1    wreg      void 
 Registers used:
		wreg, status,2, status,0, cstack
 Tracked objects:
		On entry : 
		On exit  : 
		Unchanged: 
 Data sizes:     COMRAM   BANK0   BANK1   BANK2   BANK3   BANK4   BANK5   BANK6   BANK7   BANK8   BANK9  BANK10  BANK11  BANK12  BANK13  BANK14  BANK15
      Params:         0       0       0       0       0       0       0       0       0       0       0       0       0       0       0       0       0
      Locals:         0       0       0       0       0       0       0       0       0       0       0       0       0       0       0       0       0
      Temps:          1       0       0       0       0       0       0       0       0       0       0       0       0       0       0       0       0
      Totals:         1       0       0       0       0       0       0       0       0       0       0       0       0       0       0       0       0
Total ram usage:        1 bytes
 Hardware stack levels used:    1
 Hardware stack levels required when called:    6
 This function calls:
		_lcdInst
 This function is called by:
		_initPIC
 This function uses a non-reentrant model


 *************** function _I2C_Master_Init *****************
 Defined at:
		line 13 in file "I2C.c"
 Parameters:    Size  Location     Type
  c               4   37[COMRAM] const unsigned long 
 Auto vars:     Size  Location     Type
		None
 Return value:  Size  Location     Type
                  1    wreg      void 
 Registers used:
		wreg, status,2, status,0, cstack
 Tracked objects:
		On entry : 
		On exit  : 
		Unchanged: 
 Data sizes:     COMRAM   BANK0   BANK1   BANK2   BANK3   BANK4   BANK5   BANK6   BANK7   BANK8   BANK9  BANK10  BANK11  BANK12  BANK13  BANK14  BANK15
      Params:         4       0       0       0       0       0       0       0       0       0       0       0       0       0       0       0       0
      Locals:         0       0       0       0       0       0       0       0       0       0       0       0       0       0       0       0       0
      Temps:          4       0       0       0       0       0       0       0       0       0       0       0       0       0       0       0       0
      Totals:         8       0       0       0       0       0       0       0       0       0       0       0       0       0       0       0       0
Total ram usage:        8 bytes
 Hardware stack levels used:    1
 Hardware stack levels required when called:    5
 This function calls:
		___lldiv
 This function is called by:
		_initPIC
		_set_time
 This function uses a non-reentrant model


 *************** function ___lldiv *****************
 Defined at:
		line 8 in file "/Applications/microchip/xc8/v1.41/sources/common/lldiv.c"
 Parameters:    Size  Location     Type
  dividend        4   24[COMRAM] unsigned long 
  divisor         4   28[COMRAM] unsigned long 
 Auto vars:     Size  Location     Type
  quotient        4   32[COMRAM] unsigned long 
  counter         1   36[COMRAM] unsigned char 
 Return value:  Size  Location     Type
                  4   24[COMRAM] unsigned long 
 Registers used:
		wreg, status,2, status,0
 Tracked objects:
		On entry : 
		On exit  : 
		Unchanged: 
 Data sizes:     COMRAM   BANK0   BANK1   BANK2   BANK3   BANK4   BANK5   BANK6   BANK7   BANK8   BANK9  BANK10  BANK11  BANK12  BANK13  BANK14  BANK15
      Params:         8       0       0       0       0       0       0       0       0       0       0       0       0       0       0       0       0
      Locals:         5       0       0       0       0       0       0       0       0       0       0       0       0       0       0       0       0
      Temps:          0       0       0       0       0       0       0       0       0       0       0       0       0       0       0       0       0
      Totals:        13       0       0       0       0       0       0       0       0       0       0       0       0       0       0       0       0
Total ram usage:       13 bytes
 Hardware stack levels used:    1
 Hardware stack levels required when called:    4
 This function calls:
		Nothing
 This function is called by:
		_I2C_Master_Init
 This function uses a non-reentrant model


 *************** function _display_time *****************
 Defined at:
		line 104 in file "picState.c"
 Parameters:    Size  Location     Type
		None
 Auto vars:     Size  Location     Type
  i               1   60[COMRAM] unsigned char 
 Return value:  Size  Location     Type
                  2   88[None  ] int 
 Registers used:
		wreg, fsr2l, fsr2h, status,2, status,0, tblptrl, tblptrh, tblptru, prodl, prodh, cstack
 Tracked objects:
		On entry : 
		On exit  : 
		Unchanged: 
 Data sizes:     COMRAM   BANK0   BANK1   BANK2   BANK3   BANK4   BANK5   BANK6   BANK7   BANK8   BANK9  BANK10  BANK11  BANK12  BANK13  BANK14  BANK15
      Params:         0       0       0       0       0       0       0       0       0       0       0       0       0       0       0       0       0
      Locals:         1       0       0       0       0       0       0       0       0       0       0       0       0       0       0       0       0
      Temps:          2       0       0       0       0       0       0       0       0       0       0       0       0       0       0       0       0
      Totals:         3       0       0       0       0       0       0       0       0       0       0       0       0       0       0       0       0
Total ram usage:        3 bytes
 Hardware stack levels used:    1
 Hardware stack levels required when called:    7
 This function calls:
		_I2C_Master_Read
		_I2C_Master_Start
		_I2C_Master_Stop
		_I2C_Master_Write
		_lcdInst
		_printf
 This function is called by:
		_main
 This function uses a non-reentrant model


 *************** function _I2C_Master_Write *****************
 Defined at:
		line 47 in file "I2C.c"
 Parameters:    Size  Location     Type
  d               2   25[COMRAM] unsigned int 
 Auto vars:     Size  Location     Type
		None
 Return value:  Size  Location     Type
                  1    wreg      void 
 Registers used:
		wreg, status,2, status,0, cstack
 Tracked objects:
		On entry : 
		On exit  : 
		Unchanged: 
 Data sizes:     COMRAM   BANK0   BANK1   BANK2   BANK3   BANK4   BANK5   BANK6   BANK7   BANK8   BANK9  BANK10  BANK11  BANK12  BANK13  BANK14  BANK15
      Params:         2       0       0       0       0       0       0       0       0       0       0       0       0       0       0       0       0
      Locals:         0       0       0       0       0       0       0       0       0       0       0       0       0       0       0       0       0
      Temps:          0       0       0       0       0       0       0       0       0       0       0       0       0       0       0       0       0
      Totals:         2       0       0       0       0       0       0       0       0       0       0       0       0       0       0       0       0
Total ram usage:        2 bytes
 Hardware stack levels used:    1
 Hardware stack levels required when called:    5
 This function calls:
		_I2C_Master_Wait
 This function is called by:
		_display_time
		_initPIC
		_get_time
		_set_time
 This function uses a non-reentrant model


 *************** function _I2C_Master_Stop *****************
 Defined at:
		line 41 in file "I2C.c"
 Parameters:    Size  Location     Type
		None
 Auto vars:     Size  Location     Type
		None
 Return value:  Size  Location     Type
                  1    wreg      void 
 Registers used:
		wreg, status,2, status,0, cstack
 Tracked objects:
		On entry : 
		On exit  : 
		Unchanged: 
 Data sizes:     COMRAM   BANK0   BANK1   BANK2   BANK3   BANK4   BANK5   BANK6   BANK7   BANK8   BANK9  BANK10  BANK11  BANK12  BANK13  BANK14  BANK15
      Params:         0       0       0       0       0       0       0       0       0       0       0       0       0       0       0       0       0
      Locals:         0       0       0       0       0       0       0       0       0       0       0       0       0       0       0       0       0
      Temps:          0       0       0       0       0       0       0       0       0       0       0       0       0       0       0       0       0
      Totals:         0       0       0       0       0       0       0       0       0       0       0       0       0       0       0       0       0
Total ram usage:        0 bytes
 Hardware stack levels used:    1
 Hardware stack levels required when called:    5
 This function calls:
		_I2C_Master_Wait
 This function is called by:
		_display_time
		_initPIC
		_get_time
		_set_time
 This function uses a non-reentrant model


 *************** function _I2C_Master_Start *****************
 Defined at:
		line 29 in file "I2C.c"
 Parameters:    Size  Location     Type
		None
 Auto vars:     Size  Location     Type
		None
 Return value:  Size  Location     Type
                  1    wreg      void 
 Registers used:
		wreg, status,2, status,0, cstack
 Tracked objects:
		On entry : 
		On exit  : 
		Unchanged: 
 Data sizes:     COMRAM   BANK0   BANK1   BANK2   BANK3   BANK4   BANK5   BANK6   BANK7   BANK8   BANK9  BANK10  BANK11  BANK12  BANK13  BANK14  BANK15
      Params:         0       0       0       0       0       0       0       0       0       0       0       0       0       0       0       0       0
      Locals:         0       0       0       0       0       0       0       0       0       0       0       0       0       0       0       0       0
      Temps:          0       0       0       0       0       0       0       0       0       0       0       0       0       0       0       0       0
      Totals:         0       0       0       0       0       0       0       0       0       0       0       0       0       0       0       0       0
Total ram usage:        0 bytes
 Hardware stack levels used:    1
 Hardware stack levels required when called:    5
 This function calls:
		_I2C_Master_Wait
 This function is called by:
		_display_time
		_initPIC
		_get_time
		_set_time
 This function uses a non-reentrant model


 *************** function _I2C_Master_Read *****************
 Defined at:
		line 53 in file "I2C.c"
 Parameters:    Size  Location     Type
  a               1    wreg     unsigned char 
 Auto vars:     Size  Location     Type
  a               1   25[COMRAM] unsigned char 
  temp            1   26[COMRAM] unsigned char 
 Return value:  Size  Location     Type
                  1    wreg      unsigned char 
 Registers used:
		wreg, status,2, status,0, cstack
 Tracked objects:
		On entry : 
		On exit  : 
		Unchanged: 
 Data sizes:     COMRAM   BANK0   BANK1   BANK2   BANK3   BANK4   BANK5   BANK6   BANK7   BANK8   BANK9  BANK10  BANK11  BANK12  BANK13  BANK14  BANK15
      Params:         0       0       0       0       0       0       0       0       0       0       0       0       0       0       0       0       0
      Locals:         2       0       0       0       0       0       0       0       0       0       0       0       0       0       0       0       0
      Temps:          0       0       0       0       0       0       0       0       0       0       0       0       0       0       0       0       0
      Totals:         2       0       0       0       0       0       0       0       0       0       0       0       0       0       0       0       0
Total ram usage:        2 bytes
 Hardware stack levels used:    1
 Hardware stack levels required when called:    5
 This function calls:
		_I2C_Master_Wait
 This function is called by:
		_display_time
		_get_time
 This function uses a non-reentrant model


 *************** function _I2C_Master_Wait *****************
 Defined at:
		line 24 in file "I2C.c"
 Parameters:    Size  Location     Type
		None
 Auto vars:     Size  Location     Type
		None
 Return value:  Size  Location     Type
                  1    wreg      void 
 Registers used:
		wreg, status,2, status,0
 Tracked objects:
		On entry : 
		On exit  : 
		Unchanged: 
 Data sizes:     COMRAM   BANK0   BANK1   BANK2   BANK3   BANK4   BANK5   BANK6   BANK7   BANK8   BANK9  BANK10  BANK11  BANK12  BANK13  BANK14  BANK15
      Params:         0       0       0       0       0       0       0       0       0       0       0       0       0       0       0       0       0
      Locals:         0       0       0       0       0       0       0       0       0       0       0       0       0       0       0       0       0
      Temps:          1       0       0       0       0       0       0       0       0       0       0       0       0       0       0       0       0
      Totals:         1       0       0       0       0       0       0       0       0       0       0       0       0       0       0       0       0
Total ram usage:        1 bytes
 Hardware stack levels used:    1
 Hardware stack levels required when called:    4
 This function calls:
		Nothing
 This function is called by:
		_I2C_Master_Start
		_I2C_Master_Stop
		_I2C_Master_Write
		_I2C_Master_Read
		_I2C_Master_RepeatedStart
 This function uses a non-reentrant model


 *************** function _display_sorting_time *****************
 Defined at:
		line 133 in file "picState.c"
 Parameters:    Size  Location     Type
		None
 Auto vars:     Size  Location     Type
  i               2   59[COMRAM] int 
 Return value:  Size  Location     Type
                  2   92[None  ] int 
 Registers used:
		wreg, fsr2l, fsr2h, status,2, status,0, tblptrl, tblptrh, tblptru, prodl, prodh, cstack
 Tracked objects:
		On entry : 
		On exit  : 
		Unchanged: 
 Data sizes:     COMRAM   BANK0   BANK1   BANK2   BANK3   BANK4   BANK5   BANK6   BANK7   BANK8   BANK9  BANK10  BANK11  BANK12  BANK13  BANK14  BANK15
      Params:         0       0       0       0       0       0       0       0       0       0       0       0       0       0       0       0       0
      Locals:         2       0       0       0       0       0       0       0       0       0       0       0       0       0       0       0       0
      Temps:          1       0       0       0       0       0       0       0       0       0       0       0       0       0       0       0       0
      Totals:         3       0       0       0       0       0       0       0       0       0       0       0       0       0       0       0       0
Total ram usage:        3 bytes
 Hardware stack levels used:    1
 Hardware stack levels required when called:    7
 This function calls:
		_lcdInst
		_printf
 This function is called by:
		_main
 This function uses a non-reentrant model


 *************** function _debug *****************
 Defined at:
		line 35 in file "picState.c"
 Parameters:    Size  Location     Type
		None
 Auto vars:     Size  Location     Type
  i               2   63[COMRAM] int 
  H_max           2   61[COMRAM] int 
 Return value:  Size  Location     Type
                  2   94[None  ] int 
 Registers used:
		wreg, fsr2l, fsr2h, status,2, status,0, tblptrl, tblptrh, tblptru, prodl, prodh, cstack
 Tracked objects:
		On entry : 
		On exit  : 
		Unchanged: 
 Data sizes:     COMRAM   BANK0   BANK1   BANK2   BANK3   BANK4   BANK5   BANK6   BANK7   BANK8   BANK9  BANK10  BANK11  BANK12  BANK13  BANK14  BANK15
      Params:         0       0       0       0       0       0       0       0       0       0       0       0       0       0       0       0       0
      Locals:         4       0       0       0       0       0       0       0       0       0       0       0       0       0       0       0       0
      Temps:          3       0       0       0       0       0       0       0       0       0       0       0       0       0       0       0       0
      Totals:         7       0       0       0       0       0       0       0       0       0       0       0       0       0       0       0       0
Total ram usage:        7 bytes
 Hardware stack levels used:    1
 Hardware stack levels required when called:    7
 This function calls:
		_lcdInst
		_printf
		_readADC
 This function is called by:
		_main
 This function uses a non-reentrant model


 *************** function _readADC *****************
 Defined at:
		line 21 in file "adc.c"
 Parameters:    Size  Location     Type
  channel         1    wreg     unsigned char 
 Auto vars:     Size  Location     Type
  channel         1   25[COMRAM] unsigned char 
 Return value:  Size  Location     Type
                  1    wreg      void 
 Registers used:
		wreg, status,2, status,0
 Tracked objects:
		On entry : 
		On exit  : 
		Unchanged: 
 Data sizes:     COMRAM   BANK0   BANK1   BANK2   BANK3   BANK4   BANK5   BANK6   BANK7   BANK8   BANK9  BANK10  BANK11  BANK12  BANK13  BANK14  BANK15
      Params:         0       0       0       0       0       0       0       0       0       0       0       0       0       0       0       0       0
      Locals:         1       0       0       0       0       0       0       0       0       0       0       0       0       0       0       0       0
      Temps:          1       0       0       0       0       0       0       0       0       0       0       0       0       0       0       0       0
      Totals:         2       0       0       0       0       0       0       0       0       0       0       0       0       0       0       0       0
Total ram usage:        2 bytes
 Hardware stack levels used:    1
 Hardware stack levels required when called:    4
 This function calls:
		Nothing
 This function is called by:
		_debug
		_sense_can
		_readLightSensor
 This function uses a non-reentrant model


 *************** function _printf *****************
 Defined at:
		line 464 in file "/Applications/microchip/xc8/v1.41/sources/common/doprnt.c"
 Parameters:    Size  Location     Type
  f               2   36[COMRAM] PTR const unsigned char 
		 -> STR_14(13), STR_13(11), STR_12(16), STR_11(15), 
		 -> STR_10(15), STR_9(20), STR_8(16), STR_7(3), 
		 -> STR_6(10), STR_5(15), STR_4(7), STR_3(21), 
		 -> STR_2(13), STR_1(9), 
 Auto vars:     Size  Location     Type
  idx             1   48[COMRAM] unsigned char 
  tmpval          4    0        struct .
  cp              3    0        PTR const unsigned char 
  width           2   55[COMRAM] int 
  val             2   52[COMRAM] unsigned int 
  ap              2   49[COMRAM] PTR void [1]
		 -> ?_printf(2), 
  len             2    0        unsigned int 
  c               1   57[COMRAM] char 
  flag            1   54[COMRAM] unsigned char 
  prec            1   51[COMRAM] char 
 Return value:  Size  Location     Type
                  2   36[COMRAM] int 
 Registers used:
		wreg, fsr2l, fsr2h, status,2, status,0, tblptrl, tblptrh, tblptru, prodl, prodh, cstack
 Tracked objects:
		On entry : 
		On exit  : 
		Unchanged: 
 Data sizes:     COMRAM   BANK0   BANK1   BANK2   BANK3   BANK4   BANK5   BANK6   BANK7   BANK8   BANK9  BANK10  BANK11  BANK12  BANK13  BANK14  BANK15
      Params:         8       0       0       0       0       0       0       0       0       0       0       0       0       0       0       0       0
      Locals:        10       0       0       0       0       0       0       0       0       0       0       0       0       0       0       0       0
      Temps:          4       0       0       0       0       0       0       0       0       0       0       0       0       0       0       0       0
      Totals:        22       0       0       0       0       0       0       0       0       0       0       0       0       0       0       0       0
Total ram usage:       22 bytes
 Hardware stack levels used:    1
 Hardware stack levels required when called:    6
 This function calls:
		___lwdiv
		___lwmod
		___wmul
		_isdigit
		_putch
 This function is called by:
		_welcome
		_debug
		_sort
		_display_time
		_display_sorting_time
		_getSortTime
 This function uses a non-reentrant model


 *************** function _putch *****************
 Defined at:
		line 30 in file "lcd.c"
 Parameters:    Size  Location     Type
  data            1    wreg     unsigned char 
 Auto vars:     Size  Location     Type
  data            1   26[COMRAM] unsigned char 
 Return value:  Size  Location     Type
                  1    wreg      void 
 Registers used:
		wreg, status,2, status,0, cstack
 Tracked objects:
		On entry : 
		On exit  : 
		Unchanged: 
 Data sizes:     COMRAM   BANK0   BANK1   BANK2   BANK3   BANK4   BANK5   BANK6   BANK7   BANK8   BANK9  BANK10  BANK11  BANK12  BANK13  BANK14  BANK15
      Params:         0       0       0       0       0       0       0       0       0       0       0       0       0       0       0       0       0
      Locals:         1       0       0       0       0       0       0       0       0       0       0       0       0       0       0       0       0
      Temps:          0       0       0       0       0       0       0       0       0       0       0       0       0       0       0       0       0
      Totals:         1       0       0       0       0       0       0       0       0       0       0       0       0       0       0       0       0
Total ram usage:        1 bytes
 Hardware stack levels used:    1
 Hardware stack levels required when called:    5
 This function calls:
		_lcdNibble
 This function is called by:
		_printf
 This function uses a non-reentrant model


 *************** function _isdigit *****************
 Defined at:
		line 8 in file "/Applications/microchip/xc8/v1.41/sources/common/isdigit.c"
 Parameters:    Size  Location     Type
  c               1    wreg     unsigned char 
 Auto vars:     Size  Location     Type
  c               1   26[COMRAM] unsigned char 
 Return value:  Size  Location     Type
		None               void
 Registers used:
		wreg, status,2, status,0
 Tracked objects:
		On entry : 
		On exit  : 
		Unchanged: 
 Data sizes:     COMRAM   BANK0   BANK1   BANK2   BANK3   BANK4   BANK5   BANK6   BANK7   BANK8   BANK9  BANK10  BANK11  BANK12  BANK13  BANK14  BANK15
      Params:         0       0       0       0       0       0       0       0       0       0       0       0       0       0       0       0       0
      Locals:         2       0       0       0       0       0       0       0       0       0       0       0       0       0       0       0       0
      Temps:          1       0       0       0       0       0       0       0       0       0       0       0       0       0       0       0       0
      Totals:         3       0       0       0       0       0       0       0       0       0       0       0       0       0       0       0       0
Total ram usage:        3 bytes
 Hardware stack levels used:    1
 Hardware stack levels required when called:    4
 This function calls:
		Nothing
 This function is called by:
		_printf
 This function uses a non-reentrant model


 *************** function ___wmul *****************
 Defined at:
		line 15 in file "/Applications/microchip/xc8/v1.41/sources/common/Umul16.c"
 Parameters:    Size  Location     Type
  multiplier      2   24[COMRAM] unsigned int 
  multiplicand    2   26[COMRAM] unsigned int 
 Auto vars:     Size  Location     Type
  product         2   28[COMRAM] unsigned int 
 Return value:  Size  Location     Type
                  2   24[COMRAM] unsigned int 
 Registers used:
		wreg, status,2, status,0, prodl, prodh
 Tracked objects:
		On entry : 
		On exit  : 
		Unchanged: 
 Data sizes:     COMRAM   BANK0   BANK1   BANK2   BANK3   BANK4   BANK5   BANK6   BANK7   BANK8   BANK9  BANK10  BANK11  BANK12  BANK13  BANK14  BANK15
      Params:         4       0       0       0       0       0       0       0       0       0       0       0       0       0       0       0       0
      Locals:         2       0       0       0       0       0       0       0       0       0       0       0       0       0       0       0       0
      Temps:          0       0       0       0       0       0       0       0       0       0       0       0       0       0       0       0       0
      Totals:         6       0       0       0       0       0       0       0       0       0       0       0       0       0       0       0       0
Total ram usage:        6 bytes
 Hardware stack levels used:    1
 Hardware stack levels required when called:    4
 This function calls:
		Nothing
 This function is called by:
		_printf
		_getSortTime
 This function uses a non-reentrant model


 *************** function ___lwmod *****************
 Defined at:
		line 8 in file "/Applications/microchip/xc8/v1.41/sources/common/lwmod.c"
 Parameters:    Size  Location     Type
  dividend        2   31[COMRAM] unsigned int 
  divisor         2   33[COMRAM] unsigned int 
 Auto vars:     Size  Location     Type
  counter         1   35[COMRAM] unsigned char 
 Return value:  Size  Location     Type
                  2   31[COMRAM] unsigned int 
 Registers used:
		wreg, status,2, status,0
 Tracked objects:
		On entry : 
		On exit  : 
		Unchanged: 
 Data sizes:     COMRAM   BANK0   BANK1   BANK2   BANK3   BANK4   BANK5   BANK6   BANK7   BANK8   BANK9  BANK10  BANK11  BANK12  BANK13  BANK14  BANK15
      Params:         4       0       0       0       0       0       0       0       0       0       0       0       0       0       0       0       0
      Locals:         1       0       0       0       0       0       0       0       0       0       0       0       0       0       0       0       0
      Temps:          0       0       0       0       0       0       0       0       0       0       0       0       0       0       0       0       0
      Totals:         5       0       0       0       0       0       0       0       0       0       0       0       0       0       0       0       0
Total ram usage:        5 bytes
 Hardware stack levels used:    1
 Hardware stack levels required when called:    4
 This function calls:
		Nothing
 This function is called by:
		_printf
		_getSortTime
 This function uses a non-reentrant model


 *************** function ___lwdiv *****************
 Defined at:
		line 8 in file "/Applications/microchip/xc8/v1.41/sources/common/lwdiv.c"
 Parameters:    Size  Location     Type
  dividend        2   24[COMRAM] unsigned int 
  divisor         2   26[COMRAM] unsigned int 
 Auto vars:     Size  Location     Type
  quotient        2   28[COMRAM] unsigned int 
  counter         1   30[COMRAM] unsigned char 
 Return value:  Size  Location     Type
                  2   24[COMRAM] unsigned int 
 Registers used:
		wreg, status,2, status,0
 Tracked objects:
		On entry : 
		On exit  : 
		Unchanged: 
 Data sizes:     COMRAM   BANK0   BANK1   BANK2   BANK3   BANK4   BANK5   BANK6   BANK7   BANK8   BANK9  BANK10  BANK11  BANK12  BANK13  BANK14  BANK15
      Params:         4       0       0       0       0       0       0       0       0       0       0       0       0       0       0       0       0
      Locals:         3       0       0       0       0       0       0       0       0       0       0       0       0       0       0       0       0
      Temps:          0       0       0       0       0       0       0       0       0       0       0       0       0       0       0       0       0
      Totals:         7       0       0       0       0       0       0       0       0       0       0       0       0       0       0       0       0
Total ram usage:        7 bytes
 Hardware stack levels used:    1
 Hardware stack levels required when called:    4
 This function calls:
		Nothing
 This function is called by:
		_printf
		_getSortTime
 This function uses a non-reentrant model


 *************** function _lcdInst *****************
 Defined at:
		line 25 in file "lcd.c"
 Parameters:    Size  Location     Type
  data            1    wreg     unsigned char 
 Auto vars:     Size  Location     Type
  data            1   26[COMRAM] unsigned char 
 Return value:  Size  Location     Type
                  1    wreg      void 
 Registers used:
		wreg, status,2, status,0, cstack
 Tracked objects:
		On entry : 
		On exit  : 
		Unchanged: 
 Data sizes:     COMRAM   BANK0   BANK1   BANK2   BANK3   BANK4   BANK5   BANK6   BANK7   BANK8   BANK9  BANK10  BANK11  BANK12  BANK13  BANK14  BANK15
      Params:         0       0       0       0       0       0       0       0       0       0       0       0       0       0       0       0       0
      Locals:         1       0       0       0       0       0       0       0       0       0       0       0       0       0       0       0       0
      Temps:          0       0       0       0       0       0       0       0       0       0       0       0       0       0       0       0       0
      Totals:         1       0       0       0       0       0       0       0       0       0       0       0       0       0       0       0       0
Total ram usage:        1 bytes
 Hardware stack levels used:    1
 Hardware stack levels required when called:    5
 This function calls:
		_lcdNibble
 This function is called by:
		_initLCD
		_welcome
		_debug
		_sort
		_display_time
		_display_sorting_time
		_getSortTime
 This function uses a non-reentrant model


 *************** function _lcdNibble *****************
 Defined at:
		line 35 in file "lcd.c"
 Parameters:    Size  Location     Type
  data            1    wreg     unsigned char 
 Auto vars:     Size  Location     Type
  data            1   25[COMRAM] unsigned char 
  temp            1   24[COMRAM] unsigned char 
 Return value:  Size  Location     Type
                  1    wreg      void 
 Registers used:
		wreg, status,2, status,0
 Tracked objects:
		On entry : 
		On exit  : 
		Unchanged: 
 Data sizes:     COMRAM   BANK0   BANK1   BANK2   BANK3   BANK4   BANK5   BANK6   BANK7   BANK8   BANK9  BANK10  BANK11  BANK12  BANK13  BANK14  BANK15
      Params:         0       0       0       0       0       0       0       0       0       0       0       0       0       0       0       0       0
      Locals:         2       0       0       0       0       0       0       0       0       0       0       0       0       0       0       0       0
      Temps:          0       0       0       0       0       0       0       0       0       0       0       0       0       0       0       0       0
      Totals:         2       0       0       0       0       0       0       0       0       0       0       0       0       0       0       0       0
Total ram usage:        2 bytes
 Hardware stack levels used:    1
 Hardware stack levels required when called:    4
 This function calls:
		Nothing
 This function is called by:
		_lcdInst
		_putch
 This function uses a non-reentrant model


 *************** function _interrupt_handler *****************
 Defined at:
		line 23 in file "interrupt.c"
 Parameters:    Size  Location     Type
		None
 Auto vars:     Size  Location     Type
  keypress        1   23[COMRAM] unsigned char 
 Return value:  Size  Location     Type
                  1    wreg      void 
 Registers used:
		wreg, fsr1l, fsr1h, fsr2l, fsr2h, status,2, status,0, tblptrl, tblptrh, tblptru, prodl, prodh, cstack
 Tracked objects:
		On entry : 
		On exit  : 
		Unchanged: 
 Data sizes:     COMRAM   BANK0   BANK1   BANK2   BANK3   BANK4   BANK5   BANK6   BANK7   BANK8   BANK9  BANK10  BANK11  BANK12  BANK13  BANK14  BANK15
      Params:         0       0       0       0       0       0       0       0       0       0       0       0       0       0       0       0       0
      Locals:         1       0       0       0       0       0       0       0       0       0       0       0       0       0       0       0       0
      Temps:         15       0       0       0       0       0       0       0       0       0       0       0       0       0       0       0       0
      Totals:        16       0       0       0       0       0       0       0       0       0       0       0       0       0       0       0       0
Total ram usage:       16 bytes
 Hardware stack levels used:    1
 Hardware stack levels required when called:    3
 This function calls:
		i2_get_time
		i2_lcdInst
		i2_putch
 This function is called by:
		Interrupt level 2
 This function uses a non-reentrant model


 *************** function i2_putch *****************
 Defined at:
		line 30 in file "lcd.c"
 Parameters:    Size  Location     Type
  data            1    wreg     unsigned char 
 Auto vars:     Size  Location     Type
  data            1    2[COMRAM] unsigned char 
 Return value:  Size  Location     Type
                  1    wreg      void 
 Registers used:
		wreg, status,2, status,0, cstack
 Tracked objects:
		On entry : 
		On exit  : 
		Unchanged: 
 Data sizes:     COMRAM   BANK0   BANK1   BANK2   BANK3   BANK4   BANK5   BANK6   BANK7   BANK8   BANK9  BANK10  BANK11  BANK12  BANK13  BANK14  BANK15
      Params:         0       0       0       0       0       0       0       0       0       0       0       0       0       0       0       0       0
      Locals:         1       0       0       0       0       0       0       0       0       0       0       0       0       0       0       0       0
      Temps:          0       0       0       0       0       0       0       0       0       0       0       0       0       0       0       0       0
      Totals:         1       0       0       0       0       0       0       0       0       0       0       0       0       0       0       0       0
Total ram usage:        1 bytes
 Hardware stack levels used:    1
 Hardware stack levels required when called:    1
 This function calls:
		i2_lcdNibble
 This function is called by:
		_interrupt_handler
 This function uses a non-reentrant model


 *************** function i2_lcdInst *****************
 Defined at:
		line 25 in file "lcd.c"
 Parameters:    Size  Location     Type
  data            1    wreg     unsigned char 
 Auto vars:     Size  Location     Type
  data            1    2[COMRAM] unsigned char 
 Return value:  Size  Location     Type
                  1    wreg      void 
 Registers used:
		wreg, status,2, status,0, cstack
 Tracked objects:
		On entry : 
		On exit  : 
		Unchanged: 
 Data sizes:     COMRAM   BANK0   BANK1   BANK2   BANK3   BANK4   BANK5   BANK6   BANK7   BANK8   BANK9  BANK10  BANK11  BANK12  BANK13  BANK14  BANK15
      Params:         0       0       0       0       0       0       0       0       0       0       0       0       0       0       0       0       0
      Locals:         1       0       0       0       0       0       0       0       0       0       0       0       0       0       0       0       0
      Temps:          0       0       0       0       0       0       0       0       0       0       0       0       0       0       0       0       0
      Totals:         1       0       0       0       0       0       0       0       0       0       0       0       0       0       0       0       0
Total ram usage:        1 bytes
 Hardware stack levels used:    1
 Hardware stack levels required when called:    1
 This function calls:
		i2_lcdNibble
 This function is called by:
		_interrupt_handler
 This function uses a non-reentrant model


 *************** function i2_lcdNibble *****************
 Defined at:
		line 35 in file "lcd.c"
 Parameters:    Size  Location     Type
  data            1    wreg     unsigned char 
 Auto vars:     Size  Location     Type
  data            1    1[COMRAM] unsigned char 
  lcdNibble       1    0[COMRAM] unsigned char 
 Return value:  Size  Location     Type
                  1    wreg      void 
 Registers used:
		wreg, status,2, status,0
 Tracked objects:
		On entry : 
		On exit  : 
		Unchanged: 
 Data sizes:     COMRAM   BANK0   BANK1   BANK2   BANK3   BANK4   BANK5   BANK6   BANK7   BANK8   BANK9  BANK10  BANK11  BANK12  BANK13  BANK14  BANK15
      Params:         0       0       0       0       0       0       0       0       0       0       0       0       0       0       0       0       0
      Locals:         2       0       0       0       0       0       0       0       0       0       0       0       0       0       0       0       0
      Temps:          0       0       0       0       0       0       0       0       0       0       0       0       0       0       0       0       0
      Totals:         2       0       0       0       0       0       0       0       0       0       0       0       0       0       0       0       0
Total ram usage:        2 bytes
 Hardware stack levels used:    1
 This function calls:
		Nothing
 This function is called by:
		i2_lcdInst
		i2_putch
 This function uses a non-reentrant model


 *************** function i2_get_time *****************
 Defined at:
		line 39 in file "time.c"
 Parameters:    Size  Location     Type
  datime          2    3[COMRAM] PTR unsigned char 
		 -> end_time(7), start_time(7), 
 Auto vars:     Size  Location     Type
  get_time        2    6[COMRAM] int 
 Return value:  Size  Location     Type
                  1    wreg      void 
 Registers used:
		wreg, fsr1l, fsr1h, fsr2l, fsr2h, status,2, status,0, prodl, prodh, cstack
 Tracked objects:
		On entry : 
		On exit  : 
		Unchanged: 
 Data sizes:     COMRAM   BANK0   BANK1   BANK2   BANK3   BANK4   BANK5   BANK6   BANK7   BANK8   BANK9  BANK10  BANK11  BANK12  BANK13  BANK14  BANK15
      Params:         2       0       0       0       0       0       0       0       0       0       0       0       0       0       0       0       0
      Locals:         2       0       0       0       0       0       0       0       0       0       0       0       0       0       0       0       0
      Temps:          1       0       0       0       0       0       0       0       0       0       0       0       0       0       0       0       0
      Totals:         5       0       0       0       0       0       0       0       0       0       0       0       0       0       0       0       0
Total ram usage:        5 bytes
 Hardware stack levels used:    1
 Hardware stack levels required when called:    2
 This function calls:
		i2_I2C_Master_Read
		i2_I2C_Master_Start
		i2_I2C_Master_Stop
		i2_I2C_Master_Write
 This function is called by:
		_interrupt_handler
 This function uses a non-reentrant model


 *************** function i2_I2C_Master_Write *****************
 Defined at:
		line 47 in file "I2C.c"
 Parameters:    Size  Location     Type
  d               2    1[COMRAM] unsigned int 
 Auto vars:     Size  Location     Type
		None
 Return value:  Size  Location     Type
                  1    wreg      void 
 Registers used:
		wreg, status,2, status,0, cstack
 Tracked objects:
		On entry : 
		On exit  : 
		Unchanged: 
 Data sizes:     COMRAM   BANK0   BANK1   BANK2   BANK3   BANK4   BANK5   BANK6   BANK7   BANK8   BANK9  BANK10  BANK11  BANK12  BANK13  BANK14  BANK15
      Params:         2       0       0       0       0       0       0       0       0       0       0       0       0       0       0       0       0
      Locals:         0       0       0       0       0       0       0       0       0       0       0       0       0       0       0       0       0
      Temps:          0       0       0       0       0       0       0       0       0       0       0       0       0       0       0       0       0
      Totals:         2       0       0       0       0       0       0       0       0       0       0       0       0       0       0       0       0
Total ram usage:        2 bytes
 Hardware stack levels used:    1
 Hardware stack levels required when called:    1
 This function calls:
		i2_I2C_Master_Wait
 This function is called by:
		i2_get_time
 This function uses a non-reentrant model


 *************** function i2_I2C_Master_Stop *****************
 Defined at:
		line 41 in file "I2C.c"
 Parameters:    Size  Location     Type
		None
 Auto vars:     Size  Location     Type
		None
 Return value:  Size  Location     Type
                  1    wreg      void 
 Registers used:
		wreg, status,2, status,0, cstack
 Tracked objects:
		On entry : 
		On exit  : 
		Unchanged: 
 Data sizes:     COMRAM   BANK0   BANK1   BANK2   BANK3   BANK4   BANK5   BANK6   BANK7   BANK8   BANK9  BANK10  BANK11  BANK12  BANK13  BANK14  BANK15
      Params:         0       0       0       0       0       0       0       0       0       0       0       0       0       0       0       0       0
      Locals:         0       0       0       0       0       0       0       0       0       0       0       0       0       0       0       0       0
      Temps:          0       0       0       0       0       0       0       0       0       0       0       0       0       0       0       0       0
      Totals:         0       0       0       0       0       0       0       0       0       0       0       0       0       0       0       0       0
Total ram usage:        0 bytes
 Hardware stack levels used:    1
 Hardware stack levels required when called:    1
 This function calls:
		i2_I2C_Master_Wait
 This function is called by:
		i2_get_time
 This function uses a non-reentrant model


 *************** function i2_I2C_Master_Start *****************
 Defined at:
		line 29 in file "I2C.c"
 Parameters:    Size  Location     Type
		None
 Auto vars:     Size  Location     Type
		None
 Return value:  Size  Location     Type
                  1    wreg      void 
 Registers used:
		wreg, status,2, status,0, cstack
 Tracked objects:
		On entry : 
		On exit  : 
		Unchanged: 
 Data sizes:     COMRAM   BANK0   BANK1   BANK2   BANK3   BANK4   BANK5   BANK6   BANK7   BANK8   BANK9  BANK10  BANK11  BANK12  BANK13  BANK14  BANK15
      Params:         0       0       0       0       0       0       0       0       0       0       0       0       0       0       0       0       0
      Locals:         0       0       0       0       0       0       0       0       0       0       0       0       0       0       0       0       0
      Temps:          0       0       0       0       0       0       0       0       0       0       0       0       0       0       0       0       0
      Totals:         0       0       0       0       0       0       0       0       0       0       0       0       0       0       0       0       0
Total ram usage:        0 bytes
 Hardware stack levels used:    1
 Hardware stack levels required when called:    1
 This function calls:
		i2_I2C_Master_Wait
 This function is called by:
		i2_get_time
 This function uses a non-reentrant model


 *************** function i2_I2C_Master_Read *****************
 Defined at:
		line 53 in file "I2C.c"
 Parameters:    Size  Location     Type
  a               1    wreg     unsigned char 
 Auto vars:     Size  Location     Type
  a               1    1[COMRAM] unsigned char 
  I2C_Master_R    1    2[COMRAM] unsigned char 
 Return value:  Size  Location     Type
                  1    wreg      unsigned char 
 Registers used:
		wreg, status,2, status,0, cstack
 Tracked objects:
		On entry : 
		On exit  : 
		Unchanged: 
 Data sizes:     COMRAM   BANK0   BANK1   BANK2   BANK3   BANK4   BANK5   BANK6   BANK7   BANK8   BANK9  BANK10  BANK11  BANK12  BANK13  BANK14  BANK15
      Params:         0       0       0       0       0       0       0       0       0       0       0       0       0       0       0       0       0
      Locals:         2       0       0       0       0       0       0       0       0       0       0       0       0       0       0       0       0
      Temps:          0       0       0       0       0       0       0       0       0       0       0       0       0       0       0       0       0
      Totals:         2       0       0       0       0       0       0       0       0       0       0       0       0       0       0       0       0
Total ram usage:        2 bytes
 Hardware stack levels used:    1
 Hardware stack levels required when called:    1
 This function calls:
		i2_I2C_Master_Wait
 This function is called by:
		i2_get_time
 This function uses a non-reentrant model


 *************** function i2_I2C_Master_Wait *****************
 Defined at:
		line 24 in file "I2C.c"
 Parameters:    Size  Location     Type
		None
 Auto vars:     Size  Location     Type
		None
 Return value:  Size  Location     Type
                  1    wreg      void 
 Registers used:
		wreg, status,2, status,0
 Tracked objects:
		On entry : 
		On exit  : 
		Unchanged: 
 Data sizes:     COMRAM   BANK0   BANK1   BANK2   BANK3   BANK4   BANK5   BANK6   BANK7   BANK8   BANK9  BANK10  BANK11  BANK12  BANK13  BANK14  BANK15
      Params:         0       0       0       0       0       0       0       0       0       0       0       0       0       0       0       0       0
      Locals:         0       0       0       0       0       0       0       0       0       0       0       0       0       0       0       0       0
      Temps:          1       0       0       0       0       0       0       0       0       0       0       0       0       0       0       0       0
      Totals:         1       0       0       0       0       0       0       0       0       0       0       0       0       0       0       0       0
Total ram usage:        1 bytes
 Hardware stack levels used:    1
 This function calls:
		Nothing
 This function is called by:
		i2_I2C_Master_Start
		i2_I2C_Master_Stop
		i2_I2C_Master_Write
		i2_I2C_Master_Read
 This function uses a non-reentrant model



MODULE INFORMATION

Module		Function		Class		Link	Load	Size
time.c
		_get_time      		CODE           	15EC	0000	181

time.c estimated size: 181

/Applications/microchip/xc8/v1.41/sources/common/doprnt.c
		_printf        		CODE           	10E8	0000	781

/Applications/microchip/xc8/v1.41/sources/common/doprnt.c estimated size: 781

/Applications/microchip/xc8/v1.41/sources/common/Umul16.c
		___wmul        		CODE           	1CC0	0000	39

/Applications/microchip/xc8/v1.41/sources/common/Umul16.c estimated size: 39

I2C.c
		_I2C_Master_Read		CODE           	1C9A	0000	39
		_I2C_Master_Wait		CODE           	1D68	0000	19
		_I2C_Master_Init		CODE           	19D6	0000	91
		_I2C_Master_Stop		CODE           	1DD0	0000	9
		_I2C_Master_Write		CODE           	1DBC	0000	11
		_I2C_Master_Start		CODE           	1DD8	0000	9

I2C.c estimated size: 178

/Applications/microchip/xc8/v1.41/sources/common/lwmod.c
		___lwmod       		CODE           	1C58	0000	67

/Applications/microchip/xc8/v1.41/sources/common/lwmod.c estimated size: 67

adc.c
		_readADC       		CODE           	1D0C	0000	37

adc.c estimated size: 37

/Applications/microchip/xc8/v1.41/sources/common/isdigit.c
		_isdigit       		CODE           	1D30	0000	31

/Applications/microchip/xc8/v1.41/sources/common/isdigit.c estimated size: 31

motor.c
		_shaker        		CODE           	1B2E	0000	81

motor.c estimated size: 81

interrupt.c
		_interrupt_handler		CODE           	0008	0000	271

interrupt.c estimated size: 271

shared
		i2_I2C_Master_Start		CODE           	1DE8	0000	9
		i2_putch       		CODE           	1DA4	0000	13
		i2_lcdNibble   		CODE           	1A86	0000	87
		_dpowers       		SMALLCONST     	1012	0000	11
		i2_get_time    		CODE           	16A0	0000	181
		i2_I2C_Master_Read		CODE           	1CE6	0000	39
		_keys          		SMALLCONST     	1001	0000	18
		__initialization		CODE           	1D4E	0000	13
		i2_I2C_Master_Wait		CODE           	1D7A	0000	19
		_hexpowers     		SMALLCONST     	101C	0000	9
		i2_I2C_Master_Stop		CODE           	1DE0	0000	9
		_timeSetter    		SMALLCONST     	1024	0000	8
		i2_lcdInst     		CODE           	1DB0	0000	13
		i2_I2C_Master_Write		CODE           	1DC6	0000	11

shared estimated size: 440

/Applications/microchip/xc8/v1.41/sources/common/lwdiv.c
		___lwdiv       		CODE           	1ADC	0000	83

/Applications/microchip/xc8/v1.41/sources/common/lwdiv.c estimated size: 83

initPic.c
		_initPIC       		CODE           	1964	0000	115

initPic.c estimated size: 115

/Applications/microchip/xc8/v1.41/sources/common/lldiv.c
		___lldiv       		CODE           	17EA	0000	131

/Applications/microchip/xc8/v1.41/sources/common/lldiv.c estimated size: 131

lcd.c
		_putch         		CODE           	1D8C	0000	13
		_lcdInst       		CODE           	1D98	0000	13
		_lcdNibble     		CODE           	1A30	0000	87
		_initLCD       		CODE           	1C12	0000	71

lcd.c estimated size: 184

main.c
		_main          		CODE           	1BCC	0000	71

main.c estimated size: 71

picState.c
		_display_sorting_time		CODE           	1B7E	0000	79
		_display_time  		CODE           	14FC	0000	241
		_debug         		CODE           	186C	0000	127
		_sort          		CODE           	1754	0000	151
		_welcome       		CODE           	18EA	0000	123

picState.c estimated size: 721

