Microchip MPLAB XC8 Compiler V1.41 ()

Linker command line:

-W-3 --edf=/Applications/microchip/xc8/v1.41/dat/en_msgs.txt -cs \
  -h+dist/default/production/AER201.X.production.sym \
  --cmf=dist/default/production/AER201.X.production.cmf -z -Q18F4620 \
  -o/tmp/xcmMIqyZn -Mdist/default/production/AER201.X.production.map -E1 \
  -ver=XC8 -ASTACK=08Ah-0f7fh -pstack=STACK -ACODE=00h-0FFFFh \
  -ACONST=00h-0FFFFh -ASMALLCONST=01000h-010FFhx240 \
  -AMEDIUMCONST=01000h-0FFFFh -ACOMRAM=01h-07Fh -AABS1=00h-0F7Fh \
  -ABIGRAM=01h-0F7Fh -ARAM=080h-0FFh,0100h-01FFhx14,0F00h-0F7Fh \
  -ABANK0=080h-0FFh -ABANK1=0100h-01FFh -ABANK2=0200h-02FFh \
  -ABANK3=0300h-03FFh -ABANK4=0400h-04FFh -ABANK5=0500h-05FFh \
  -ABANK6=0600h-06FFh -ABANK7=0700h-07FFh -ABANK8=0800h-08FFh \
  -ABANK9=0900h-09FFh -ABANK10=0A00h-0AFFh -ABANK11=0B00h-0BFFh \
  -ABANK12=0C00h-0CFFh -ABANK13=0D00h-0DFFh -ABANK14=0E00h-0EFFh \
  -ABANK15=0F00h-0F7Fh -ASFR=0F80h-0FFFh \
  -preset_vec=00h,intcode=08h,intcodelo,powerup,init -pramtop=01000h \
  -psmallconst=SMALLCONST -pmediumconst=MEDIUMCONST -pconst=CONST \
  -AFARRAM=00h-00h -ACONFIG=0300000h-030000Dh -pconfig=CONFIG \
  -AIDLOC=0200000h-0200007h -pidloc=IDLOC -AEEDATA=0F00000h-0F003FFh \
  -peeprom_data=EEDATA \
  -prdata=COMRAM,nvrram=COMRAM,nvbit=COMRAM,rbss=COMRAM,rbit=COMRAM \
  -pfarbss=FARRAM,fardata=FARRAM,nvFARRAM=FARRAM \
  -pintsave_regs=BIGRAM,bigbss=BIGRAM,bigdata=BIGRAM -pbss=RAM \
  -pidata=CODE,irdata=CODE,ibigdata=CODE,ifardata=CODE -prparam=COMRAM \
  /tmp/xc0zbz4zY.obj dist/default/production/AER201.X.production.obj 

Object code version is 3.11

Machine type is 18F4620

Call graph: (short form)




                Name                               Link     Load   Length Selector   Space Scale
/tmp/xc0zbz4zY.obj
                init                                  E        E        4        4       0
                reset_vec                             0        0        4        0       0
                idloc                            200000   200000        8   200000       0
                config                           300000   300000        E   300000       0
dist/default/production/AER201.X.production.obj
                intcode                               8        8        6        4       0
                temp                                 67       67        1        1       1
                smallconst                         1000     1000       D6      800       0
                text41                             25E6     25E6       12      86B       0
                text40                             2576     2576       26      86B       0
                text39                             2654     2654        8      86B       0
                text38                             264C     264C        8      86B       0
                text37                             2632     2632        A      86B       0
                text36                             1E88     1E88       D0      86B       0
                text35                             22FA     22FA       56      86B       0
                text34                             261C     261C        C      86B       0
                text33                             2610     2610        C      86B       0
                intcode_body                       18D2     18D2      114      86B       0
                text31                             22A4     22A4       56      86B       0
                text30                             2604     2604        C      86B       0
                text29                             23A2     23A2       52      86B       0
                text28                             2480     2480       42      86B       0
                text27                             2550     2550       26      86B       0
                text26                             259C     259C       1E      86B       0
                text25                             25F8     25F8        C      86B       0
                text24                             10D6     10D6      30C      86B       0
                text23                             2502     2502       28      86B       0
                text22                             24C2     24C2       40      86B       0
                text21                             224A     224A       5A      86B       0
                text20                             25D4     25D4       12      86B       0
                text19                             252A     252A       26      86B       0
                text18                             2644     2644        8      86B       0
                text17                             263C     263C        8      86B       0
                text16                             2628     2628        A      86B       0
                text15                             1BEA     1BEA       F0      86B       0
                text14                             208C     208C       82      86B       0
                text13                             21F0     21F0       5A      86B       0
                text12                             243A     243A       46      86B       0
                text11                             1CDA     1CDA       DE      86B       0
                text10                             1AF6     1AF6       F4      86B       0
                text9                              1FFE     1FFE       8E      86B       0
                text8                              2350     2350       52      86B       0
                text7                              1DB8     1DB8       D0      86B       0
                text6                              169C     169C      236      86B       0
                text5                              1F58     1F58       A6      86B       0
                text4                              13E2     13E2      2BA      86B       0
                text3                              218C     218C       64      86B       0
                text2                              19E6     19E6      110      86B       0
                text1                              210E     210E       7E      86B       0
                text0                              23F4     23F4       46      86B       0
                cstackCOMRAM                          1        1       43        1       1
                cstackBANK0                          80       80        A       80       1
                bssCOMRAM                            44       44       23        1       1
                cinit                              25BA     25BA       1A      86B       0

TOTAL           Name                               Link     Load   Length     Space
        CLASS   STACK          

        CLASS   CODE           
                intcode                               8        8        6         0
                init                                  E        E        4         0
                reset_vec                             0        0        4         0
                text41                             25E6     25E6       12         0
                text40                             2576     2576       26         0
                text39                             2654     2654        8         0
                text38                             264C     264C        8         0
                text37                             2632     2632        A         0
                text36                             1E88     1E88       D0         0
                text35                             22FA     22FA       56         0
                text34                             261C     261C        C         0
                text33                             2610     2610        C         0
                intcode_body                       18D2     18D2      114         0
                text31                             22A4     22A4       56         0
                text30                             2604     2604        C         0
                text29                             23A2     23A2       52         0
                text28                             2480     2480       42         0
                text27                             2550     2550       26         0
                text26                             259C     259C       1E         0
                text25                             25F8     25F8        C         0
                text24                             10D6     10D6      30C         0
                text23                             2502     2502       28         0
                text22                             24C2     24C2       40         0
                text21                             224A     224A       5A         0
                text20                             25D4     25D4       12         0
                text19                             252A     252A       26         0
                text18                             2644     2644        8         0
                text17                             263C     263C        8         0
                text16                             2628     2628        A         0
                text15                             1BEA     1BEA       F0         0
                text14                             208C     208C       82         0
                text13                             21F0     21F0       5A         0
                text12                             243A     243A       46         0
                text11                             1CDA     1CDA       DE         0
                text10                             1AF6     1AF6       F4         0
                text9                              1FFE     1FFE       8E         0
                text8                              2350     2350       52         0
                text7                              1DB8     1DB8       D0         0
                text6                              169C     169C      236         0
                text5                              1F58     1F58       A6         0
                text4                              13E2     13E2      2BA         0
                text3                              218C     218C       64         0
                text2                              19E6     19E6      110         0
                text1                              210E     210E       7E         0
                text0                              23F4     23F4       46         0
                cinit                              25BA     25BA       1A         0

        CLASS   CONST          

        CLASS   SMALLCONST     
                smallconst                         1000     1000       D6         0

        CLASS   MEDIUMCONST    

        CLASS   COMRAM         
                temp                                 67       67        1         1
                cstackCOMRAM                          1        1       43         1
                bssCOMRAM                            44       44       23         1

        CLASS   ABS1           

        CLASS   BIGRAM         

        CLASS   RAM            

        CLASS   BANK0          
                cstackBANK0                          80       80        A         1

        CLASS   BANK1          

        CLASS   BANK2          

        CLASS   BANK3          

        CLASS   BANK4          

        CLASS   BANK5          

        CLASS   BANK6          

        CLASS   BANK7          

        CLASS   BANK8          

        CLASS   BANK9          

        CLASS   BANK10         

        CLASS   BANK11         

        CLASS   BANK12         

        CLASS   BANK13         

        CLASS   BANK14         

        CLASS   BANK15         

        CLASS   SFR            

        CLASS   FARRAM         

        CLASS   CONFIG         
                config                           300000   300000        E         0

        CLASS   IDLOC          
                idloc                            200000   200000        8         0

        CLASS   EEDATA         



SEGMENTS        Name                           Load    Length   Top    Selector   Space  Class

                reset_vec                      000000  000004  000004         0       0  CODE    
                cstackCOMRAM                   000001  000067  000068         1       1  COMRAM  
                intcode                        000008  00000A  000012         4       0  CODE    
                cstackBANK0                    000080  00000A  00008A        80       1  BANK0   
                smallconst                     001000  0000D6  0010D6       800       0  SMALLCON
                text24                         0010D6  001586  00265C       86B       0  CODE    
                idloc                          200000  000008  200008    200000       0  IDLOC   
                config                         300000  00000E  30000E    300000       0  CONFIG  


UNUSED ADDRESS RANGES

        Name                Unused          Largest block    Delta
        BANK0            00008A-0000FF               76
        BANK1            000100-0001FF              100
        BANK10           000A00-000AFF              100
        BANK11           000B00-000BFF              100
        BANK12           000C00-000CFF              100
        BANK13           000D00-000DFF              100
        BANK14           000E00-000EFF              100
        BANK15           000F00-000F7F               80
        BANK2            000200-0002FF              100
        BANK3            000300-0003FF              100
        BANK4            000400-0004FF              100
        BANK5            000500-0005FF              100
        BANK6            000600-0006FF              100
        BANK7            000700-0007FF              100
        BANK8            000800-0008FF              100
        BANK9            000900-0009FF              100
        BIGRAM           000068-00007F               18
                         00008A-000F7F              EF6
        CODE             000004-000007                4
                         000012-000FFF              FEE
                         00265C-00FFFF             D9A4
        COMRAM           000068-00007F               18
        CONST            000004-000007                4
                         000012-000FFF              FEE
                         00265C-00FFFF             D9A4
        EEDATA           F00000-F003FF              400
        MEDIUMCONST      00265C-00FFFF             D9A4
        RAM              00008A-000F7F              100
        SFR              000F80-000FFF               80
        SMALLCONST       00265C-00FFFF              100
        STACK            00008A-000F7F              EF6

                                  Symbol Table

?___lldiv                      cstackCOMRAM 000019
?___lwdiv                      cstackCOMRAM 000019
?___lwmod                      cstackCOMRAM 000020
?___wmul                       cstackCOMRAM 000019
?_printf                       cstackCOMRAM 000025
?_readLightSensor              cstackCOMRAM 00003B
?_sense_can                    cstackCOMRAM 00001F
I2C_Master_Init@c              cstackCOMRAM 000026
I2C_Master_Read@a              cstackCOMRAM 00001A
I2C_Master_Read@temp           cstackCOMRAM 00001B
I2C_Master_Write@d             cstackCOMRAM 00001A
_ACKDT                         (abs)        007E2D
_ACKEN                         (abs)        007E2C
_ADCON0                        (abs)        000FC2
_ADCON0bits                    (abs)        000FC2
_ADCON1                        (abs)        000FC1
_ADCON2                        (abs)        000FC0
_ADON                          (abs)        007E10
_ADRESH                        (abs)        000FC4
_ADRESL                        (abs)        000FC3
_I2C_Master_Init               text13       0021F0
_I2C_Master_Read               text19       00252A
_I2C_Master_Start              text18       002644
_I2C_Master_Stop               text17       00263C
_I2C_Master_Wait               text20       0025D4
_I2C_Master_Write              text16       002628
_INT1IE                        (abs)        007F83
_INT1IF                        (abs)        007F80
_INTCONbits                    (abs)        000FF2
_LATA                          (abs)        000F89
_LATAbits                      (abs)        000F89
_LATB                          (abs)        000F8A
_LATBbits                      (abs)        000F8A
_LATC                          (abs)        000F8B
_LATCbits                      (abs)        000F8B
_LATD                          (abs)        000F8C
_LATDbits                      (abs)        000F8C
_LATE                          (abs)        000F8D
_LATEbits                      (abs)        000F8D
_PEN                           (abs)        007E2A
_PORTB                         (abs)        000F81
_PORTBbits                     (abs)        000F81
_RCEN                          (abs)        007E2B
_RSEN                          (abs)        007E29
_SEN                           (abs)        007E28
_SSPADD                        (abs)        000FC8
_SSPBUF                        (abs)        000FC9
_SSPCON1                       (abs)        000FC6
_SSPCON2                       (abs)        000FC5
_SSPSTAT                       (abs)        000FC7
_TRISA                         (abs)        000F92
_TRISB                         (abs)        000F93
_TRISC                         (abs)        000F94
_TRISC3                        (abs)        007CA3
_TRISC4                        (abs)        007CA4
_TRISD                         (abs)        000F95
_TRISE                         (abs)        000F96
__CFG_BOREN$SBORDIS            (abs)        000000
__CFG_BORV$3                   (abs)        000000
__CFG_CCP2MX$PORTC             (abs)        000000
__CFG_CP0$OFF                  (abs)        000000
__CFG_CP1$OFF                  (abs)        000000
__CFG_CP2$OFF                  (abs)        000000
__CFG_CP3$OFF                  (abs)        000000
__CFG_CPB$OFF                  (abs)        000000
__CFG_CPD$OFF                  (abs)        000000
__CFG_EBTR0$OFF                (abs)        000000
__CFG_EBTR1$OFF                (abs)        000000
__CFG_EBTR2$OFF                (abs)        000000
__CFG_EBTR3$OFF                (abs)        000000
__CFG_EBTRB$OFF                (abs)        000000
__CFG_FCMEN$OFF                (abs)        000000
__CFG_IESO$OFF                 (abs)        000000
__CFG_LPT1OSC$OFF              (abs)        000000
__CFG_LVP$OFF                  (abs)        000000
__CFG_MCLRE$ON                 (abs)        000000
__CFG_OSC$HS                   (abs)        000000
__CFG_PBADEN$ON                (abs)        000000
__CFG_PWRT$OFF                 (abs)        000000
__CFG_STVREN$ON                (abs)        000000
__CFG_WDT$OFF                  (abs)        000000
__CFG_WDTPS$32768              (abs)        000000
__CFG_WRT0$OFF                 (abs)        000000
__CFG_WRT1$OFF                 (abs)        000000
__CFG_WRT2$OFF                 (abs)        000000
__CFG_WRT3$OFF                 (abs)        000000
__CFG_WRTB$OFF                 (abs)        000000
__CFG_WRTC$OFF                 (abs)        000000
__CFG_WRTD$OFF                 (abs)        000000
__CFG_XINST$OFF                (abs)        000000
__HRAM                         (abs)        000000
__Habs1                        abs1         000000
__Hbank0                       bank0        000000
__Hbank1                       bank1        000000
__Hbank10                      bank10       000000
__Hbank11                      bank11       000000
__Hbank12                      bank12       000000
__Hbank13                      bank13       000000
__Hbank14                      bank14       000000
__Hbank15                      bank15       000000
__Hbank2                       bank2        000000
__Hbank3                       bank3        000000
__Hbank4                       bank4        000000
__Hbank5                       bank5        000000
__Hbank6                       bank6        000000
__Hbank7                       bank7        000000
__Hbank8                       bank8        000000
__Hbank9                       bank9        000000
__Hbigbss                      bigbss       000000
__Hbigdata                     bigdata      000000
__Hbigram                      bigram       000000
__Hbss                         bss          000000
__HbssCOMRAM                   bssCOMRAM    000000
__Hcinit                       cinit        000000
__Hclrtext                     clrtext      000000
__Hcomram                      comram       000000
__Hconfig                      config       30000E
__Hconst                       const        000000
__HcstackBANK0                 cstackBANK0  000000
__HcstackCOMRAM                cstackCOMRAM 000000
__Hdata                        data         000000
__Heeprom_data                 eeprom_data  000000
__Hfarbss                      farbss       000000
__Hfardata                     fardata      000000
__Hibigdata                    ibigdata     000000
__Hidata                       idata        000000
__Hidloc                       idloc        200008
__Hifardata                    ifardata     000000
__Hinit                        init         000012
__Hintcode                     intcode      00000E
__Hintcode_body                intcode_body 000000
__Hintcodelo                   intcodelo    00000E
__Hintentry                    intentry     000000
__Hintret                      intret       000000
__Hintsave_regs                intsave_regs 000000
__Hirdata                      irdata       000000
__Hmediumconst                 mediumconst  000000
__HnvFARRAM                    nvFARRAM     000000
__Hnvbit                       nvbit        000000
__Hnvrram                      nvrram       000000
__Hparam                       rparam       000000
__Hpowerup                     powerup      00000E
__Hram                         ram          000000
__Hramtop                      ramtop       001000
__Hrbit                        rbit         000000
__Hrbss                        rbss         000000
__Hrdata                       rdata        000000
__Hreset_vec                   reset_vec    000004
__Hrparam                      rparam       000000
__Hsfr                         sfr          000000
__Hsmallconst                  smallconst   0010D6
__Hspace_0                     (abs)        30000E
__Hspace_1                     (abs)        00008A
__Hspace_2                     (abs)        000000
__Hstack                       stack        000000
__Hstruct                      struct       000000
__Htemp                        temp         000068
__Htext                        text         000000
__Htext0                       text0        000000
__Htext1                       text1        000000
__Htext10                      text10       000000
__Htext11                      text11       000000
__Htext12                      text12       000000
__Htext13                      text13       000000
__Htext14                      text14       000000
__Htext15                      text15       000000
__Htext16                      text16       000000
__Htext17                      text17       000000
__Htext18                      text18       000000
__Htext19                      text19       000000
__Htext2                       text2        000000
__Htext20                      text20       000000
__Htext21                      text21       000000
__Htext22                      text22       000000
__Htext23                      text23       000000
__Htext24                      text24       000000
__Htext25                      text25       000000
__Htext26                      text26       000000
__Htext27                      text27       000000
__Htext28                      text28       000000
__Htext29                      text29       000000
__Htext3                       text3        000000
__Htext30                      text30       000000
__Htext31                      text31       000000
__Htext33                      text33       000000
__Htext34                      text34       000000
__Htext35                      text35       000000
__Htext36                      text36       000000
__Htext37                      text37       000000
__Htext38                      text38       000000
__Htext39                      text39       000000
__Htext4                       text4        000000
__Htext40                      text40       000000
__Htext41                      text41       000000
__Htext5                       text5        000000
__Htext6                       text6        000000
__Htext7                       text7        000000
__Htext8                       text8        000000
__Htext9                       text9        000000
__LRAM                         (abs)        000001
__Labs1                        abs1         000000
__Lbank0                       bank0        000000
__Lbank1                       bank1        000000
__Lbank10                      bank10       000000
__Lbank11                      bank11       000000
__Lbank12                      bank12       000000
__Lbank13                      bank13       000000
__Lbank14                      bank14       000000
__Lbank15                      bank15       000000
__Lbank2                       bank2        000000
__Lbank3                       bank3        000000
__Lbank4                       bank4        000000
__Lbank5                       bank5        000000
__Lbank6                       bank6        000000
__Lbank7                       bank7        000000
__Lbank8                       bank8        000000
__Lbank9                       bank9        000000
__Lbigbss                      bigbss       000000
__Lbigdata                     bigdata      000000
__Lbigram                      bigram       000000
__Lbss                         bss          000000
__LbssCOMRAM                   bssCOMRAM    000000
__Lcinit                       cinit        000000
__Lclrtext                     clrtext      000000
__Lcomram                      comram       000000
__Lconfig                      config       300000
__Lconst                       const        000000
__LcstackBANK0                 cstackBANK0  000000
__LcstackCOMRAM                cstackCOMRAM 000000
__Ldata                        data         000000
__Leeprom_data                 eeprom_data  000000
__Lfarbss                      farbss       000000
__Lfardata                     fardata      000000
__Libigdata                    ibigdata     000000
__Lidata                       idata        000000
__Lidloc                       idloc        200000
__Lifardata                    ifardata     000000
__Linit                        init         00000E
__Lintcode                     intcode      000008
__Lintcode_body                intcode_body 000000
__Lintcodelo                   intcodelo    00000E
__Lintentry                    intentry     000000
__Lintret                      intret       000000
__Lintsave_regs                intsave_regs 000000
__Lirdata                      irdata       000000
__Lmediumconst                 mediumconst  000000
__LnvFARRAM                    nvFARRAM     000000
__Lnvbit                       nvbit        000000
__Lnvrram                      nvrram       000000
__Lparam                       rparam       000000
__Lpowerup                     powerup      00000E
__Lram                         ram          000000
__Lramtop                      ramtop       001000
__Lrbit                        rbit         000000
__Lrbss                        rbss         000000
__Lrdata                       rdata        000000
__Lreset_vec                   reset_vec    000000
__Lrparam                      rparam       000000
__Lsfr                         sfr          000000
__Lsmallconst                  smallconst   001000
__Lspace_0                     (abs)        000000
__Lspace_1                     (abs)        000000
__Lspace_2                     (abs)        000000
__Lstack                       stack        000000
__Lstruct                      struct       000000
__Ltemp                        temp         000067
__Ltext                        text         000000
__Ltext0                       text0        000000
__Ltext1                       text1        000000
__Ltext10                      text10       000000
__Ltext11                      text11       000000
__Ltext12                      text12       000000
__Ltext13                      text13       000000
__Ltext14                      text14       000000
__Ltext15                      text15       000000
__Ltext16                      text16       000000
__Ltext17                      text17       000000
__Ltext18                      text18       000000
__Ltext19                      text19       000000
__Ltext2                       text2        000000
__Ltext20                      text20       000000
__Ltext21                      text21       000000
__Ltext22                      text22       000000
__Ltext23                      text23       000000
__Ltext24                      text24       000000
__Ltext25                      text25       000000
__Ltext26                      text26       000000
__Ltext27                      text27       000000
__Ltext28                      text28       000000
__Ltext29                      text29       000000
__Ltext3                       text3        000000
__Ltext30                      text30       000000
__Ltext31                      text31       000000
__Ltext33                      text33       000000
__Ltext34                      text34       000000
__Ltext35                      text35       000000
__Ltext36                      text36       000000
__Ltext37                      text37       000000
__Ltext38                      text38       000000
__Ltext39                      text39       000000
__Ltext4                       text4        000000
__Ltext40                      text40       000000
__Ltext41                      text41       000000
__Ltext5                       text5        000000
__Ltext6                       text6        000000
__Ltext7                       text7        000000
__Ltext8                       text8        000000
__Ltext9                       text9        000000
__S0                           (abs)        30000E
__S1                           (abs)        00008A
__S2                           (abs)        000000
___inthi_sp                    stack        000000
___intlo_sp                    stack        000000
___lldiv                       text14       00208C
___lldiv@counter               cstackCOMRAM 000025
___lldiv@dividend              cstackCOMRAM 000019
___lldiv@divisor               cstackCOMRAM 00001D
___lldiv@quotient              cstackCOMRAM 000021
___lwdiv                       text29       0023A2
___lwdiv@counter               cstackCOMRAM 00001D
___lwdiv@dividend              cstackCOMRAM 000019
___lwdiv@divisor               cstackCOMRAM 00001B
___lwdiv@quotient              cstackCOMRAM 00001E
___lwmod                       text28       002480
___lwmod@counter               cstackCOMRAM 000024
___lwmod@dividend              cstackCOMRAM 000020
___lwmod@divisor               cstackCOMRAM 000022
___param_bank                  (abs)        000000
___rparam_used                 (abs)        000001
___sp                          stack        000000
___wmul                        text27       002550
___wmul@multiplicand           cstackCOMRAM 00001B
___wmul@multiplier             cstackCOMRAM 000019
___wmul@product                cstackCOMRAM 00001D
__accesstop                    (abs)        000080
__activetblptr                 (abs)        000002
__end_of_I2C_Master_Init       text13       00224A
__end_of_I2C_Master_Read       text19       002550
__end_of_I2C_Master_Start      text18       00264C
__end_of_I2C_Master_Stop       text17       002644
__end_of_I2C_Master_Wait       text20       0025E6
__end_of_I2C_Master_Write      text16       002632
__end_of___lldiv               text14       00210E
__end_of___lwdiv               text29       0023F4
__end_of___lwmod               text28       0024C2
__end_of___wmul                text27       002576
__end_of__initialization       cinit        0025C6
__end_of_debug                 text22       002502
__end_of_display_sorting_time  text21       0022A4
__end_of_display_time          text15       001CDA
__end_of_dpowers               smallconst   00101C
__end_of_gate                  text8        0023A2
__end_of_get_time              text7        001E88
__end_of_hexpowers             smallconst   001024
__end_of_initLCD               text12       002480
__end_of_initPIC               text9        00208C
__end_of_interrupt_handler     intcode_body 0019E6
__end_of_isdigit               text26       0025BA
__end_of_keys                  smallconst   001012
__end_of_lcdInst               text30       002610
__end_of_lcdNibble             text31       0022FA
__end_of_main                  text0        00243A
__end_of_main_servo_control    text11       001DB8
__end_of_move_can              text6        0018D2
__end_of_printf                text24       0013E2
__end_of_putch                 text25       002604
__end_of_readADC               text23       00252A
__end_of_readLightSensor       text5        001FFE
__end_of_sense_can             text4        00169C
__end_of_shaker                text3        0021F0
__end_of_side_servo_control    text10       001BEA
__end_of_sort                  text2        001AF6
__end_of_timeSetter            smallconst   00102B
__end_of_welcome               text1        00218C
__end_ofi2_I2C_Master_Read     text40       00259C
__end_ofi2_I2C_Master_Start    text39       00265C
__end_ofi2_I2C_Master_Stop     text38       002654
__end_ofi2_I2C_Master_Wait     text41       0025F8
__end_ofi2_I2C_Master_Write    text37       00263C
__end_ofi2_get_time            text36       001F58
__end_ofi2_lcdInst             text34       002628
__end_ofi2_lcdNibble           text35       002350
__end_ofi2_putch               text33       00261C
__initialization               cinit        0025BA
__mediumconst                  mediumconst  000000
__pbssCOMRAM                   bssCOMRAM    000044
__pcinit                       cinit        0025BA
__pcstackBANK0                 cstackBANK0  000080
__pcstackCOMRAM                cstackCOMRAM 000001
__pintcode                     intcode      000008
__pintcode_body                intcode_body 0018D2
__psmallconst                  smallconst   001000
__ptext0                       text0        0023F4
__ptext1                       text1        00210E
__ptext10                      text10       001AF6
__ptext11                      text11       001CDA
__ptext12                      text12       00243A
__ptext13                      text13       0021F0
__ptext14                      text14       00208C
__ptext15                      text15       001BEA
__ptext16                      text16       002628
__ptext17                      text17       00263C
__ptext18                      text18       002644
__ptext19                      text19       00252A
__ptext2                       text2        0019E6
__ptext20                      text20       0025D4
__ptext21                      text21       00224A
__ptext22                      text22       0024C2
__ptext23                      text23       002502
__ptext24                      text24       0010D6
__ptext25                      text25       0025F8
__ptext26                      text26       00259C
__ptext27                      text27       002550
__ptext28                      text28       002480
__ptext29                      text29       0023A2
__ptext3                       text3        00218C
__ptext30                      text30       002604
__ptext31                      text31       0022A4
__ptext33                      text33       002610
__ptext34                      text34       00261C
__ptext35                      text35       0022FA
__ptext36                      text36       001E88
__ptext37                      text37       002632
__ptext38                      text38       00264C
__ptext39                      text39       002654
__ptext4                       text4        0013E2
__ptext40                      text40       002576
__ptext41                      text41       0025E6
__ptext5                       text5        001F58
__ptext6                       text6        00169C
__ptext7                       text7        001DB8
__ptext8                       text8        002350
__ptext9                       text9        001FFE
__ramtop                       ramtop       001000
__size_of_I2C_Master_Init      (abs)        000000
__size_of_I2C_Master_Read      (abs)        000000
__size_of_I2C_Master_Start     (abs)        000000
__size_of_I2C_Master_Stop      (abs)        000000
__size_of_I2C_Master_Wait      (abs)        000000
__size_of_I2C_Master_Write     (abs)        000000
__size_of___lldiv              (abs)        000000
__size_of___lwdiv              (abs)        000000
__size_of___lwmod              (abs)        000000
__size_of___wmul               (abs)        000000
__size_of_debug                (abs)        000000
__size_of_display_sorting_time (abs)        000000
__size_of_display_time         (abs)        000000
__size_of_gate                 (abs)        000000
__size_of_get_time             (abs)        000000
__size_of_initLCD              (abs)        000000
__size_of_initPIC              (abs)        000000
__size_of_interrupt_handler    (abs)        000000
__size_of_isdigit              (abs)        000000
__size_of_lcdInst              (abs)        000000
__size_of_lcdNibble            (abs)        000000
__size_of_main                 (abs)        000000
__size_of_main_servo_control   (abs)        000000
__size_of_move_can             (abs)        000000
__size_of_printf               (abs)        000000
__size_of_putch                (abs)        000000
__size_of_readADC              (abs)        000000
__size_of_readLightSensor      (abs)        000000
__size_of_sense_can            (abs)        000000
__size_of_shaker               (abs)        000000
__size_of_side_servo_control   (abs)        000000
__size_of_sort                 (abs)        000000
__size_of_welcome              (abs)        000000
__size_ofi2_I2C_Master_Read    (abs)        000000
__size_ofi2_I2C_Master_Start   (abs)        000000
__size_ofi2_I2C_Master_Stop    (abs)        000000
__size_ofi2_I2C_Master_Wait    (abs)        000000
__size_ofi2_I2C_Master_Write   (abs)        000000
__size_ofi2_get_time           (abs)        000000
__size_ofi2_lcdInst            (abs)        000000
__size_ofi2_lcdNibble          (abs)        000000
__size_ofi2_putch              (abs)        000000
__smallconst                   smallconst   001000
_debug                         text22       0024C2
_display_sorting_time          text21       00224A
_display_time                  text15       001BEA
_dpowers                       smallconst   001012
_end_time                      bssCOMRAM    000059
_flag                          bssCOMRAM    000055
_gate                          text8        002350
_get_time                      text7        001DB8
_hexpowers                     smallconst   00101C
_initLCD                       text12       00243A
_initPIC                       text9        001FFE
_interrupt_handler             intcode      000008
_isdigit                       text26       00259C
_isdigit$1112                  cstackCOMRAM 00001A
_keys                          smallconst   001001
_lcdInst                       text30       002604
_lcdNibble                     text31       0022A4
_main                          text0        0023F4
_main_servo_control            text11       001CDA
_mode                          bssCOMRAM    000058
_move_can                      text6        00169C
_passed_time                   bssCOMRAM    000057
_pop_can_no_tap                bssCOMRAM    000051
_pop_can_tap                   bssCOMRAM    000053
_printf                        text24       0010D6
_putch                         text25       0025F8
_readADC                       text23       002502
_readLightSensor               text5        001F58
_sense_can                     text4        0013E2
_shaker                        text3        00218C
_side_servo_control            text10       001AF6
_sort                          text2        0019E6
_soup_can_label                bssCOMRAM    00004F
_soup_can_no_label             bssCOMRAM    00004D
_start_time                    bssCOMRAM    000060
_time                          bssCOMRAM    000044
_timeSetter                    smallconst   001024
_total_count                   bssCOMRAM    00004B
_welcome                       text1        00210E
btemp                          temp         000067
debug@i                        cstackCOMRAM 00003C
display_sorting_time@i         cstackCOMRAM 00003D
display_time@i                 cstackCOMRAM 00003D
end_of_initialization          cinit        0025C6
get_time@datime                cstackCOMRAM 00001C
get_time@i                     cstackCOMRAM 00001F
i2I2C_Master_Read@a            cstackCOMRAM 000002
i2I2C_Master_Read@temp         cstackCOMRAM 000003
i2I2C_Master_Write@d           cstackCOMRAM 000002
i2_I2C_Master_Read             text40       002576
i2_I2C_Master_Start            text39       002654
i2_I2C_Master_Stop             text38       00264C
i2_I2C_Master_Wait             text41       0025E6
i2_I2C_Master_Write            text37       002632
i2_get_time                    text36       001E88
i2_lcdInst                     text34       00261C
i2_lcdNibble                   text35       0022FA
i2_putch                       text33       002610
i2get_time@datime              cstackCOMRAM 000004
i2get_time@i                   cstackCOMRAM 000007
i2lcdInst@data                 cstackCOMRAM 000003
i2lcdNibble@data               cstackCOMRAM 000002
i2lcdNibble@temp               cstackCOMRAM 000001
i2putch@data                   cstackCOMRAM 000003
int$flags                      temp         000067
int_func                       intcode_body 0018D2
interrupt_handler@keypress     cstackCOMRAM 000018
intlevel0                      text         000000
intlevel1                      text         000000
intlevel2                      text         000000
intlevel3                      text         000000
isdigit@c                      cstackCOMRAM 00001B
lcdInst@data                   cstackCOMRAM 00001B
lcdNibble@data                 cstackCOMRAM 00001A
lcdNibble@temp                 cstackCOMRAM 000019
main_servo_control@dir         cstackCOMRAM 000019
main_servo_control@i           cstackCOMRAM 00001C
move_can@canType               cstackCOMRAM 00001F
move_can@i                     cstackCOMRAM 000023
move_can@i_636                 cstackCOMRAM 000025
move_can@i_637                 cstackCOMRAM 000027
move_can@i_638                 cstackCOMRAM 000029
printf@ap                      cstackCOMRAM 000032
printf@c                       cstackCOMRAM 00003A
printf@f                       cstackCOMRAM 000025
printf@flag                    cstackCOMRAM 000037
printf@idx                     cstackCOMRAM 000031
printf@prec                    cstackCOMRAM 000034
printf@val                     cstackCOMRAM 000035
printf@width                   cstackCOMRAM 000038
putch@data                     cstackCOMRAM 00001B
readADC@channel                cstackCOMRAM 00001A
readLightSensor@H_max          cstackCOMRAM 000042
readLightSensor@i              cstackCOMRAM 000040
sense_can@H_max                cstackCOMRAM 000030
sense_can@cansize              cstackCOMRAM 000024
sense_can@conductOnFall        cstackCOMRAM 000026
sense_can@i                    cstackCOMRAM 000028
sense_can@i_350                cstackCOMRAM 00002A
sense_can@i_351                cstackCOMRAM 00002C
sense_can@i_352                cstackCOMRAM 00002E
shaker@i                       cstackCOMRAM 00001A
side_servo_control@dir         cstackCOMRAM 000019
side_servo_control@i           cstackCOMRAM 00001D
sort@can                       cstackBANK0  000088
sort@noLabel                   cstackBANK0  000086
sort@tap                       cstackBANK0  000082
sort@tin                       cstackBANK0  000084
stackhi                        (abs)        000F7F
stacklo                        (abs)        00008A
start                          init         00000E
start_initialization           cinit        0025BA


FUNCTION INFORMATION:

 *************** function _main *****************
 Defined at:
		line 21 in file "main.c"
 Parameters:    Size  Location     Type
		None
 Auto vars:     Size  Location     Type
		None
 Return value:  Size  Location     Type
                  1    wreg      void 
 Registers used:
		wreg, fsr1l, fsr1h, fsr2l, fsr2h, status,2, status,0, tblptrl, tblptrh, tblptru, prodl, prodh, cstack
 Tracked objects:
		On entry : 
		On exit  : 
		Unchanged: 
 Data sizes:     COMRAM   BANK0   BANK1   BANK2   BANK3   BANK4   BANK5   BANK6   BANK7   BANK8   BANK9  BANK10  BANK11  BANK12  BANK13  BANK14  BANK15
      Params:         0       0       0       0       0       0       0       0       0       0       0       0       0       0       0       0       0
      Locals:         0       0       0       0       0       0       0       0       0       0       0       0       0       0       0       0       0
      Temps:          0       0       0       0       0       0       0       0       0       0       0       0       0       0       0       0       0
      Totals:         0       0       0       0       0       0       0       0       0       0       0       0       0       0       0       0       0
Total ram usage:        0 bytes
 Hardware stack levels required when called:    9
 This function calls:
		_debug
		_display_sorting_time
		_display_time
		_initPIC
		_sort
		_welcome
 This function is called by:
		Startup code after reset
 This function uses a non-reentrant model


 *************** function _welcome *****************
 Defined at:
		line 20 in file "picState.c"
 Parameters:    Size  Location     Type
		None
 Auto vars:     Size  Location     Type
		None
 Return value:  Size  Location     Type
                  2   86[None  ] int 
 Registers used:
		wreg, fsr2l, fsr2h, status,2, status,0, tblptrl, tblptrh, tblptru, prodl, prodh, cstack
 Tracked objects:
		On entry : 
		On exit  : 
		Unchanged: 
 Data sizes:     COMRAM   BANK0   BANK1   BANK2   BANK3   BANK4   BANK5   BANK6   BANK7   BANK8   BANK9  BANK10  BANK11  BANK12  BANK13  BANK14  BANK15
      Params:         0       0       0       0       0       0       0       0       0       0       0       0       0       0       0       0       0
      Locals:         0       0       0       0       0       0       0       0       0       0       0       0       0       0       0       0       0
      Temps:          2       0       0       0       0       0       0       0       0       0       0       0       0       0       0       0       0
      Totals:         2       0       0       0       0       0       0       0       0       0       0       0       0       0       0       0       0
Total ram usage:        2 bytes
 Hardware stack levels used:    1
 Hardware stack levels required when called:    7
 This function calls:
		_lcdInst
		_printf
 This function is called by:
		_main
 This function uses a non-reentrant model


 *************** function _sort *****************
 Defined at:
		line 86 in file "picState.c"
 Parameters:    Size  Location     Type
		None
 Auto vars:     Size  Location     Type
  can             2    8[BANK0 ] int 
  noLabel         2    6[BANK0 ] int 
  tin             2    4[BANK0 ] int 
  tap             2    2[BANK0 ] int 
 Return value:  Size  Location     Type
                  2   90[None  ] int 
 Registers used:
		wreg, fsr1l, fsr1h, fsr2l, fsr2h, status,2, status,0, tblptrl, tblptrh, tblptru, prodl, prodh, cstack
 Tracked objects:
		On entry : 
		On exit  : 
		Unchanged: 
 Data sizes:     COMRAM   BANK0   BANK1   BANK2   BANK3   BANK4   BANK5   BANK6   BANK7   BANK8   BANK9  BANK10  BANK11  BANK12  BANK13  BANK14  BANK15
      Params:         0       0       0       0       0       0       0       0       0       0       0       0       0       0       0       0       0
      Locals:         0       8       0       0       0       0       0       0       0       0       0       0       0       0       0       0       0
      Temps:          0       2       0       0       0       0       0       0       0       0       0       0       0       0       0       0       0
      Totals:         0      10       0       0       0       0       0       0       0       0       0       0       0       0       0       0       0
Total ram usage:       10 bytes
 Hardware stack levels used:    1
 Hardware stack levels required when called:    8
 This function calls:
		_gate
		_get_time
		_lcdInst
		_main_servo_control
		_move_can
		_printf
		_readLightSensor
		_sense_can
		_shaker
		_side_servo_control
 This function is called by:
		_main
 This function uses a non-reentrant model


 *************** function _shaker *****************
 Defined at:
		line 18 in file "motor.c"
 Parameters:    Size  Location     Type
		None
 Auto vars:     Size  Location     Type
  i               2   25[COMRAM] int 
 Return value:  Size  Location     Type
                  1    wreg      void 
 Registers used:
		wreg, status,2, status,0
 Tracked objects:
		On entry : 
		On exit  : 
		Unchanged: 
 Data sizes:     COMRAM   BANK0   BANK1   BANK2   BANK3   BANK4   BANK5   BANK6   BANK7   BANK8   BANK9  BANK10  BANK11  BANK12  BANK13  BANK14  BANK15
      Params:         0       0       0       0       0       0       0       0       0       0       0       0       0       0       0       0       0
      Locals:         2       0       0       0       0       0       0       0       0       0       0       0       0       0       0       0       0
      Temps:          1       0       0       0       0       0       0       0       0       0       0       0       0       0       0       0       0
      Totals:         3       0       0       0       0       0       0       0       0       0       0       0       0       0       0       0       0
Total ram usage:        3 bytes
 Hardware stack levels used:    1
 Hardware stack levels required when called:    4
 This function calls:
		Nothing
 This function is called by:
		_sort
 This function uses a non-reentrant model


 *************** function _sense_can *****************
 Defined at:
		line 31 in file "adc.c"
 Parameters:    Size  Location     Type
		None
 Auto vars:     Size  Location     Type
  i               2   45[COMRAM] int 
  i               2   43[COMRAM] int 
  i               2   41[COMRAM] int 
  i               2   39[COMRAM] int 
  H_max           2   47[COMRAM] int 
  conductOnFal    2   37[COMRAM] int 
  cansize         2   35[COMRAM] int 
 Return value:  Size  Location     Type
                  2   30[COMRAM] int 
 Registers used:
		wreg, status,2, status,0, cstack
 Tracked objects:
		On entry : 
		On exit  : 
		Unchanged: 
 Data sizes:     COMRAM   BANK0   BANK1   BANK2   BANK3   BANK4   BANK5   BANK6   BANK7   BANK8   BANK9  BANK10  BANK11  BANK12  BANK13  BANK14  BANK15
      Params:         2       0       0       0       0       0       0       0       0       0       0       0       0       0       0       0       0
      Locals:        14       0       0       0       0       0       0       0       0       0       0       0       0       0       0       0       0
      Temps:          3       0       0       0       0       0       0       0       0       0       0       0       0       0       0       0       0
      Totals:        19       0       0       0       0       0       0       0       0       0       0       0       0       0       0       0       0
Total ram usage:       19 bytes
 Hardware stack levels used:    1
 Hardware stack levels required when called:    5
 This function calls:
		_main_servo_control
		_readADC
		_side_servo_control
 This function is called by:
		_sort
 This function uses a non-reentrant model


 *************** function _readLightSensor *****************
 Defined at:
		line 158 in file "adc.c"
 Parameters:    Size  Location     Type
		None
 Auto vars:     Size  Location     Type
  H_max           2   65[COMRAM] int 
  i               2   63[COMRAM] int 
 Return value:  Size  Location     Type
                  2   58[COMRAM] int 
 Registers used:
		wreg, fsr2l, fsr2h, status,2, status,0, tblptrl, tblptrh, tblptru, prodl, prodh, cstack
 Tracked objects:
		On entry : 
		On exit  : 
		Unchanged: 
 Data sizes:     COMRAM   BANK0   BANK1   BANK2   BANK3   BANK4   BANK5   BANK6   BANK7   BANK8   BANK9  BANK10  BANK11  BANK12  BANK13  BANK14  BANK15
      Params:         2       0       0       0       0       0       0       0       0       0       0       0       0       0       0       0       0
      Locals:         4       0       0       0       0       0       0       0       0       0       0       0       0       0       0       0       0
      Temps:          3       0       0       0       0       0       0       0       0       0       0       0       0       0       0       0       0
      Totals:         9       0       0       0       0       0       0       0       0       0       0       0       0       0       0       0       0
Total ram usage:        9 bytes
 Hardware stack levels used:    1
 Hardware stack levels required when called:    7
 This function calls:
		_lcdInst
		_printf
		_readADC
 This function is called by:
		_sort
 This function uses a non-reentrant model


 *************** function _move_can *****************
 Defined at:
		line 79 in file "servo.c"
 Parameters:    Size  Location     Type
  canType         2   30[COMRAM] int 
 Auto vars:     Size  Location     Type
  i               2   40[COMRAM] int 
  i               2   38[COMRAM] int 
  i               2   36[COMRAM] int 
  i               2   34[COMRAM] int 
 Return value:  Size  Location     Type
                  1    wreg      void 
 Registers used:
		wreg, status,2, status,0, cstack
 Tracked objects:
		On entry : 
		On exit  : 
		Unchanged: 
 Data sizes:     COMRAM   BANK0   BANK1   BANK2   BANK3   BANK4   BANK5   BANK6   BANK7   BANK8   BANK9  BANK10  BANK11  BANK12  BANK13  BANK14  BANK15
      Params:         2       0       0       0       0       0       0       0       0       0       0       0       0       0       0       0       0
      Locals:         8       0       0       0       0       0       0       0       0       0       0       0       0       0       0       0       0
      Temps:          2       0       0       0       0       0       0       0       0       0       0       0       0       0       0       0       0
      Totals:        12       0       0       0       0       0       0       0       0       0       0       0       0       0       0       0       0
Total ram usage:       12 bytes
 Hardware stack levels used:    1
 Hardware stack levels required when called:    5
 This function calls:
		_main_servo_control
		_side_servo_control
 This function is called by:
		_sort
 This function uses a non-reentrant model


 *************** function _get_time *****************
 Defined at:
		line 39 in file "time.c"
 Parameters:    Size  Location     Type
  datime          2   27[COMRAM] PTR unsigned char 
		 -> end_time(7), start_time(7), 
 Auto vars:     Size  Location     Type
  i               2   30[COMRAM] int 
 Return value:  Size  Location     Type
                  1    wreg      void 
 Registers used:
		wreg, fsr1l, fsr1h, fsr2l, fsr2h, status,2, status,0, prodl, prodh, cstack
 Tracked objects:
		On entry : 
		On exit  : 
		Unchanged: 
 Data sizes:     COMRAM   BANK0   BANK1   BANK2   BANK3   BANK4   BANK5   BANK6   BANK7   BANK8   BANK9  BANK10  BANK11  BANK12  BANK13  BANK14  BANK15
      Params:         2       0       0       0       0       0       0       0       0       0       0       0       0       0       0       0       0
      Locals:         2       0       0       0       0       0       0       0       0       0       0       0       0       0       0       0       0
      Temps:          1       0       0       0       0       0       0       0       0       0       0       0       0       0       0       0       0
      Totals:         5       0       0       0       0       0       0       0       0       0       0       0       0       0       0       0       0
Total ram usage:        5 bytes
 Hardware stack levels used:    1
 Hardware stack levels required when called:    6
 This function calls:
		_I2C_Master_Read
		_I2C_Master_Start
		_I2C_Master_Stop
		_I2C_Master_Write
 This function is called by:
		_sort
 This function uses a non-reentrant model


 *************** function _gate *****************
 Defined at:
		line 133 in file "servo.c"
 Parameters:    Size  Location     Type
		None
 Auto vars:     Size  Location     Type
  i               2    0        int 
 Return value:  Size  Location     Type
                  1    wreg      void 
 Registers used:
		wreg
 Tracked objects:
		On entry : 
		On exit  : 
		Unchanged: 
 Data sizes:     COMRAM   BANK0   BANK1   BANK2   BANK3   BANK4   BANK5   BANK6   BANK7   BANK8   BANK9  BANK10  BANK11  BANK12  BANK13  BANK14  BANK15
      Params:         0       0       0       0       0       0       0       0       0       0       0       0       0       0       0       0       0
      Locals:         0       0       0       0       0       0       0       0       0       0       0       0       0       0       0       0       0
      Temps:          1       0       0       0       0       0       0       0       0       0       0       0       0       0       0       0       0
      Totals:         1       0       0       0       0       0       0       0       0       0       0       0       0       0       0       0       0
Total ram usage:        1 bytes
 Hardware stack levels used:    1
 Hardware stack levels required when called:    4
 This function calls:
		Nothing
 This function is called by:
		_sort
 This function uses a non-reentrant model


 *************** function _initPIC *****************
 Defined at:
		line 33 in file "initPic.c"
 Parameters:    Size  Location     Type
		None
 Auto vars:     Size  Location     Type
		None
 Return value:  Size  Location     Type
                  2   82[None  ] int 
 Registers used:
		wreg, status,2, status,0, cstack
 Tracked objects:
		On entry : 
		On exit  : 
		Unchanged: 
 Data sizes:     COMRAM   BANK0   BANK1   BANK2   BANK3   BANK4   BANK5   BANK6   BANK7   BANK8   BANK9  BANK10  BANK11  BANK12  BANK13  BANK14  BANK15
      Params:         0       0       0       0       0       0       0       0       0       0       0       0       0       0       0       0       0
      Locals:         0       0       0       0       0       0       0       0       0       0       0       0       0       0       0       0       0
      Temps:          0       0       0       0       0       0       0       0       0       0       0       0       0       0       0       0       0
      Totals:         0       0       0       0       0       0       0       0       0       0       0       0       0       0       0       0       0
Total ram usage:        0 bytes
 Hardware stack levels used:    1
 Hardware stack levels required when called:    7
 This function calls:
		_I2C_Master_Init
		_I2C_Master_Start
		_I2C_Master_Stop
		_I2C_Master_Write
		_initLCD
		_main_servo_control
		_side_servo_control
 This function is called by:
		_main
 This function uses a non-reentrant model


 *************** function _side_servo_control *****************
 Defined at:
		line 48 in file "servo.c"
 Parameters:    Size  Location     Type
  dir             2   24[COMRAM] int 
 Auto vars:     Size  Location     Type
  i               2   28[COMRAM] int 
 Return value:  Size  Location     Type
                  1    wreg      void 
 Registers used:
		wreg, status,2, status,0
 Tracked objects:
		On entry : 
		On exit  : 
		Unchanged: 
 Data sizes:     COMRAM   BANK0   BANK1   BANK2   BANK3   BANK4   BANK5   BANK6   BANK7   BANK8   BANK9  BANK10  BANK11  BANK12  BANK13  BANK14  BANK15
      Params:         2       0       0       0       0       0       0       0       0       0       0       0       0       0       0       0       0
      Locals:         2       0       0       0       0       0       0       0       0       0       0       0       0       0       0       0       0
      Temps:          2       0       0       0       0       0       0       0       0       0       0       0       0       0       0       0       0
      Totals:         6       0       0       0       0       0       0       0       0       0       0       0       0       0       0       0       0
Total ram usage:        6 bytes
 Hardware stack levels used:    1
 Hardware stack levels required when called:    4
 This function calls:
		Nothing
 This function is called by:
		_sense_can
		_sort
		_move_can
		_initPIC
 This function uses a non-reentrant model


 *************** function _main_servo_control *****************
 Defined at:
		line 17 in file "servo.c"
 Parameters:    Size  Location     Type
  dir             2   24[COMRAM] int 
 Auto vars:     Size  Location     Type
  i               2   27[COMRAM] int 
 Return value:  Size  Location     Type
                  1    wreg      void 
 Registers used:
		wreg, status,2, status,0
 Tracked objects:
		On entry : 
		On exit  : 
		Unchanged: 
 Data sizes:     COMRAM   BANK0   BANK1   BANK2   BANK3   BANK4   BANK5   BANK6   BANK7   BANK8   BANK9  BANK10  BANK11  BANK12  BANK13  BANK14  BANK15
      Params:         2       0       0       0       0       0       0       0       0       0       0       0       0       0       0       0       0
      Locals:         2       0       0       0       0       0       0       0       0       0       0       0       0       0       0       0       0
      Temps:          1       0       0       0       0       0       0       0       0       0       0       0       0       0       0       0       0
      Totals:         5       0       0       0       0       0       0       0       0       0       0       0       0       0       0       0       0
Total ram usage:        5 bytes
 Hardware stack levels used:    1
 Hardware stack levels required when called:    4
 This function calls:
		Nothing
 This function is called by:
		_sense_can
		_sort
		_move_can
		_initPIC
 This function uses a non-reentrant model


 *************** function _initLCD *****************
 Defined at:
		line 14 in file "lcd.c"
 Parameters:    Size  Location     Type
		None
 Auto vars:     Size  Location     Type
		None
 Return value:  Size  Location     Type
                  1    wreg      void 
 Registers used:
		wreg, status,2, status,0, cstack
 Tracked objects:
		On entry : 
		On exit  : 
		Unchanged: 
 Data sizes:     COMRAM   BANK0   BANK1   BANK2   BANK3   BANK4   BANK5   BANK6   BANK7   BANK8   BANK9  BANK10  BANK11  BANK12  BANK13  BANK14  BANK15
      Params:         0       0       0       0       0       0       0       0       0       0       0       0       0       0       0       0       0
      Locals:         0       0       0       0       0       0       0       0       0       0       0       0       0       0       0       0       0
      Temps:          1       0       0       0       0       0       0       0       0       0       0       0       0       0       0       0       0
      Totals:         1       0       0       0       0       0       0       0       0       0       0       0       0       0       0       0       0
Total ram usage:        1 bytes
 Hardware stack levels used:    1
 Hardware stack levels required when called:    6
 This function calls:
		_lcdInst
 This function is called by:
		_initPIC
 This function uses a non-reentrant model


 *************** function _I2C_Master_Init *****************
 Defined at:
		line 13 in file "I2C.c"
 Parameters:    Size  Location     Type
  c               4   37[COMRAM] const unsigned long 
 Auto vars:     Size  Location     Type
		None
 Return value:  Size  Location     Type
                  1    wreg      void 
 Registers used:
		wreg, status,2, status,0, cstack
 Tracked objects:
		On entry : 
		On exit  : 
		Unchanged: 
 Data sizes:     COMRAM   BANK0   BANK1   BANK2   BANK3   BANK4   BANK5   BANK6   BANK7   BANK8   BANK9  BANK10  BANK11  BANK12  BANK13  BANK14  BANK15
      Params:         4       0       0       0       0       0       0       0       0       0       0       0       0       0       0       0       0
      Locals:         0       0       0       0       0       0       0       0       0       0       0       0       0       0       0       0       0
      Temps:          4       0       0       0       0       0       0       0       0       0       0       0       0       0       0       0       0
      Totals:         8       0       0       0       0       0       0       0       0       0       0       0       0       0       0       0       0
Total ram usage:        8 bytes
 Hardware stack levels used:    1
 Hardware stack levels required when called:    5
 This function calls:
		___lldiv
 This function is called by:
		_initPIC
		_set_time
 This function uses a non-reentrant model


 *************** function ___lldiv *****************
 Defined at:
		line 8 in file "/Applications/microchip/xc8/v1.41/sources/common/lldiv.c"
 Parameters:    Size  Location     Type
  dividend        4   24[COMRAM] unsigned long 
  divisor         4   28[COMRAM] unsigned long 
 Auto vars:     Size  Location     Type
  quotient        4   32[COMRAM] unsigned long 
  counter         1   36[COMRAM] unsigned char 
 Return value:  Size  Location     Type
                  4   24[COMRAM] unsigned long 
 Registers used:
		wreg, status,2, status,0
 Tracked objects:
		On entry : 
		On exit  : 
		Unchanged: 
 Data sizes:     COMRAM   BANK0   BANK1   BANK2   BANK3   BANK4   BANK5   BANK6   BANK7   BANK8   BANK9  BANK10  BANK11  BANK12  BANK13  BANK14  BANK15
      Params:         8       0       0       0       0       0       0       0       0       0       0       0       0       0       0       0       0
      Locals:         5       0       0       0       0       0       0       0       0       0       0       0       0       0       0       0       0
      Temps:          0       0       0       0       0       0       0       0       0       0       0       0       0       0       0       0       0
      Totals:        13       0       0       0       0       0       0       0       0       0       0       0       0       0       0       0       0
Total ram usage:       13 bytes
 Hardware stack levels used:    1
 Hardware stack levels required when called:    4
 This function calls:
		Nothing
 This function is called by:
		_I2C_Master_Init
 This function uses a non-reentrant model


 *************** function _display_time *****************
 Defined at:
		line 126 in file "picState.c"
 Parameters:    Size  Location     Type
		None
 Auto vars:     Size  Location     Type
  i               1   60[COMRAM] unsigned char 
 Return value:  Size  Location     Type
                  2   88[None  ] int 
 Registers used:
		wreg, fsr2l, fsr2h, status,2, status,0, tblptrl, tblptrh, tblptru, prodl, prodh, cstack
 Tracked objects:
		On entry : 
		On exit  : 
		Unchanged: 
 Data sizes:     COMRAM   BANK0   BANK1   BANK2   BANK3   BANK4   BANK5   BANK6   BANK7   BANK8   BANK9  BANK10  BANK11  BANK12  BANK13  BANK14  BANK15
      Params:         0       0       0       0       0       0       0       0       0       0       0       0       0       0       0       0       0
      Locals:         1       0       0       0       0       0       0       0       0       0       0       0       0       0       0       0       0
      Temps:          2       0       0       0       0       0       0       0       0       0       0       0       0       0       0       0       0
      Totals:         3       0       0       0       0       0       0       0       0       0       0       0       0       0       0       0       0
Total ram usage:        3 bytes
 Hardware stack levels used:    1
 Hardware stack levels required when called:    7
 This function calls:
		_I2C_Master_Read
		_I2C_Master_Start
		_I2C_Master_Stop
		_I2C_Master_Write
		_lcdInst
		_printf
 This function is called by:
		_main
 This function uses a non-reentrant model


 *************** function _I2C_Master_Write *****************
 Defined at:
		line 47 in file "I2C.c"
 Parameters:    Size  Location     Type
  d               2   25[COMRAM] unsigned int 
 Auto vars:     Size  Location     Type
		None
 Return value:  Size  Location     Type
                  1    wreg      void 
 Registers used:
		wreg, status,2, status,0, cstack
 Tracked objects:
		On entry : 
		On exit  : 
		Unchanged: 
 Data sizes:     COMRAM   BANK0   BANK1   BANK2   BANK3   BANK4   BANK5   BANK6   BANK7   BANK8   BANK9  BANK10  BANK11  BANK12  BANK13  BANK14  BANK15
      Params:         2       0       0       0       0       0       0       0       0       0       0       0       0       0       0       0       0
      Locals:         0       0       0       0       0       0       0       0       0       0       0       0       0       0       0       0       0
      Temps:          0       0       0       0       0       0       0       0       0       0       0       0       0       0       0       0       0
      Totals:         2       0       0       0       0       0       0       0       0       0       0       0       0       0       0       0       0
Total ram usage:        2 bytes
 Hardware stack levels used:    1
 Hardware stack levels required when called:    5
 This function calls:
		_I2C_Master_Wait
 This function is called by:
		_display_time
		_initPIC
		_get_time
		_set_time
 This function uses a non-reentrant model


 *************** function _I2C_Master_Stop *****************
 Defined at:
		line 41 in file "I2C.c"
 Parameters:    Size  Location     Type
		None
 Auto vars:     Size  Location     Type
		None
 Return value:  Size  Location     Type
                  1    wreg      void 
 Registers used:
		wreg, status,2, status,0, cstack
 Tracked objects:
		On entry : 
		On exit  : 
		Unchanged: 
 Data sizes:     COMRAM   BANK0   BANK1   BANK2   BANK3   BANK4   BANK5   BANK6   BANK7   BANK8   BANK9  BANK10  BANK11  BANK12  BANK13  BANK14  BANK15
      Params:         0       0       0       0       0       0       0       0       0       0       0       0       0       0       0       0       0
      Locals:         0       0       0       0       0       0       0       0       0       0       0       0       0       0       0       0       0
      Temps:          0       0       0       0       0       0       0       0       0       0       0       0       0       0       0       0       0
      Totals:         0       0       0       0       0       0       0       0       0       0       0       0       0       0       0       0       0
Total ram usage:        0 bytes
 Hardware stack levels used:    1
 Hardware stack levels required when called:    5
 This function calls:
		_I2C_Master_Wait
 This function is called by:
		_display_time
		_initPIC
		_get_time
		_set_time
 This function uses a non-reentrant model


 *************** function _I2C_Master_Start *****************
 Defined at:
		line 29 in file "I2C.c"
 Parameters:    Size  Location     Type
		None
 Auto vars:     Size  Location     Type
		None
 Return value:  Size  Location     Type
                  1    wreg      void 
 Registers used:
		wreg, status,2, status,0, cstack
 Tracked objects:
		On entry : 
		On exit  : 
		Unchanged: 
 Data sizes:     COMRAM   BANK0   BANK1   BANK2   BANK3   BANK4   BANK5   BANK6   BANK7   BANK8   BANK9  BANK10  BANK11  BANK12  BANK13  BANK14  BANK15
      Params:         0       0       0       0       0       0       0       0       0       0       0       0       0       0       0       0       0
      Locals:         0       0       0       0       0       0       0       0       0       0       0       0       0       0       0       0       0
      Temps:          0       0       0       0       0       0       0       0       0       0       0       0       0       0       0       0       0
      Totals:         0       0       0       0       0       0       0       0       0       0       0       0       0       0       0       0       0
Total ram usage:        0 bytes
 Hardware stack levels used:    1
 Hardware stack levels required when called:    5
 This function calls:
		_I2C_Master_Wait
 This function is called by:
		_display_time
		_initPIC
		_get_time
		_set_time
 This function uses a non-reentrant model


 *************** function _I2C_Master_Read *****************
 Defined at:
		line 53 in file "I2C.c"
 Parameters:    Size  Location     Type
  a               1    wreg     unsigned char 
 Auto vars:     Size  Location     Type
  a               1   25[COMRAM] unsigned char 
  temp            1   26[COMRAM] unsigned char 
 Return value:  Size  Location     Type
                  1    wreg      unsigned char 
 Registers used:
		wreg, status,2, status,0, cstack
 Tracked objects:
		On entry : 
		On exit  : 
		Unchanged: 
 Data sizes:     COMRAM   BANK0   BANK1   BANK2   BANK3   BANK4   BANK5   BANK6   BANK7   BANK8   BANK9  BANK10  BANK11  BANK12  BANK13  BANK14  BANK15
      Params:         0       0       0       0       0       0       0       0       0       0       0       0       0       0       0       0       0
      Locals:         2       0       0       0       0       0       0       0       0       0       0       0       0       0       0       0       0
      Temps:          0       0       0       0       0       0       0       0       0       0       0       0       0       0       0       0       0
      Totals:         2       0       0       0       0       0       0       0       0       0       0       0       0       0       0       0       0
Total ram usage:        2 bytes
 Hardware stack levels used:    1
 Hardware stack levels required when called:    5
 This function calls:
		_I2C_Master_Wait
 This function is called by:
		_display_time
		_get_time
 This function uses a non-reentrant model


 *************** function _I2C_Master_Wait *****************
 Defined at:
		line 24 in file "I2C.c"
 Parameters:    Size  Location     Type
		None
 Auto vars:     Size  Location     Type
		None
 Return value:  Size  Location     Type
                  1    wreg      void 
 Registers used:
		wreg, status,2, status,0
 Tracked objects:
		On entry : 
		On exit  : 
		Unchanged: 
 Data sizes:     COMRAM   BANK0   BANK1   BANK2   BANK3   BANK4   BANK5   BANK6   BANK7   BANK8   BANK9  BANK10  BANK11  BANK12  BANK13  BANK14  BANK15
      Params:         0       0       0       0       0       0       0       0       0       0       0       0       0       0       0       0       0
      Locals:         0       0       0       0       0       0       0       0       0       0       0       0       0       0       0       0       0
      Temps:          1       0       0       0       0       0       0       0       0       0       0       0       0       0       0       0       0
      Totals:         1       0       0       0       0       0       0       0       0       0       0       0       0       0       0       0       0
Total ram usage:        1 bytes
 Hardware stack levels used:    1
 Hardware stack levels required when called:    4
 This function calls:
		Nothing
 This function is called by:
		_I2C_Master_Start
		_I2C_Master_Stop
		_I2C_Master_Write
		_I2C_Master_Read
		_I2C_Master_RepeatedStart
 This function uses a non-reentrant model


 *************** function _display_sorting_time *****************
 Defined at:
		line 156 in file "picState.c"
 Parameters:    Size  Location     Type
		None
 Auto vars:     Size  Location     Type
  i               2   60[COMRAM] int 
 Return value:  Size  Location     Type
                  2   92[None  ] int 
 Registers used:
		wreg, fsr2l, fsr2h, status,2, status,0, tblptrl, tblptrh, tblptru, prodl, prodh, cstack
 Tracked objects:
		On entry : 
		On exit  : 
		Unchanged: 
 Data sizes:     COMRAM   BANK0   BANK1   BANK2   BANK3   BANK4   BANK5   BANK6   BANK7   BANK8   BANK9  BANK10  BANK11  BANK12  BANK13  BANK14  BANK15
      Params:         0       0       0       0       0       0       0       0       0       0       0       0       0       0       0       0       0
      Locals:         2       0       0       0       0       0       0       0       0       0       0       0       0       0       0       0       0
      Temps:          2       0       0       0       0       0       0       0       0       0       0       0       0       0       0       0       0
      Totals:         4       0       0       0       0       0       0       0       0       0       0       0       0       0       0       0       0
Total ram usage:        4 bytes
 Hardware stack levels used:    1
 Hardware stack levels required when called:    7
 This function calls:
		_lcdInst
		_printf
 This function is called by:
		_main
 This function uses a non-reentrant model


 *************** function _debug *****************
 Defined at:
		line 42 in file "picState.c"
 Parameters:    Size  Location     Type
		None
 Auto vars:     Size  Location     Type
  i               2   59[COMRAM] int 
 Return value:  Size  Location     Type
                  2   94[None  ] int 
 Registers used:
		wreg, fsr2l, fsr2h, status,2, status,0, tblptrl, tblptrh, tblptru, prodl, prodh, cstack
 Tracked objects:
		On entry : 
		On exit  : 
		Unchanged: 
 Data sizes:     COMRAM   BANK0   BANK1   BANK2   BANK3   BANK4   BANK5   BANK6   BANK7   BANK8   BANK9  BANK10  BANK11  BANK12  BANK13  BANK14  BANK15
      Params:         0       0       0       0       0       0       0       0       0       0       0       0       0       0       0       0       0
      Locals:         2       0       0       0       0       0       0       0       0       0       0       0       0       0       0       0       0
      Temps:          1       0       0       0       0       0       0       0       0       0       0       0       0       0       0       0       0
      Totals:         3       0       0       0       0       0       0       0       0       0       0       0       0       0       0       0       0
Total ram usage:        3 bytes
 Hardware stack levels used:    1
 Hardware stack levels required when called:    7
 This function calls:
		_lcdInst
		_printf
		_readADC
 This function is called by:
		_main
 This function uses a non-reentrant model


 *************** function _readADC *****************
 Defined at:
		line 21 in file "adc.c"
 Parameters:    Size  Location     Type
  channel         1    wreg     unsigned char 
 Auto vars:     Size  Location     Type
  channel         1   25[COMRAM] unsigned char 
 Return value:  Size  Location     Type
                  1    wreg      void 
 Registers used:
		wreg, status,2, status,0
 Tracked objects:
		On entry : 
		On exit  : 
		Unchanged: 
[...]
 This function calls:
		_lcdNibble
 This function is called by:
		_initLCD
		_readLightSensor
		_welcome
		_debug
		_sort
		_display_time
		_display_sorting_time
 This function uses a non-reentrant model


 *************** function _lcdNibble *****************
 Defined at:
		line 35 in file "lcd.c"
 Parameters:    Size  Location     Type
  data            1    wreg     unsigned char 
 Auto vars:     Size  Location     Type
  data            1   25[COMRAM] unsigned char 
  temp            1   24[COMRAM] unsigned char 
 Return value:  Size  Location     Type
                  1    wreg      void 
 Registers used:
		wreg, status,2, status,0
 Tracked objects:
		On entry : 
		On exit  : 
		Unchanged: 
 Data sizes:     COMRAM   BANK0   BANK1   BANK2   BANK3   BANK4   BANK5   BANK6   BANK7   BANK8   BANK9  BANK10  BANK11  BANK12  BANK13  BANK14  BANK15
      Params:         0       0       0       0       0       0       0       0       0       0       0       0       0       0       0       0       0
      Locals:         2       0       0       0       0       0       0       0       0       0       0       0       0       0       0       0       0
      Temps:          0       0       0       0       0       0       0       0       0       0       0       0       0       0       0       0       0
      Totals:         2       0       0       0       0       0       0       0       0       0       0       0       0       0       0       0       0
Total ram usage:        2 bytes
 Hardware stack levels used:    1
 Hardware stack levels required when called:    4
 This function calls:
		Nothing
 This function is called by:
		_lcdInst
		_putch
 This function uses a non-reentrant model


 *************** function _interrupt_handler *****************
 Defined at:
		line 23 in file "interrupt.c"
 Parameters:    Size  Location     Type
		None
 Auto vars:     Size  Location     Type
  keypress        1   23[COMRAM] unsigned char 
 Return value:  Size  Location     Type
                  1    wreg      void 
 Registers used:
		wreg, fsr1l, fsr1h, fsr2l, fsr2h, status,2, status,0, tblptrl, tblptrh, tblptru, prodl, prodh, cstack
 Tracked objects:
		On entry : 
		On exit  : 
		Unchanged: 
 Data sizes:     COMRAM   BANK0   BANK1   BANK2   BANK3   BANK4   BANK5   BANK6   BANK7   BANK8   BANK9  BANK10  BANK11  BANK12  BANK13  BANK14  BANK15
      Params:         0       0       0       0       0       0       0       0       0       0       0       0       0       0       0       0       0
      Locals:         1       0       0       0       0       0       0       0       0       0       0       0       0       0       0       0       0
      Temps:         15       0       0       0       0       0       0       0       0       0       0       0       0       0       0       0       0
      Totals:        16       0       0       0       0       0       0       0       0       0       0       0       0       0       0       0       0
Total ram usage:       16 bytes
 Hardware stack levels used:    1
 Hardware stack levels required when called:    3
 This function calls:
		i2_get_time
		i2_lcdInst
		i2_putch
 This function is called by:
		Interrupt level 2
 This function uses a non-reentrant model


 *************** function i2_putch *****************
 Defined at:
		line 30 in file "lcd.c"
 Parameters:    Size  Location     Type
  data            1    wreg     unsigned char 
 Auto vars:     Size  Location     Type
  data            1    2[COMRAM] unsigned char 
 Return value:  Size  Location     Type
                  1    wreg      void 
 Registers used:
		wreg, status,2, status,0, cstack
 Tracked objects:
		On entry : 
		On exit  : 
		Unchanged: 
 Data sizes:     COMRAM   BANK0   BANK1   BANK2   BANK3   BANK4   BANK5   BANK6   BANK7   BANK8   BANK9  BANK10  BANK11  BANK12  BANK13  BANK14  BANK15
      Params:         0       0       0       0       0       0       0       0       0       0       0       0       0       0       0       0       0
      Locals:         1       0       0       0       0       0       0       0       0       0       0       0       0       0       0       0       0
      Temps:          0       0       0       0       0       0       0       0       0       0       0       0       0       0       0       0       0
      Totals:         1       0       0       0       0       0       0       0       0       0       0       0       0       0       0       0       0
Total ram usage:        1 bytes
 Hardware stack levels used:    1
 Hardware stack levels required when called:    1
 This function calls:
		i2_lcdNibble
 This function is called by:
		_interrupt_handler
 This function uses a non-reentrant model


 *************** function i2_lcdInst *****************
 Defined at:
		line 25 in file "lcd.c"
 Parameters:    Size  Location     Type
  data            1    wreg     unsigned char 
 Auto vars:     Size  Location     Type
  data            1    2[COMRAM] unsigned char 
 Return value:  Size  Location     Type
                  1    wreg      void 
 Registers used:
		wreg, status,2, status,0, cstack
 Tracked objects:
		On entry : 
		On exit  : 
		Unchanged: 
 Data sizes:     COMRAM   BANK0   BANK1   BANK2   BANK3   BANK4   BANK5   BANK6   BANK7   BANK8   BANK9  BANK10  BANK11  BANK12  BANK13  BANK14  BANK15
      Params:         0       0       0       0       0       0       0       0       0       0       0       0       0       0       0       0       0
      Locals:         1       0       0       0       0       0       0       0       0       0       0       0       0       0       0       0       0
      Temps:          0       0       0       0       0       0       0       0       0       0       0       0       0       0       0       0       0
      Totals:         1       0       0       0       0       0       0       0       0       0       0       0       0       0       0       0       0
Total ram usage:        1 bytes
 Hardware stack levels used:    1
 Hardware stack levels required when called:    1
 This function calls:
		i2_lcdNibble
 This function is called by:
		_interrupt_handler
 This function uses a non-reentrant model


 *************** function i2_lcdNibble *****************
 Defined at:
		line 35 in file "lcd.c"
 Parameters:    Size  Location     Type
  data            1    wreg     unsigned char 
 Auto vars:     Size  Location     Type
  data            1    1[COMRAM] unsigned char 
  lcdNibble       1    0[COMRAM] unsigned char 
 Return value:  Size  Location     Type
                  1    wreg      void 
 Registers used:
		wreg, status,2, status,0
 Tracked objects:
		On entry : 
		On exit  : 
		Unchanged: 
 Data sizes:     COMRAM   BANK0   BANK1   BANK2   BANK3   BANK4   BANK5   BANK6   BANK7   BANK8   BANK9  BANK10  BANK11  BANK12  BANK13  BANK14  BANK15
      Params:         0       0       0       0       0       0       0       0       0       0       0       0       0       0       0       0       0
      Locals:         2       0       0       0       0       0       0       0       0       0       0       0       0       0       0       0       0
      Temps:          0       0       0       0       0       0       0       0       0       0       0       0       0       0       0       0       0
      Totals:         2       0       0       0       0       0       0       0       0       0       0       0       0       0       0       0       0
Total ram usage:        2 bytes
 Hardware stack levels used:    1
 This function calls:
		Nothing
 This function is called by:
		i2_lcdInst
		i2_putch
 This function uses a non-reentrant model


 *************** function i2_get_time *****************
 Defined at:
		line 39 in file "time.c"
 Parameters:    Size  Location     Type
  datime          2    3[COMRAM] PTR unsigned char 
		 -> end_time(7), start_time(7), 
 Auto vars:     Size  Location     Type
  get_time        2    6[COMRAM] int 
 Return value:  Size  Location     Type
                  1    wreg      void 
 Registers used:
		wreg, fsr1l, fsr1h, fsr2l, fsr2h, status,2, status,0, prodl, prodh, cstack
 Tracked objects:
		On entry : 
		On exit  : 
		Unchanged: 
 Data sizes:     COMRAM   BANK0   BANK1   BANK2   BANK3   BANK4   BANK5   BANK6   BANK7   BANK8   BANK9  BANK10  BANK11  BANK12  BANK13  BANK14  BANK15
      Params:         2       0       0       0       0       0       0       0       0       0       0       0       0       0       0       0       0
      Locals:         2       0       0       0       0       0       0       0       0       0       0       0       0       0       0       0       0
      Temps:          1       0       0       0       0       0       0       0       0       0       0       0       0       0       0       0       0
      Totals:         5       0       0       0       0       0       0       0       0       0       0       0       0       0       0       0       0
Total ram usage:        5 bytes
 Hardware stack levels used:    1
 Hardware stack levels required when called:    2
 This function calls:
		i2_I2C_Master_Read
		i2_I2C_Master_Start
		i2_I2C_Master_Stop
		i2_I2C_Master_Write
 This function is called by:
		_interrupt_handler
 This function uses a non-reentrant model


 *************** function i2_I2C_Master_Write *****************
 Defined at:
		line 47 in file "I2C.c"
 Parameters:    Size  Location     Type
  d               2    1[COMRAM] unsigned int 
 Auto vars:     Size  Location     Type
		None
 Return value:  Size  Location     Type
                  1    wreg      void 
 Registers used:
		wreg, status,2, status,0, cstack
 Tracked objects:
		On entry : 
		On exit  : 
		Unchanged: 
 Data sizes:     COMRAM   BANK0   BANK1   BANK2   BANK3   BANK4   BANK5   BANK6   BANK7   BANK8   BANK9  BANK10  BANK11  BANK12  BANK13  BANK14  BANK15
      Params:         2       0       0       0       0       0       0       0       0       0       0       0       0       0       0       0       0
      Locals:         0       0       0       0       0       0       0       0       0       0       0       0       0       0       0       0       0
      Temps:          0       0       0       0       0       0       0       0       0       0       0       0       0       0       0       0       0
      Totals:         2       0       0       0       0       0       0       0       0       0       0       0       0       0       0       0       0
Total ram usage:        2 bytes
 Hardware stack levels used:    1
 Hardware stack levels required when called:    1
 This function calls:
		i2_I2C_Master_Wait
 This function is called by:
		i2_get_time
 This function uses a non-reentrant model


 *************** function i2_I2C_Master_Stop *****************
 Defined at:
		line 41 in file "I2C.c"
 Parameters:    Size  Location     Type
		None
 Auto vars:     Size  Location     Type
		None
 Return value:  Size  Location     Type
                  1    wreg      void 
 Registers used:
		wreg, status,2, status,0, cstack
 Tracked objects:
		On entry : 
		On exit  : 
		Unchanged: 
 Data sizes:     COMRAM   BANK0   BANK1   BANK2   BANK3   BANK4   BANK5   BANK6   BANK7   BANK8   BANK9  BANK10  BANK11  BANK12  BANK13  BANK14  BANK15
      Params:         0       0       0       0       0       0       0       0       0       0       0       0       0       0       0       0       0
      Locals:         0       0       0       0       0       0       0       0       0       0       0       0       0       0       0       0       0
      Temps:          0       0       0       0       0       0       0       0       0       0       0       0       0       0       0       0       0
      Totals:         0       0       0       0       0       0       0       0       0       0       0       0       0       0       0       0       0
Total ram usage:        0 bytes
 Hardware stack levels used:    1
 Hardware stack levels required when called:    1
 This function calls:
		i2_I2C_Master_Wait
 This function is called by:
		i2_get_time
 This function uses a non-reentrant model


 *************** function i2_I2C_Master_Start *****************
 Defined at:
		line 29 in file "I2C.c"
 Parameters:    Size  Location     Type
		None
 Auto vars:     Size  Location     Type
		None
 Return value:  Size  Location     Type
                  1    wreg      void 
 Registers used:
		wreg, status,2, status,0, cstack
 Tracked objects:
		On entry : 
		On exit  : 
		Unchanged: 
 Data sizes:     COMRAM   BANK0   BANK1   BANK2   BANK3   BANK4   BANK5   BANK6   BANK7   BANK8   BANK9  BANK10  BANK11  BANK12  BANK13  BANK14  BANK15
      Params:         0       0       0       0       0       0       0       0       0       0       0       0       0       0       0       0       0
      Locals:         0       0       0       0       0       0       0       0       0       0       0       0       0       0       0       0       0
      Temps:          0       0       0       0       0       0       0       0       0       0       0       0       0       0       0       0       0
      Totals:         0       0       0       0       0       0       0       0       0       0       0       0       0       0       0       0       0
Total ram usage:        0 bytes
 Hardware stack levels used:    1
 Hardware stack levels required when called:    1
 This function calls:
		i2_I2C_Master_Wait
 This function is called by:
		i2_get_time
 This function uses a non-reentrant model


 *************** function i2_I2C_Master_Read *****************
 Defined at:
		line 53 in file "I2C.c"
 Parameters:    Size  Location     Type
  a               1    wreg     unsigned char 
 Auto vars:     Size  Location     Type
  a               1    1[COMRAM] unsigned char 
  I2C_Master_R    1    2[COMRAM] unsigned char 
 Return value:  Size  Location     Type
                  1    wreg      unsigned char 
 Registers used:
		wreg, status,2, status,0, cstack
 Tracked objects:
		On entry : 
		On exit  : 
		Unchanged: 
 Data sizes:     COMRAM   BANK0   BANK1   BANK2   BANK3   BANK4   BANK5   BANK6   BANK7   BANK8   BANK9  BANK10  BANK11  BANK12  BANK13  BANK14  BANK15
      Params:         0       0       0       0       0       0       0       0       0       0       0       0       0       0       0       0       0
      Locals:         2       0       0       0       0       0       0       0       0       0       0       0       0       0       0       0       0
      Temps:          0       0       0       0       0       0       0       0       0       0       0       0       0       0       0       0       0
      Totals:         2       0       0       0       0       0       0       0       0       0       0       0       0       0       0       0       0
Total ram usage:        2 bytes
 Hardware stack levels used:    1
 Hardware stack levels required when called:    1
 This function calls:
		i2_I2C_Master_Wait
 This function is called by:
		i2_get_time
 This function uses a non-reentrant model


 *************** function i2_I2C_Master_Wait *****************
 Defined at:
		line 24 in file "I2C.c"
 Parameters:    Size  Location     Type
		None
 Auto vars:     Size  Location     Type
		None
 Return value:  Size  Location     Type
                  1    wreg      void 
 Registers used:
		wreg, status,2, status,0
 Tracked objects:
		On entry : 
		On exit  : 
		Unchanged: 
 Data sizes:     COMRAM   BANK0   BANK1   BANK2   BANK3   BANK4   BANK5   BANK6   BANK7   BANK8   BANK9  BANK10  BANK11  BANK12  BANK13  BANK14  BANK15
      Params:         0       0       0       0       0       0       0       0       0       0       0       0       0       0       0       0       0
      Locals:         0       0       0       0       0       0       0       0       0       0       0       0       0       0       0       0       0
      Temps:          1       0       0       0       0       0       0       0       0       0       0       0       0       0       0       0       0
      Totals:         1       0       0       0       0       0       0       0       0       0       0       0       0       0       0       0       0
Total ram usage:        1 bytes
 Hardware stack levels used:    1
 This function calls:
		Nothing
 This function is called by:
		i2_I2C_Master_Start
		i2_I2C_Master_Stop
		i2_I2C_Master_Write
		i2_I2C_Master_Read
 This function uses a non-reentrant model



MODULE INFORMATION

Module		Function		Class		Link	Load	Size
servo.c
		_main_servo_control		CODE           	1CDA	0000	223
		_move_can      		CODE           	169C	0000	567
		_side_servo_control		CODE           	1AF6	0000	245
		_gate          		CODE           	2350	0000	83

servo.c estimated size: 1118

time.c
		_get_time      		CODE           	1DB8	0000	209

time.c estimated size: 209

/Applications/microchip/xc8/v1.41/sources/common/doprnt.c
		_printf        		CODE           	10D6	0000	781

/Applications/microchip/xc8/v1.41/sources/common/doprnt.c estimated size: 781

/Applications/microchip/xc8/v1.41/sources/common/Umul16.c
		___wmul        		CODE           	2550	0000	39

/Applications/microchip/xc8/v1.41/sources/common/Umul16.c estimated size: 39

I2C.c
		_I2C_Master_Read		CODE           	252A	0000	39
		_I2C_Master_Wait		CODE           	25D4	0000	19
		_I2C_Master_Init		CODE           	21F0	0000	91
		_I2C_Master_Stop		CODE           	263C	0000	9
		_I2C_Master_Write		CODE           	2628	0000	11
		_I2C_Master_Start		CODE           	2644	0000	9

I2C.c estimated size: 178

/Applications/microchip/xc8/v1.41/sources/common/lwmod.c
		___lwmod       		CODE           	2480	0000	67

/Applications/microchip/xc8/v1.41/sources/common/lwmod.c estimated size: 67

adc.c
		_sense_can     		CODE           	13E2	0000	699
		_readLightSensor		CODE           	1F58	0000	167
		_readADC       		CODE           	2502	0000	41

adc.c estimated size: 907

/Applications/microchip/xc8/v1.41/sources/common/isdigit.c
		_isdigit       		CODE           	259C	0000	31

/Applications/microchip/xc8/v1.41/sources/common/isdigit.c estimated size: 31

motor.c
		_shaker        		CODE           	218C	0000	101

motor.c estimated size: 101

interrupt.c
		_interrupt_handler		CODE           	0008	0000	283

interrupt.c estimated size: 283

shared
		i2_I2C_Master_Start		CODE           	2654	0000	9
		i2_putch       		CODE           	2610	0000	13
		i2_lcdNibble   		CODE           	22FA	0000	87
		_dpowers       		SMALLCONST     	1012	0000	11
		i2_get_time    		CODE           	1E88	0000	209
		i2_I2C_Master_Read		CODE           	2576	0000	39
		_keys          		SMALLCONST     	1001	0000	18
		__initialization		CODE           	25BA	0000	13
		i2_I2C_Master_Wait		CODE           	25E6	0000	19
		_hexpowers     		SMALLCONST     	101C	0000	9
		i2_I2C_Master_Stop		CODE           	264C	0000	9
		_timeSetter    		SMALLCONST     	1024	0000	8
		i2_lcdInst     		CODE           	261C	0000	13
		i2_I2C_Master_Write		CODE           	2632	0000	11

shared estimated size: 468

/Applications/microchip/xc8/v1.41/sources/common/lwdiv.c
		___lwdiv       		CODE           	23A2	0000	83

/Applications/microchip/xc8/v1.41/sources/common/lwdiv.c estimated size: 83

initPic.c
		_initPIC       		CODE           	1FFE	0000	143

initPic.c estimated size: 143

/Applications/microchip/xc8/v1.41/sources/common/lldiv.c
		___lldiv       		CODE           	208C	0000	131

/Applications/microchip/xc8/v1.41/sources/common/lldiv.c estimated size: 131

lcd.c
		_putch         		CODE           	25F8	0000	13
		_lcdInst       		CODE           	2604	0000	13
		_lcdNibble     		CODE           	22A4	0000	87
		_initLCD       		CODE           	243A	0000	71

lcd.c estimated size: 184

main.c
		_main          		CODE           	23F4	0000	71

main.c estimated size: 71

picState.c
		_display_sorting_time		CODE           	224A	0000	91
		_display_time  		CODE           	1BEA	0000	241
		_debug         		CODE           	24C2	0000	65
		_sort          		CODE           	19E6	0000	273
		_welcome       		CODE           	210E	0000	127

picState.c estimated size: 797

