Microchip MPLAB XC8 Compiler V1.41 ()

Linker command line:

-W-3 --edf=/Applications/microchip/xc8/v1.41/dat/en_msgs.txt -cs \
  -h+dist/default/production/AER201.X.production.sym \
  --cmf=dist/default/production/AER201.X.production.cmf -z -Q18F4620 \
  -o/tmp/xcugnHQva -Mdist/default/production/AER201.X.production.map -E1 \
  -ver=XC8 -ASTACK=0C3h-0f7fh -pstack=STACK -ACODE=00h-0FFFFh \
  -ACONST=00h-0FFFFh -ASMALLCONST=01000h-010FFhx240 \
  -AMEDIUMCONST=01000h-0FFFFh -ACOMRAM=01h-07Fh -AABS1=00h-0F7Fh \
  -ABIGRAM=01h-0F7Fh -ARAM=080h-0FFh,0100h-01FFhx14,0F00h-0F7Fh \
  -ABANK0=080h-0FFh -ABANK1=0100h-01FFh -ABANK2=0200h-02FFh \
  -ABANK3=0300h-03FFh -ABANK4=0400h-04FFh -ABANK5=0500h-05FFh \
  -ABANK6=0600h-06FFh -ABANK7=0700h-07FFh -ABANK8=0800h-08FFh \
  -ABANK9=0900h-09FFh -ABANK10=0A00h-0AFFh -ABANK11=0B00h-0BFFh \
  -ABANK12=0C00h-0CFFh -ABANK13=0D00h-0DFFh -ABANK14=0E00h-0EFFh \
  -ABANK15=0F00h-0F7Fh -ASFR=0F80h-0FFFh \
  -preset_vec=00h,intcode=08h,intcodelo,powerup,init -pramtop=01000h \
  -psmallconst=SMALLCONST -pmediumconst=MEDIUMCONST -pconst=CONST \
  -AFARRAM=00h-00h -ACONFIG=0300000h-030000Dh -pconfig=CONFIG \
  -AIDLOC=0200000h-0200007h -pidloc=IDLOC -AEEDATA=0F00000h-0F003FFh \
  -peeprom_data=EEDATA \
  -prdata=COMRAM,nvrram=COMRAM,nvbit=COMRAM,rbss=COMRAM,rbit=COMRAM \
  -pfarbss=FARRAM,fardata=FARRAM,nvFARRAM=FARRAM \
  -pintsave_regs=BIGRAM,bigbss=BIGRAM,bigdata=BIGRAM -pbss=RAM \
  -pidata=CODE,irdata=CODE,ibigdata=CODE,ifardata=CODE -prparam=COMRAM \
  /tmp/xckXcckh2.obj dist/default/production/AER201.X.production.obj 

Object code version is 3.11

Machine type is 18F4620

Call graph: (short form)




                Name                               Link     Load   Length Selector   Space Scale
/tmp/xckXcckh2.obj
                init                                  E        E        4        4       0
                reset_vec                             0        0        4        0       0
                idloc                            200000   200000        8   200000       0
                config                           300000   300000        E   300000       0
dist/default/production/AER201.X.production.obj
                intcode                               8        8        6        4       0
                temp                                 69       69        1        1       1
                smallconst                         1000     1000       D4      800       0
                text41                             2666     2666       12      86A       0
                text40                             2610     2610       26      86A       0
                text39                             26D4     26D4        8      86A       0
                text38                             26CC     26CC        8      86A       0
                text37                             26B2     26B2        A      86A       0
                text36                             21CE     21CE       7C      86A       0
                text35                             235E     235E       56      86A       0
                text34                             269C     269C        C      86A       0
                text33                             2690     2690        C      86A       0
                intcode_body                       1C6A     1C6A       EC      86A       0
                text31                             2654     2654       12      86A       0
                text30                             25EA     25EA       26      86A       0
                text29                             26C4     26C4        8      86A       0
                text28                             26BC     26BC        8      86A       0
                text27                             26A8     26A8        A      86A       0
                text26                             2152     2152       7C      86A       0
                text25                             2308     2308       56      86A       0
                text24                             2684     2684        C      86A       0
                text23                             2406     2406       52      86A       0
                text22                             2534     2534       42      86A       0
                text21                             25C4     25C4       26      86A       0
                text20                             2636     2636       1E      86A       0
                text19                             2678     2678        C      86A       0
                text18                             10D4     10D4      30C      86A       0
                text17                             2458     2458       50      86A       0
                text16                             18D0     18D0      1B6      86A       0
                text15                             1B7A     1B7A       F0      86A       0
                text14                             2052     2052       82      86A       0
                text13                             22AE     22AE       5A      86A       0
                text12                             24EE     24EE       46      86A       0
                text11                             1E40     1E40       DE      86A       0
                text10                             1D56     1D56       EA      86A       0
                text9                              1FC4     1FC4       8E      86A       0
                text8                              23B4     23B4       52      86A       0
                text7                              169A     169A      236      86A       0
                text6                              2576     2576       28      86A       0
                text5                              1F1E     1F1E       A6      86A       0
                text4                              13E0     13E0      2BA      86A       0
                text3                              224A     224A       64      86A       0
                text2                              1A86     1A86       F4      86A       0
                text1                              20D4     20D4       7E      86A       0
                text0                              24A8     24A8       46      86A       0
                cstackCOMRAM                          1        1       4B        1       1
                cstackBANK0                          A3       A3       20       80       1
                bssBANK0                             80       80       23       80       1
                bssCOMRAM                            4C       4C       1D        1       1
                cinit                              259E     259E       26      86A       0

TOTAL           Name                               Link     Load   Length     Space
        CLASS   STACK          

        CLASS   CODE           
                intcode                               8        8        6         0
                init                                  E        E        4         0
                reset_vec                             0        0        4         0
                text41                             2666     2666       12         0
                text40                             2610     2610       26         0
                text39                             26D4     26D4        8         0
                text38                             26CC     26CC        8         0
                text37                             26B2     26B2        A         0
                text36                             21CE     21CE       7C         0
                text35                             235E     235E       56         0
                text34                             269C     269C        C         0
                text33                             2690     2690        C         0
                intcode_body                       1C6A     1C6A       EC         0
                text31                             2654     2654       12         0
                text30                             25EA     25EA       26         0
                text29                             26C4     26C4        8         0
                text28                             26BC     26BC        8         0
                text27                             26A8     26A8        A         0
                text26                             2152     2152       7C         0
                text25                             2308     2308       56         0
                text24                             2684     2684        C         0
                text23                             2406     2406       52         0
                text22                             2534     2534       42         0
                text21                             25C4     25C4       26         0
                text20                             2636     2636       1E         0
                text19                             2678     2678        C         0
                text18                             10D4     10D4      30C         0
                text17                             2458     2458       50         0
                text16                             18D0     18D0      1B6         0
                text15                             1B7A     1B7A       F0         0
                text14                             2052     2052       82         0
                text13                             22AE     22AE       5A         0
                text12                             24EE     24EE       46         0
                text11                             1E40     1E40       DE         0
                text10                             1D56     1D56       EA         0
                text9                              1FC4     1FC4       8E         0
                text8                              23B4     23B4       52         0
                text7                              169A     169A      236         0
                text6                              2576     2576       28         0
                text5                              1F1E     1F1E       A6         0
                text4                              13E0     13E0      2BA         0
                text3                              224A     224A       64         0
                text2                              1A86     1A86       F4         0
                text1                              20D4     20D4       7E         0
                text0                              24A8     24A8       46         0
                cinit                              259E     259E       26         0

        CLASS   CONST          

        CLASS   SMALLCONST     
                smallconst                         1000     1000       D4         0

        CLASS   MEDIUMCONST    

        CLASS   COMRAM         
                temp                                 69       69        1         1
                cstackCOMRAM                          1        1       4B         1
                bssCOMRAM                            4C       4C       1D         1

        CLASS   ABS1           

        CLASS   BIGRAM         

        CLASS   RAM            

        CLASS   BANK0          
                cstackBANK0                          A3       A3       20         1
                bssBANK0                             80       80       23         1

        CLASS   BANK1          

        CLASS   BANK2          

        CLASS   BANK3          

        CLASS   BANK4          

        CLASS   BANK5          

        CLASS   BANK6          

        CLASS   BANK7          

        CLASS   BANK8          

        CLASS   BANK9          

        CLASS   BANK10         

        CLASS   BANK11         

        CLASS   BANK12         

        CLASS   BANK13         

        CLASS   BANK14         

        CLASS   BANK15         

        CLASS   SFR            

        CLASS   FARRAM         

        CLASS   CONFIG         
                config                           300000   300000        E         0

        CLASS   IDLOC          
                idloc                            200000   200000        8         0

        CLASS   EEDATA         



SEGMENTS        Name                           Load    Length   Top    Selector   Space  Class

                reset_vec                      000000  000004  000004         0       0  CODE    
                cstackCOMRAM                   000001  000069  00006A         1       1  COMRAM  
                intcode                        000008  00000A  000012         4       0  CODE    
                bssBANK0                       000080  000043  0000C3        80       1  BANK0   
                smallconst                     001000  0000D4  0010D4       800       0  SMALLCON
                text18                         0010D4  001608  0026DC       86A       0  CODE    
                idloc                          200000  000008  200008    200000       0  IDLOC   
                config                         300000  00000E  30000E    300000       0  CONFIG  


UNUSED ADDRESS RANGES

        Name                Unused          Largest block    Delta
        BANK0            0000C3-0000FF               3D
        BANK1            000100-0001FF              100
        BANK10           000A00-000AFF              100
        BANK11           000B00-000BFF              100
        BANK12           000C00-000CFF              100
        BANK13           000D00-000DFF              100
        BANK14           000E00-000EFF              100
        BANK15           000F00-000F7F               80
        BANK2            000200-0002FF              100
        BANK3            000300-0003FF              100
        BANK4            000400-0004FF              100
        BANK5            000500-0005FF              100
        BANK6            000600-0006FF              100
        BANK7            000700-0007FF              100
        BANK8            000800-0008FF              100
        BANK9            000900-0009FF              100
        BIGRAM           00006A-00007F               16
                         0000C3-000F7F              EBD
        CODE             000004-000007                4
                         000012-000FFF              FEE
                         0026DC-00FFFF             D924
        COMRAM           00006A-00007F               16
        CONST            000004-000007                4
                         000012-000FFF              FEE
                         0026DC-00FFFF             D924
        EEDATA           F00000-F003FF              400
        MEDIUMCONST      0026DC-00FFFF             D924
        RAM              0000C3-000F7F              100
        SFR              000F80-000FFF               80
        SMALLCONST       0026DC-00FFFF              100
        STACK            0000C3-000F7F              EBD

                                  Symbol Table

?___lldiv                           cstackCOMRAM 000017
?___lwdiv                           cstackCOMRAM 000017
?___lwmod                           cstackCOMRAM 00001E
?___wmul                            cstackCOMRAM 000017
?_printf                            cstackCOMRAM 000023
?_readLightSensor                   cstackCOMRAM 000039
?_sense_can                         cstackCOMRAM 00001C
I2C_Master_Init@c                   cstackCOMRAM 000024
I2C_Master_Read@a                   cstackCOMRAM 000018
I2C_Master_Read@temp                cstackCOMRAM 000019
I2C_Master_Write@d                  cstackCOMRAM 000018
_ACKDT                              (abs)        007E2D
_ACKEN                              (abs)        007E2C
_ADCON0                             (abs)        000FC2
_ADCON0bits                         (abs)        000FC2
_ADCON1                             (abs)        000FC1
_ADCON2                             (abs)        000FC0
_ADON                               (abs)        007E10
_ADRESH                             (abs)        000FC4
_I2C_Master_Init                    text13       0022AE
_I2C_Master_Read                    text30       0025EA
_I2C_Master_Start                   text29       0026C4
_I2C_Master_Stop                    text28       0026BC
_I2C_Master_Wait                    text31       002654
_I2C_Master_Write                   text27       0026A8
_INT1IE                             (abs)        007F83
_INT1IF                             (abs)        007F80
_INTCONbits                         (abs)        000FF2
_LATA                               (abs)        000F89
_LATAbits                           (abs)        000F89
_LATB                               (abs)        000F8A
_LATBbits                           (abs)        000F8A
_LATC                               (abs)        000F8B
_LATCbits                           (abs)        000F8B
_LATD                               (abs)        000F8C
_LATDbits                           (abs)        000F8C
_LATE                               (abs)        000F8D
_LATEbits                           (abs)        000F8D
_PEN                                (abs)        007E2A
_PORTB                              (abs)        000F81
_PORTBbits                          (abs)        000F81
_RCEN                               (abs)        007E2B
_RSEN                               (abs)        007E29
_SEN                                (abs)        007E28
_SSPADD                             (abs)        000FC8
_SSPBUF                             (abs)        000FC9
_SSPCON1                            (abs)        000FC6
_SSPCON2                            (abs)        000FC5
_SSPSTAT                            (abs)        000FC7
_TRISA                              (abs)        000F92
_TRISB                              (abs)        000F93
_TRISC                              (abs)        000F94
_TRISC3                             (abs)        007CA3
_TRISC4                             (abs)        007CA4
_TRISD                              (abs)        000F95
_TRISE                              (abs)        000F96
__CFG_BOREN$SBORDIS                 (abs)        000000
__CFG_BORV$3                        (abs)        000000
__CFG_CCP2MX$PORTC                  (abs)        000000
__CFG_CP0$OFF                       (abs)        000000
__CFG_CP1$OFF                       (abs)        000000
__CFG_CP2$OFF                       (abs)        000000
__CFG_CP3$OFF                       (abs)        000000
__CFG_CPB$OFF                       (abs)        000000
__CFG_CPD$OFF                       (abs)        000000
__CFG_EBTR0$OFF                     (abs)        000000
__CFG_EBTR1$OFF                     (abs)        000000
__CFG_EBTR2$OFF                     (abs)        000000
__CFG_EBTR3$OFF                     (abs)        000000
__CFG_EBTRB$OFF                     (abs)        000000
__CFG_FCMEN$OFF                     (abs)        000000
__CFG_IESO$OFF                      (abs)        000000
__CFG_LPT1OSC$OFF                   (abs)        000000
__CFG_LVP$OFF                       (abs)        000000
__CFG_MCLRE$ON                      (abs)        000000
__CFG_OSC$HS                        (abs)        000000
__CFG_PBADEN$ON                     (abs)        000000
__CFG_PWRT$OFF                      (abs)        000000
__CFG_STVREN$ON                     (abs)        000000
__CFG_WDT$OFF                       (abs)        000000
__CFG_WDTPS$32768                   (abs)        000000
__CFG_WRT0$OFF                      (abs)        000000
__CFG_WRT1$OFF                      (abs)        000000
__CFG_WRT2$OFF                      (abs)        000000
__CFG_WRT3$OFF                      (abs)        000000
__CFG_WRTB$OFF                      (abs)        000000
__CFG_WRTC$OFF                      (abs)        000000
__CFG_WRTD$OFF                      (abs)        000000
__CFG_XINST$OFF                     (abs)        000000
__HRAM                              (abs)        000000
__Habs1                             abs1         000000
__Hbank0                            bank0        000000
__Hbank1                            bank1        000000
__Hbank10                           bank10       000000
__Hbank11                           bank11       000000
__Hbank12                           bank12       000000
__Hbank13                           bank13       000000
__Hbank14                           bank14       000000
__Hbank15                           bank15       000000
__Hbank2                            bank2        000000
__Hbank3                            bank3        000000
__Hbank4                            bank4        000000
__Hbank5                            bank5        000000
__Hbank6                            bank6        000000
__Hbank7                            bank7        000000
__Hbank8                            bank8        000000
__Hbank9                            bank9        000000
__Hbigbss                           bigbss       000000
__Hbigdata                          bigdata      000000
__Hbigram                           bigram       000000
__Hbss                              bss          000000
__HbssBANK0                         bssBANK0     000000
__HbssCOMRAM                        bssCOMRAM    000000
__Hcinit                            cinit        000000
__Hclrtext                          clrtext      000000
__Hcomram                           comram       000000
__Hconfig                           config       30000E
__Hconst                            const        000000
__HcstackBANK0                      cstackBANK0  000000
__HcstackCOMRAM                     cstackCOMRAM 000000
__Hdata                             data         000000
__Heeprom_data                      eeprom_data  000000
__Hfarbss                           farbss       000000
__Hfardata                          fardata      000000
__Hibigdata                         ibigdata     000000
__Hidata                            idata        000000
__Hidloc                            idloc        200008
__Hifardata                         ifardata     000000
__Hinit                             init         000012
__Hintcode                          intcode      00000E
__Hintcode_body                     intcode_body 000000
__Hintcodelo                        intcodelo    00000E
__Hintentry                         intentry     000000
__Hintret                           intret       000000
__Hintsave_regs                     intsave_regs 000000
__Hirdata                           irdata       000000
__Hmediumconst                      mediumconst  000000
__HnvFARRAM                         nvFARRAM     000000
__Hnvbit                            nvbit        000000
__Hnvrram                           nvrram       000000
__Hparam                            rparam       000000
__Hpowerup                          powerup      00000E
__Hram                              ram          000000
__Hramtop                           ramtop       001000
__Hrbit                             rbit         000000
__Hrbss                             rbss         000000
__Hrdata                            rdata        000000
__Hreset_vec                        reset_vec    000004
__Hrparam                           rparam       000000
__Hsfr                              sfr          000000
__Hsmallconst                       smallconst   0010D4
__Hspace_0                          (abs)        30000E
__Hspace_1                          (abs)        0000C3
__Hspace_2                          (abs)        000000
__Hstack                            stack        000000
__Hstruct                           struct       000000
__Htemp                             temp         00006A
__Htext                             text         000000
__Htext0                            text0        000000
__Htext1                            text1        000000
__Htext10                           text10       000000
__Htext11                           text11       000000
__Htext12                           text12       000000
__Htext13                           text13       000000
__Htext14                           text14       000000
__Htext15                           text15       000000
__Htext16                           text16       000000
__Htext17                           text17       000000
__Htext18                           text18       000000
__Htext19                           text19       000000
__Htext2                            text2        000000
__Htext20                           text20       000000
__Htext21                           text21       000000
__Htext22                           text22       000000
__Htext23                           text23       000000
__Htext24                           text24       000000
__Htext25                           text25       000000
__Htext26                           text26       000000
__Htext27                           text27       000000
__Htext28                           text28       000000
__Htext29                           text29       000000
__Htext3                            text3        000000
__Htext30                           text30       000000
__Htext31                           text31       000000
__Htext33                           text33       000000
__Htext34                           text34       000000
__Htext35                           text35       000000
__Htext36                           text36       000000
__Htext37                           text37       000000
__Htext38                           text38       000000
__Htext39                           text39       000000
__Htext4                            text4        000000
__Htext40                           text40       000000
__Htext41                           text41       000000
__Htext5                            text5        000000
__Htext6                            text6        000000
__Htext7                            text7        000000
__Htext8                            text8        000000
__Htext9                            text9        000000
__LRAM                              (abs)        000001
__Labs1                             abs1         000000
__Lbank0                            bank0        000000
__Lbank1                            bank1        000000
__Lbank10                           bank10       000000
__Lbank11                           bank11       000000
__Lbank12                           bank12       000000
__Lbank13                           bank13       000000
__Lbank14                           bank14       000000
__Lbank15                           bank15       000000
__Lbank2                            bank2        000000
__Lbank3                            bank3        000000
__Lbank4                            bank4        000000
__Lbank5                            bank5        000000
__Lbank6                            bank6        000000
__Lbank7                            bank7        000000
__Lbank8                            bank8        000000
__Lbank9                            bank9        000000
__Lbigbss                           bigbss       000000
__Lbigdata                          bigdata      000000
__Lbigram                           bigram       000000
__Lbss                              bss          000000
__LbssBANK0                         bssBANK0     000000
__LbssCOMRAM                        bssCOMRAM    000000
__Lcinit                            cinit        000000
__Lclrtext                          clrtext      000000
__Lcomram                           comram       000000
__Lconfig                           config       300000
__Lconst                            const        000000
__LcstackBANK0                      cstackBANK0  000000
__LcstackCOMRAM                     cstackCOMRAM 000000
__Ldata                             data         000000
__Leeprom_data                      eeprom_data  000000
__Lfarbss                           farbss       000000
__Lfardata                          fardata      000000
__Libigdata                         ibigdata     000000
__Lidata                            idata        000000
__Lidloc                            idloc        200000
__Lifardata                         ifardata     000000
__Linit                             init         00000E
__Lintcode                          intcode      000008
__Lintcode_body                     intcode_body 000000
__Lintcodelo                        intcodelo    00000E
__Lintentry                         intentry     000000
__Lintret                           intret       000000
__Lintsave_regs                     intsave_regs 000000
__Lirdata                           irdata       000000
__Lmediumconst                      mediumconst  000000
__LnvFARRAM                         nvFARRAM     000000
__Lnvbit                            nvbit        000000
__Lnvrram                           nvrram       000000
__Lparam                            rparam       000000
__Lpowerup                          powerup      00000E
__Lram                              ram          000000
__Lramtop                           ramtop       001000
__Lrbit                             rbit         000000
__Lrbss                             rbss         000000
__Lrdata                            rdata        000000
__Lreset_vec                        reset_vec    000000
__Lrparam                           rparam       000000
__Lsfr                              sfr          000000
__Lsmallconst                       smallconst   001000
__Lspace_0                          (abs)        000000
__Lspace_1                          (abs)        000000
__Lspace_2                          (abs)        000000
__Lstack                            stack        000000
__Lstruct                           struct       000000
__Ltemp                             temp         000069
__Ltext                             text         000000
__Ltext0                            text0        000000
__Ltext1                            text1        000000
__Ltext10                           text10       000000
__Ltext11                           text11       000000
__Ltext12                           text12       000000
__Ltext13                           text13       000000
__Ltext14                           text14       000000
__Ltext15                           text15       000000
__Ltext16                           text16       000000
__Ltext17                           text17       000000
__Ltext18                           text18       000000
__Ltext19                           text19       000000
__Ltext2                            text2        000000
__Ltext20                           text20       000000
__Ltext21                           text21       000000
__Ltext22                           text22       000000
__Ltext23                           text23       000000
__Ltext24                           text24       000000
__Ltext25                           text25       000000
__Ltext26                           text26       000000
__Ltext27                           text27       000000
__Ltext28                           text28       000000
__Ltext29                           text29       000000
__Ltext3                            text3        000000
__Ltext30                           text30       000000
__Ltext31                           text31       000000
__Ltext33                           text33       000000
__Ltext34                           text34       000000
__Ltext35                           text35       000000
__Ltext36                           text36       000000
__Ltext37                           text37       000000
__Ltext38                           text38       000000
__Ltext39                           text39       000000
__Ltext4                            text4        000000
__Ltext40                           text40       000000
__Ltext41                           text41       000000
__Ltext5                            text5        000000
__Ltext6                            text6        000000
__Ltext7                            text7        000000
__Ltext8                            text8        000000
__Ltext9                            text9        000000
__S0                                (abs)        30000E
__S1                                (abs)        0000C3
__S2                                (abs)        000000
___inthi_sp                         stack        000000
___intlo_sp                         stack        000000
___lldiv                            text14       002052
___lldiv@counter                    cstackCOMRAM 000023
___lldiv@dividend                   cstackCOMRAM 000017
___lldiv@divisor                    cstackCOMRAM 00001B
___lldiv@quotient                   cstackCOMRAM 00001F
___lwdiv                            text23       002406
___lwdiv@counter                    cstackCOMRAM 00001B
___lwdiv@dividend                   cstackCOMRAM 000017
___lwdiv@divisor                    cstackCOMRAM 000019
___lwdiv@quotient                   cstackCOMRAM 00001C
___lwmod                            text22       002534
___lwmod@counter                    cstackCOMRAM 000022
___lwmod@dividend                   cstackCOMRAM 00001E
___lwmod@divisor                    cstackCOMRAM 000020
___param_bank                       (abs)        000000
___rparam_used                      (abs)        000001
___sp                               stack        000000
___wmul                             text21       0025C4
___wmul@multiplicand                cstackCOMRAM 000019
___wmul@multiplier                  cstackCOMRAM 000017
___wmul@product                     cstackCOMRAM 00001B
__accesstop                         (abs)        000080
__activetblptr                      (abs)        000002
__end_of_I2C_Master_Init            text13       002308
__end_of_I2C_Master_Read            text30       002610
__end_of_I2C_Master_Start           text29       0026CC
__end_of_I2C_Master_Stop            text28       0026C4
__end_of_I2C_Master_Wait            text31       002666
__end_of_I2C_Master_Write           text27       0026B2
__end_of___lldiv                    text14       0020D4
__end_of___lwdiv                    text23       002458
__end_of___lwmod                    text22       002576
__end_of___wmul                     text21       0025EA
__end_of__initialization            cinit        0025B6
__end_of_debug                      text17       0024A8
__end_of_display_sorting_time       text16       001A86
__end_of_display_time               text15       001C6A
__end_of_dpowers                    smallconst   00101C
__end_of_gate                       text8        002406
__end_of_get_time                   text26       0021CE
__end_of_hexpowers                  smallconst   001024
__end_of_initLCD                    text12       002534
__end_of_initPIC                    text9        002052
__end_of_interrupt_handler          intcode_body 001D56
__end_of_isdigit                    text20       002654
__end_of_keys                       smallconst   001012
__end_of_lcdInst                    text24       002690
__end_of_lcdNibble                  text25       00235E
__end_of_main                       text0        0024EE
__end_of_main_servo_control         text11       001F1E
__end_of_move_can                   text7        0018D0
__end_of_printf                     text18       0013E0
__end_of_putch                      text19       002684
__end_of_readADC                    text6        00259E
__end_of_readLightSensor            text5        001FC4
__end_of_sense_can                  text4        00169A
__end_of_shaker                     text3        0022AE
__end_of_side_servo_control         text10       001E40
__end_of_sort                       text2        001B7A
__end_of_timeSetter                 smallconst   00102B
__end_of_welcome                    text1        002152
__end_ofi2_I2C_Master_Read          text40       002636
__end_ofi2_I2C_Master_Start         text39       0026DC
__end_ofi2_I2C_Master_Stop          text38       0026D4
__end_ofi2_I2C_Master_Wait          text41       002678
__end_ofi2_I2C_Master_Write         text37       0026BC
__end_ofi2_get_time                 text36       00224A
__end_ofi2_lcdInst                  text34       0026A8
__end_ofi2_lcdNibble                text35       0023B4
__end_ofi2_putch                    text33       00269C
__initialization                    cinit        00259E
__mediumconst                       mediumconst  000000
__pbssBANK0                         bssBANK0     000080
__pbssCOMRAM                        bssCOMRAM    00004C
__pcinit                            cinit        00259E
__pcstackBANK0                      cstackBANK0  0000A3
__pcstackCOMRAM                     cstackCOMRAM 000001
__pintcode                          intcode      000008
__pintcode_body                     intcode_body 001C6A
__psmallconst                       smallconst   001000
__ptext0                            text0        0024A8
__ptext1                            text1        0020D4
__ptext10                           text10       001D56
__ptext11                           text11       001E40
__ptext12                           text12       0024EE
__ptext13                           text13       0022AE
__ptext14                           text14       002052
__ptext15                           text15       001B7A
__ptext16                           text16       0018D0
__ptext17                           text17       002458
__ptext18                           text18       0010D4
__ptext19                           text19       002678
__ptext2                            text2        001A86
__ptext20                           text20       002636
__ptext21                           text21       0025C4
__ptext22                           text22       002534
__ptext23                           text23       002406
__ptext24                           text24       002684
__ptext25                           text25       002308
__ptext26                           text26       002152
__ptext27                           text27       0026A8
__ptext28                           text28       0026BC
__ptext29                           text29       0026C4
__ptext3                            text3        00224A
__ptext30                           text30       0025EA
__ptext31                           text31       002654
__ptext33                           text33       002690
__ptext34                           text34       00269C
__ptext35                           text35       00235E
__ptext36                           text36       0021CE
__ptext37                           text37       0026B2
__ptext38                           text38       0026CC
__ptext39                           text39       0026D4
__ptext4                            text4        0013E0
__ptext40                           text40       002610
__ptext41                           text41       002666
__ptext5                            text5        001F1E
__ptext6                            text6        002576
__ptext7                            text7        00169A
__ptext8                            text8        0023B4
__ptext9                            text9        001FC4
__ramtop                            ramtop       001000
__size_of_I2C_Master_Init           (abs)        000000
__size_of_I2C_Master_Read           (abs)        000000
__size_of_I2C_Master_Start          (abs)        000000
__size_of_I2C_Master_Stop           (abs)        000000
__size_of_I2C_Master_Wait           (abs)        000000
__size_of_I2C_Master_Write          (abs)        000000
__size_of___lldiv                   (abs)        000000
__size_of___lwdiv                   (abs)        000000
__size_of___lwmod                   (abs)        000000
__size_of___wmul                    (abs)        000000
__size_of_debug                     (abs)        000000
__size_of_display_sorting_time      (abs)        000000
__size_of_display_time              (abs)        000000
__size_of_gate                      (abs)        000000
__size_of_get_time                  (abs)        000000
__size_of_initLCD                   (abs)        000000
__size_of_initPIC                   (abs)        000000
__size_of_interrupt_handler         (abs)        000000
__size_of_isdigit                   (abs)        000000
__size_of_lcdInst                   (abs)        000000
__size_of_lcdNibble                 (abs)        000000
__size_of_main                      (abs)        000000
__size_of_main_servo_control        (abs)        000000
__size_of_move_can                  (abs)        000000
__size_of_printf                    (abs)        000000
__size_of_putch                     (abs)        000000
__size_of_readADC                   (abs)        000000
__size_of_readLightSensor           (abs)        000000
__size_of_sense_can                 (abs)        000000
__size_of_shaker                    (abs)        000000
__size_of_side_servo_control        (abs)        000000
__size_of_sort                      (abs)        000000
__size_of_welcome                   (abs)        000000
__size_ofi2_I2C_Master_Read         (abs)        000000
__size_ofi2_I2C_Master_Start        (abs)        000000
__size_ofi2_I2C_Master_Stop         (abs)        000000
__size_ofi2_I2C_Master_Wait         (abs)        000000
__size_ofi2_I2C_Master_Write        (abs)        000000
__size_ofi2_get_time                (abs)        000000
__size_ofi2_lcdInst                 (abs)        000000
__size_ofi2_lcdNibble               (abs)        000000
__size_ofi2_putch                   (abs)        000000
__smallconst                        smallconst   001000
_debug                              text17       002458
_displayFlag                        bssCOMRAM    00005D
_display_sorting_time               text16       0018D0
_display_time                       text15       001B7A
_dpowers                            smallconst   001012
_end_time                           bssCOMRAM    000062
_gate                               text8        0023B4
_get_time                           text26       002152
_hexpowers                          smallconst   00101C
_initLCD                            text12       0024EE
_initPIC                            text9        001FC4
_int_end_time                       bssBANK0     00008E
_int_start_time                     bssBANK0     000080
_interrupt_handler                  intcode      000008
_isdigit                            text20       002636
_isdigit$1080                       cstackCOMRAM 000018
_keys                               smallconst   001001
_lcdInst                            text24       002684
_lcdNibble                          text25       002308
_main                               text0        0024A8
_main_servo_control                 text11       001E40
_mode                               bssCOMRAM    000061
_move_can                           text7        00169A
_passed_time                        bssCOMRAM    00005F
_pop_can_no_tap                     bssCOMRAM    000059
_pop_can_tap                        bssCOMRAM    00005B
_printf                             text18       0010D4
_putch                              text19       002678
_readADC                            text6        002576
_readLightSensor                    text5        001F1E
_sense_can                          text4        0013E0
_shaker                             text3        00224A
_side_servo_control                 text10       001D56
_sort                               text2        001A86
_soup_can_label                     bssCOMRAM    000057
_soup_can_no_label                  bssCOMRAM    000055
_start_time                         bssBANK0     00009C
_time                               bssCOMRAM    00004C
_timeSetter                         smallconst   001024
_total_count                        bssCOMRAM    000053
_welcome                            text1        0020D4
btemp                               temp         000069
display_sorting_time@i              cstackBANK0  0000BF
display_sorting_time@i_497          cstackBANK0  0000C1
display_sorting_time@int_end_time   cstackBANK0  0000A3
display_sorting_time@int_start_time cstackBANK0  0000B1
display_time@i                      cstackCOMRAM 00003B
end_of_initialization               cinit        0025B6
get_time@datime                     cstackCOMRAM 00001A
get_time@i                          cstackCOMRAM 00001C
i2I2C_Master_Read@a                 cstackCOMRAM 000002
i2I2C_Master_Read@temp              cstackCOMRAM 000003
i2I2C_Master_Write@d                cstackCOMRAM 000002
i2_I2C_Master_Read                  text40       002610
i2_I2C_Master_Start                 text39       0026D4
i2_I2C_Master_Stop                  text38       0026CC
i2_I2C_Master_Wait                  text41       002666
i2_I2C_Master_Write                 text37       0026B2
i2_get_time                         text36       0021CE
i2_lcdInst                          text34       00269C
i2_lcdNibble                        text35       00235E
i2_putch                            text33       002690
i2get_time@datime                   cstackCOMRAM 000004
i2get_time@i                        cstackCOMRAM 000006
i2lcdInst@data                      cstackCOMRAM 000003
i2lcdNibble@data                    cstackCOMRAM 000002
i2lcdNibble@temp                    cstackCOMRAM 000001
i2putch@data                        cstackCOMRAM 000003
int$flags                           temp         000069
int_func                            intcode_body 001C6A
interrupt_handler@keypress          cstackCOMRAM 000016
intlevel0                           text         000000
intlevel1                           text         000000
intlevel2                           text         000000
intlevel3                           text         000000
isdigit@c                           cstackCOMRAM 000019
lcdInst@data                        cstackCOMRAM 000019
lcdNibble@data                      cstackCOMRAM 000018
lcdNibble@temp                      cstackCOMRAM 000017
main_servo_control@dir              cstackCOMRAM 000017
main_servo_control@i                cstackCOMRAM 00001A
move_can@canType                    cstackCOMRAM 00001C
move_can@i                          cstackCOMRAM 000020
move_can@i_639                      cstackCOMRAM 000022
move_can@i_640                      cstackCOMRAM 000024
move_can@i_641                      cstackCOMRAM 000026
printf@ap                           cstackCOMRAM 000030
printf@c                            cstackCOMRAM 000038
printf@f                            cstackCOMRAM 000023
printf@flag                         cstackCOMRAM 000035
printf@idx                          cstackCOMRAM 00002F
printf@prec                         cstackCOMRAM 000032
printf@val                          cstackCOMRAM 000033
printf@width                        cstackCOMRAM 000036
putch@data                          cstackCOMRAM 000019
readADC@channel                     cstackCOMRAM 000018
readLightSensor@H_max               cstackCOMRAM 000040
readLightSensor@i                   cstackCOMRAM 00003E
sense_can@H_max                     cstackCOMRAM 00002D
sense_can@cansize                   cstackCOMRAM 000021
sense_can@conductOnFall             cstackCOMRAM 000023
sense_can@i                         cstackCOMRAM 000025
sense_can@i_350                     cstackCOMRAM 000027
sense_can@i_351                     cstackCOMRAM 000029
sense_can@i_352                     cstackCOMRAM 00002B
shaker@i                            cstackCOMRAM 000018
side_servo_control@dir              cstackCOMRAM 000017
side_servo_control@i                cstackCOMRAM 00001A
sort@can                            cstackCOMRAM 00004A
sort@noLabel                        cstackCOMRAM 000048
sort@tap                            cstackCOMRAM 000044
sort@tin                            cstackCOMRAM 000046
stackhi                             (abs)        000F7F
stacklo                             (abs)        0000C3
start                               init         00000E
start_initialization                cinit        00259E


FUNCTION INFORMATION:

 *************** function _main *****************
 Defined at:
		line 21 in file "main.c"
 Parameters:    Size  Location     Type
		None
 Auto vars:     Size  Location     Type
		None
 Return value:  Size  Location     Type
                  1    wreg      void 
 Registers used:
		wreg, fsr2l, fsr2h, status,2, status,0, tblptrl, tblptrh, tblptru, prodl, prodh, cstack
 Tracked objects:
		On entry : 
		On exit  : 
		Unchanged: 
 Data sizes:     COMRAM   BANK0   BANK1   BANK2   BANK3   BANK4   BANK5   BANK6   BANK7   BANK8   BANK9  BANK10  BANK11  BANK12  BANK13  BANK14  BANK15
      Params:         0       0       0       0       0       0       0       0       0       0       0       0       0       0       0       0       0
      Locals:         0       0       0       0       0       0       0       0       0       0       0       0       0       0       0       0       0
      Temps:          0       0       0       0       0       0       0       0       0       0       0       0       0       0       0       0       0
      Totals:         0       0       0       0       0       0       0       0       0       0       0       0       0       0       0       0       0
Total ram usage:        0 bytes
 Hardware stack levels required when called:    9
 This function calls:
		_debug
		_display_sorting_time
		_display_time
		_initPIC
		_sort
		_welcome
 This function is called by:
		Startup code after reset
 This function uses a non-reentrant model


 *************** function _welcome *****************
 Defined at:
		line 21 in file "picState.c"
 Parameters:    Size  Location     Type
		None
 Auto vars:     Size  Location     Type
		None
 Return value:  Size  Location     Type
                  2   86[None  ] int 
 Registers used:
		wreg, fsr2l, fsr2h, status,2, status,0, tblptrl, tblptrh, tblptru, prodl, prodh, cstack
 Tracked objects:
		On entry : 
		On exit  : 
		Unchanged: 
 Data sizes:     COMRAM   BANK0   BANK1   BANK2   BANK3   BANK4   BANK5   BANK6   BANK7   BANK8   BANK9  BANK10  BANK11  BANK12  BANK13  BANK14  BANK15
      Params:         0       0       0       0       0       0       0       0       0       0       0       0       0       0       0       0       0
      Locals:         0       0       0       0       0       0       0       0       0       0       0       0       0       0       0       0       0
      Temps:          2       0       0       0       0       0       0       0       0       0       0       0       0       0       0       0       0
      Totals:         2       0       0       0       0       0       0       0       0       0       0       0       0       0       0       0       0
Total ram usage:        2 bytes
 Hardware stack levels used:    1
 Hardware stack levels required when called:    7
 This function calls:
		_lcdInst
		_printf
 This function is called by:
		_main
 This function uses a non-reentrant model


 *************** function _sort *****************
 Defined at:
		line 61 in file "picState.c"
 Parameters:    Size  Location     Type
		None
 Auto vars:     Size  Location     Type
  can             2   73[COMRAM] int 
  noLabel         2   71[COMRAM] int 
  tin             2   69[COMRAM] int 
  tap             2   67[COMRAM] int 
 Return value:  Size  Location     Type
                  2   90[None  ] int 
 Registers used:
		wreg, fsr2l, fsr2h, status,2, status,0, tblptrl, tblptrh, tblptru, prodl, prodh, cstack
 Tracked objects:
		On entry : 
		On exit  : 
		Unchanged: 
 Data sizes:     COMRAM   BANK0   BANK1   BANK2   BANK3   BANK4   BANK5   BANK6   BANK7   BANK8   BANK9  BANK10  BANK11  BANK12  BANK13  BANK14  BANK15
      Params:         0       0       0       0       0       0       0       0       0       0       0       0       0       0       0       0       0
      Locals:         8       0       0       0       0       0       0       0       0       0       0       0       0       0       0       0       0
      Temps:          2       0       0       0       0       0       0       0       0       0       0       0       0       0       0       0       0
      Totals:        10       0       0       0       0       0       0       0       0       0       0       0       0       0       0       0       0
Total ram usage:       10 bytes
 Hardware stack levels used:    1
 Hardware stack levels required when called:    8
 This function calls:
		_gate
		_get_time
		_lcdInst
		_main_servo_control
		_move_can
		_printf
		_readLightSensor
		_sense_can
		_shaker
		_side_servo_control
 This function is called by:
		_main
 This function uses a non-reentrant model


 *************** function _shaker *****************
 Defined at:
		line 18 in file "motor.c"
 Parameters:    Size  Location     Type
		None
 Auto vars:     Size  Location     Type
  i               2   23[COMRAM] int 
 Return value:  Size  Location     Type
                  1    wreg      void 
 Registers used:
		wreg, status,2, status,0
 Tracked objects:
		On entry : 
		On exit  : 
		Unchanged: 
 Data sizes:     COMRAM   BANK0   BANK1   BANK2   BANK3   BANK4   BANK5   BANK6   BANK7   BANK8   BANK9  BANK10  BANK11  BANK12  BANK13  BANK14  BANK15
      Params:         0       0       0       0       0       0       0       0       0       0       0       0       0       0       0       0       0
      Locals:         2       0       0       0       0       0       0       0       0       0       0       0       0       0       0       0       0
      Temps:          1       0       0       0       0       0       0       0       0       0       0       0       0       0       0       0       0
      Totals:         3       0       0       0       0       0       0       0       0       0       0       0       0       0       0       0       0
Total ram usage:        3 bytes
 Hardware stack levels used:    1
 Hardware stack levels required when called:    4
 This function calls:
		Nothing
 This function is called by:
		_sort
 This function uses a non-reentrant model


 *************** function _sense_can *****************
 Defined at:
		line 31 in file "adc.c"
 Parameters:    Size  Location     Type
		None
 Auto vars:     Size  Location     Type
  i               2   42[COMRAM] int 
  i               2   40[COMRAM] int 
  i               2   38[COMRAM] int 
  i               2   36[COMRAM] int 
  H_max           2   44[COMRAM] int 
  conductOnFal    2   34[COMRAM] int 
  cansize         2   32[COMRAM] int 
 Return value:  Size  Location     Type
                  2   27[COMRAM] int 
 Registers used:
		wreg, status,2, status,0, cstack
 Tracked objects:
		On entry : 
		On exit  : 
		Unchanged: 
 Data sizes:     COMRAM   BANK0   BANK1   BANK2   BANK3   BANK4   BANK5   BANK6   BANK7   BANK8   BANK9  BANK10  BANK11  BANK12  BANK13  BANK14  BANK15
      Params:         2       0       0       0       0       0       0       0       0       0       0       0       0       0       0       0       0
      Locals:        14       0       0       0       0       0       0       0       0       0       0       0       0       0       0       0       0
      Temps:          3       0       0       0       0       0       0       0       0       0       0       0       0       0       0       0       0
      Totals:        19       0       0       0       0       0       0       0       0       0       0       0       0       0       0       0       0
Total ram usage:       19 bytes
 Hardware stack levels used:    1
 Hardware stack levels required when called:    5
 This function calls:
		_main_servo_control
		_readADC
		_side_servo_control
 This function is called by:
		_sort
 This function uses a non-reentrant model


 *************** function _readLightSensor *****************
 Defined at:
		line 155 in file "adc.c"
 Parameters:    Size  Location     Type
		None
 Auto vars:     Size  Location     Type
  H_max           2   63[COMRAM] int 
  i               2   61[COMRAM] int 
 Return value:  Size  Location     Type
                  2   56[COMRAM] int 
 Registers used:
		wreg, fsr2l, fsr2h, status,2, status,0, tblptrl, tblptrh, tblptru, prodl, prodh, cstack
 Tracked objects:
		On entry : 
		On exit  : 
		Unchanged: 
 Data sizes:     COMRAM   BANK0   BANK1   BANK2   BANK3   BANK4   BANK5   BANK6   BANK7   BANK8   BANK9  BANK10  BANK11  BANK12  BANK13  BANK14  BANK15
      Params:         2       0       0       0       0       0       0       0       0       0       0       0       0       0       0       0       0
      Locals:         4       0       0       0       0       0       0       0       0       0       0       0       0       0       0       0       0
      Temps:          3       0       0       0       0       0       0       0       0       0       0       0       0       0       0       0       0
      Totals:         9       0       0       0       0       0       0       0       0       0       0       0       0       0       0       0       0
Total ram usage:        9 bytes
 Hardware stack levels used:    1
 Hardware stack levels required when called:    7
 This function calls:
		_lcdInst
		_printf
		_readADC
 This function is called by:
		_sort
 This function uses a non-reentrant model


 *************** function _readADC *****************
 Defined at:
		line 21 in file "adc.c"
 Parameters:    Size  Location     Type
  channel         1    wreg     unsigned char 
 Auto vars:     Size  Location     Type
  channel         1   23[COMRAM] unsigned char 
 Return value:  Size  Location     Type
                  1    wreg      void 
 Registers used:
		wreg, status,2, status,0
 Tracked objects:
		On entry : 
		On exit  : 
		Unchanged: 
 Data sizes:     COMRAM   BANK0   BANK1   BANK2   BANK3   BANK4   BANK5   BANK6   BANK7   BANK8   BANK9  BANK10  BANK11  BANK12  BANK13  BANK14  BANK15
      Params:         0       0       0       0       0       0       0       0       0       0       0       0       0       0       0       0       0
      Locals:         1       0       0       0       0       0       0       0       0       0       0       0       0       0       0       0       0
      Temps:          1       0       0       0       0       0       0       0       0       0       0       0       0       0       0       0       0
      Totals:         2       0       0       0       0       0       0       0       0       0       0       0       0       0       0       0       0
Total ram usage:        2 bytes
 Hardware stack levels used:    1
 Hardware stack levels required when called:    4
 This function calls:
		Nothing
 This function is called by:
		_sense_can
		_readLightSensor
 This function uses a non-reentrant model


 *************** function _move_can *****************
 Defined at:
		line 79 in file "servo.c"
 Parameters:    Size  Location     Type
  canType         2   27[COMRAM] int 
 Auto vars:     Size  Location     Type
  i               2   37[COMRAM] int 
  i               2   35[COMRAM] int 
  i               2   33[COMRAM] int 
  i               2   31[COMRAM] int 
 Return value:  Size  Location     Type
                  1    wreg      void 
 Registers used:
		wreg, status,2, status,0, cstack
 Tracked objects:
		On entry : 
		On exit  : 
		Unchanged: 
 Data sizes:     COMRAM   BANK0   BANK1   BANK2   BANK3   BANK4   BANK5   BANK6   BANK7   BANK8   BANK9  BANK10  BANK11  BANK12  BANK13  BANK14  BANK15
      Params:         2       0       0       0       0       0       0       0       0       0       0       0       0       0       0       0       0
      Locals:         8       0       0       0       0       0       0       0       0       0       0       0       0       0       0       0       0
      Temps:          2       0       0       0       0       0       0       0       0       0       0       0       0       0       0       0       0
      Totals:        12       0       0       0       0       0       0       0       0       0       0       0       0       0       0       0       0
Total ram usage:       12 bytes
 Hardware stack levels used:    1
 Hardware stack levels required when called:    5
 This function calls:
		_main_servo_control
		_side_servo_control
 This function is called by:
		_sort
 This function uses a non-reentrant model


 *************** function _gate *****************
 Defined at:
		line 133 in file "servo.c"
 Parameters:    Size  Location     Type
		None
 Auto vars:     Size  Location     Type
  i               2    0        int 
 Return value:  Size  Location     Type
                  1    wreg      void 
 Registers used:
		wreg
 Tracked objects:
		On entry : 
		On exit  : 
		Unchanged: 
 Data sizes:     COMRAM   BANK0   BANK1   BANK2   BANK3   BANK4   BANK5   BANK6   BANK7   BANK8   BANK9  BANK10  BANK11  BANK12  BANK13  BANK14  BANK15
      Params:         0       0       0       0       0       0       0       0       0       0       0       0       0       0       0       0       0
      Locals:         0       0       0       0       0       0       0       0       0       0       0       0       0       0       0       0       0
      Temps:          1       0       0       0       0       0       0       0       0       0       0       0       0       0       0       0       0
      Totals:         1       0       0       0       0       0       0       0       0       0       0       0       0       0       0       0       0
Total ram usage:        1 bytes
 Hardware stack levels used:    1
 Hardware stack levels required when called:    4
 This function calls:
		Nothing
 This function is called by:
		_sort
 This function uses a non-reentrant model


 *************** function _initPIC *****************
 Defined at:
		line 35 in file "initPic.c"
 Parameters:    Size  Location     Type
		None
 Auto vars:     Size  Location     Type
		None
 Return value:  Size  Location     Type
                  2   82[None  ] int 
 Registers used:
		wreg, status,2, status,0, cstack
 Tracked objects:
		On entry : 
		On exit  : 
		Unchanged: 
 Data sizes:     COMRAM   BANK0   BANK1   BANK2   BANK3   BANK4   BANK5   BANK6   BANK7   BANK8   BANK9  BANK10  BANK11  BANK12  BANK13  BANK14  BANK15
      Params:         0       0       0       0       0       0       0       0       0       0       0       0       0       0       0       0       0
      Locals:         0       0       0       0       0       0       0       0       0       0       0       0       0       0       0       0       0
      Temps:          0       0       0       0       0       0       0       0       0       0       0       0       0       0       0       0       0
      Totals:         0       0       0       0       0       0       0       0       0       0       0       0       0       0       0       0       0
Total ram usage:        0 bytes
 Hardware stack levels used:    1
 Hardware stack levels required when called:    7
 This function calls:
		_I2C_Master_Init
		_I2C_Master_Start
		_I2C_Master_Stop
		_I2C_Master_Write
		_initLCD
		_main_servo_control
		_side_servo_control
 This function is called by:
		_main
 This function uses a non-reentrant model


 *************** function _side_servo_control *****************
 Defined at:
		line 48 in file "servo.c"
 Parameters:    Size  Location     Type
  dir             2   22[COMRAM] int 
 Auto vars:     Size  Location     Type
  i               2   25[COMRAM] int 
 Return value:  Size  Location     Type
                  1    wreg      void 
 Registers used:
		wreg, status,2, status,0
 Tracked objects:
		On entry : 
		On exit  : 
		Unchanged: 
 Data sizes:     COMRAM   BANK0   BANK1   BANK2   BANK3   BANK4   BANK5   BANK6   BANK7   BANK8   BANK9  BANK10  BANK11  BANK12  BANK13  BANK14  BANK15
      Params:         2       0       0       0       0       0       0       0       0       0       0       0       0       0       0       0       0
      Locals:         2       0       0       0       0       0       0       0       0       0       0       0       0       0       0       0       0
      Temps:          1       0       0       0       0       0       0       0       0       0       0       0       0       0       0       0       0
      Totals:         5       0       0       0       0       0       0       0       0       0       0       0       0       0       0       0       0
Total ram usage:        5 bytes
 Hardware stack levels used:    1
 Hardware stack levels required when called:    4
 This function calls:
		Nothing
 This function is called by:
		_sense_can
		_sort
		_move_can
		_initPIC
 This function uses a non-reentrant model


 *************** function _main_servo_control *****************
 Defined at:
		line 17 in file "servo.c"
 Parameters:    Size  Location     Type
  dir             2   22[COMRAM] int 
 Auto vars:     Size  Location     Type
  i               2   25[COMRAM] int 
 Return value:  Size  Location     Type
                  1    wreg      void 
 Registers used:
		wreg, status,2, status,0
 Tracked objects:
		On entry : 
		On exit  : 
		Unchanged: 
 Data sizes:     COMRAM   BANK0   BANK1   BANK2   BANK3   BANK4   BANK5   BANK6   BANK7   BANK8   BANK9  BANK10  BANK11  BANK12  BANK13  BANK14  BANK15
      Params:         2       0       0       0       0       0       0       0       0       0       0       0       0       0       0       0       0
      Locals:         2       0       0       0       0       0       0       0       0       0       0       0       0       0       0       0       0
      Temps:          1       0       0       0       0       0       0       0       0       0       0       0       0       0       0       0       0
      Totals:         5       0       0       0       0       0       0       0       0       0       0       0       0       0       0       0       0
Total ram usage:        5 bytes
 Hardware stack levels used:    1
 Hardware stack levels required when called:    4
 This function calls:
		Nothing
 This function is called by:
		_sense_can
		_sort
		_move_can
		_initPIC
 This function uses a non-reentrant model


 *************** function _initLCD *****************
 Defined at:
		line 14 in file "lcd.c"
 Parameters:    Size  Location     Type
		None
 Auto vars:     Size  Location     Type
		None
 Return value:  Size  Location     Type
                  1    wreg      void 
 Registers used:
		wreg, status,2, status,0, cstack
 Tracked objects:
		On entry : 
		On exit  : 
		Unchanged: 
 Data sizes:     COMRAM   BANK0   BANK1   BANK2   BANK3   BANK4   BANK5   BANK6   BANK7   BANK8   BANK9  BANK10  BANK11  BANK12  BANK13  BANK14  BANK15
      Params:         0       0       0       0       0       0       0       0       0       0       0       0       0       0       0       0       0
      Locals:         0       0       0       0       0       0       0       0       0       0       0       0       0       0       0       0       0
      Temps:          1       0       0       0       0       0       0       0       0       0       0       0       0       0       0       0       0
      Totals:         1       0       0       0       0       0       0       0       0       0       0       0       0       0       0       0       0
Total ram usage:        1 bytes
 Hardware stack levels used:    1
 Hardware stack levels required when called:    6
 This function calls:
		_lcdInst
 This function is called by:
		_initPIC
 This function uses a non-reentrant model


 *************** function _I2C_Master_Init *****************
 Defined at:
		line 13 in file "I2C.c"
 Parameters:    Size  Location     Type
  c               4   35[COMRAM] const unsigned long 
 Auto vars:     Size  Location     Type
		None
 Return value:  Size  Location     Type
                  1    wreg      void 
 Registers used:
		wreg, status,2, status,0, cstack
 Tracked objects:
		On entry : 
		On exit  : 
		Unchanged: 
 Data sizes:     COMRAM   BANK0   BANK1   BANK2   BANK3   BANK4   BANK5   BANK6   BANK7   BANK8   BANK9  BANK10  BANK11  BANK12  BANK13  BANK14  BANK15
      Params:         4       0       0       0       0       0       0       0       0       0       0       0       0       0       0       0       0
      Locals:         0       0       0       0       0       0       0       0       0       0       0       0       0       0       0       0       0
      Temps:          4       0       0       0       0       0       0       0       0       0       0       0       0       0       0       0       0
      Totals:         8       0       0       0       0       0       0       0       0       0       0       0       0       0       0       0       0
Total ram usage:        8 bytes
 Hardware stack levels used:    1
 Hardware stack levels required when called:    5
 This function calls:
		___lldiv
 This function is called by:
		_initPIC
 This function uses a non-reentrant model


 *************** function ___lldiv *****************
 Defined at:
		line 8 in file "/Applications/microchip/xc8/v1.41/sources/common/lldiv.c"
 Parameters:    Size  Location     Type
  dividend        4   22[COMRAM] unsigned long 
  divisor         4   26[COMRAM] unsigned long 
 Auto vars:     Size  Location     Type
  quotient        4   30[COMRAM] unsigned long 
  counter         1   34[COMRAM] unsigned char 
 Return value:  Size  Location     Type
                  4   22[COMRAM] unsigned long 
 Registers used:
		wreg, status,2, status,0
 Tracked objects:
		On entry : 
		On exit  : 
		Unchanged: 
 Data sizes:     COMRAM   BANK0   BANK1   BANK2   BANK3   BANK4   BANK5   BANK6   BANK7   BANK8   BANK9  BANK10  BANK11  BANK12  BANK13  BANK14  BANK15
      Params:         8       0       0       0       0       0       0       0       0       0       0       0       0       0       0       0       0
      Locals:         5       0       0       0       0       0       0       0       0       0       0       0       0       0       0       0       0
      Temps:          0       0       0       0       0       0       0       0       0       0       0       0       0       0       0       0       0
      Totals:        13       0       0       0       0       0       0       0       0       0       0       0       0       0       0       0       0
Total ram usage:       13 bytes
 Hardware stack levels used:    1
 Hardware stack levels required when called:    4
 This function calls:
		Nothing
 This function is called by:
		_I2C_Master_Init
 This function uses a non-reentrant model


 *************** function _display_time *****************
 Defined at:
		line 97 in file "picState.c"
 Parameters:    Size  Location     Type
		None
 Auto vars:     Size  Location     Type
  i               1   58[COMRAM] unsigned char 
 Return value:  Size  Location     Type
                  2   88[None  ] int 
 Registers used:
		wreg, fsr2l, fsr2h, status,2, status,0, tblptrl, tblptrh, tblptru, prodl, prodh, cstack
 Tracked objects:
		On entry : 
		On exit  : 
		Unchanged: 
 Data sizes:     COMRAM   BANK0   BANK1   BANK2   BANK3   BANK4   BANK5   BANK6   BANK7   BANK8   BANK9  BANK10  BANK11  BANK12  BANK13  BANK14  BANK15
      Params:         0       0       0       0       0       0       0       0       0       0       0       0       0       0       0       0       0
      Locals:         1       0       0       0       0       0       0       0       0       0       0       0       0       0       0       0       0
      Temps:          2       0       0       0       0       0       0       0       0       0       0       0       0       0       0       0       0
      Totals:         3       0       0       0       0       0       0       0       0       0       0       0       0       0       0       0       0
Total ram usage:        3 bytes
 Hardware stack levels used:    1
 Hardware stack levels required when called:    7
 This function calls:
		_I2C_Master_Read
		_I2C_Master_Start
		_I2C_Master_Stop
		_I2C_Master_Write
		_lcdInst
		_printf
 This function is called by:
		_main
 This function uses a non-reentrant model


 *************** function _display_sorting_time *****************
 Defined at:
		line 125 in file "picState.c"
 Parameters:    Size  Location     Type
		None
 Auto vars:     Size  Location     Type
  i               2   30[BANK0 ] int 
  i               2   28[BANK0 ] int 
  int_start_ti   14   14[BANK0 ] int [7]
  int_end_time   14    0[BANK0 ] int [7]
 Return value:  Size  Location     Type
                  2   92[None  ] int 
 Registers used:
		wreg, fsr2l, fsr2h, status,2, status,0, tblptrl, tblptrh, tblptru, prodl, prodh, cstack
 Tracked objects:
		On entry : 
		On exit  : 
		Unchanged: 
 Data sizes:     COMRAM   BANK0   BANK1   BANK2   BANK3   BANK4   BANK5   BANK6   BANK7   BANK8   BANK9  BANK10  BANK11  BANK12  BANK13  BANK14  BANK15
      Params:         0       0       0       0       0       0       0       0       0       0       0       0       0       0       0       0       0
      Locals:         0      32       0       0       0       0       0       0       0       0       0       0       0       0       0       0       0
      Temps:          4       0       0       0       0       0       0       0       0       0       0       0       0       0       0       0       0
      Totals:         4      32       0       0       0       0       0       0       0       0       0       0       0       0       0       0       0
Total ram usage:       36 bytes
 Hardware stack levels used:    1
 Hardware stack levels required when called:    7
 This function calls:
		___wmul
		_get_time
		_lcdInst
		_printf
 This function is called by:
		_main
 This function uses a non-reentrant model


 *************** function _debug *****************
 Defined at:
		line 43 in file "picState.c"
 Parameters:    Size  Location     Type
		None
 Auto vars:     Size  Location     Type
		None
 Return value:  Size  Location     Type
                  2   94[None  ] int 
 Registers used:
		wreg, fsr2l, fsr2h, status,2, status,0, tblptrl, tblptrh, tblptru, prodl, prodh, cstack
 Tracked objects:
		On entry : 
		On exit  : 
		Unchanged: 
 Data sizes:     COMRAM   BANK0   BANK1   BANK2   BANK3   BANK4   BANK5   BANK6   BANK7   BANK8   BANK9  BANK10  BANK11  BANK12  BANK13  BANK14  BANK15
      Params:         0       0       0       0       0       0       0       0       0       0       0       0       0       0       0       0       0
      Locals:         0       0       0       0       0       0       0       0       0       0       0       0       0       0       0       0       0
      Temps:          0       0       0       0       0       0       0       0       0       0       0       0       0       0       0       0       0
      Totals:         0       0       0       0       0       0       0       0       0       0       0       0       0       0       0       0       0
Total ram usage:        0 bytes
 Hardware stack levels used:    1
 Hardware stack levels required when called:    7
 This function calls:
		_get_time
		_lcdInst
		_printf
 This function is called by:
		_main
 This function uses a non-reentrant model


 *************** function _printf *****************
 Defined at:
		line 464 in file "/Applications/microchip/xc8/v1.41/sources/common/doprnt.c"
 Parameters:    Size  Location     Type
  f               2   34[COMRAM] PTR const unsigned char 
		 -> STR_15(16), STR_14(15), STR_13(15), STR_12(3), 
		 -> STR_11(20), STR_10(16), STR_9(15), STR_8(15), 
		 -> STR_7(10), STR_6(15), STR_5(7), STR_4(21), 
		 -> STR_3(13), STR_2(9), STR_1(3), 
 Auto vars:     Size  Location     Type
  idx             1   46[COMRAM] unsigned char 
  tmpval          4    0        struct .
  cp              3    0        PTR const unsigned char 
  width           2   53[COMRAM] int 
  val             2   50[COMRAM] unsigned int 
  ap              2   47[COMRAM] PTR void [1]
		 -> ?_printf(2), 
  len             2    0        unsigned int 
  c               1   55[COMRAM] char 
  flag            1   52[COMRAM] unsigned char 
  prec            1   49[COMRAM] char 
 Return value:  Size  Location     Type
                  2   34[COMRAM] int 
 Registers used:
		wreg, fsr2l, fsr2h, status,2, status,0, tblptrl, tblptrh, tblptru, prodl, prodh, cstack
 Tracked objects:
		On entry : 
		On exit  : 
		Unchanged: 
 Data sizes:     COMRAM   BANK0   BANK1   BANK2   BANK3   BANK4   BANK5   BANK6   BANK7   BANK8   BANK9  BANK10  BANK11  BANK12  BANK13  BANK14  BANK15
      Params:         8       0       0       0       0       0       0       0       0       0       0       0       0       0       0       0       0
      Locals:        10       0       0       0       0       0       0       0       0       0       0       0       0       0       0       0       0
      Temps:          4       0       0       0       0       0       0       0       0       0       0       0       0       0       0       0       0
      Totals:        22       0       0       0       0       0       0       0       0       0       0       0       0       0       0       0       0
Total ram usage:       22 bytes
 Hardware stack levels used:    1
 Hardware stack levels required when called:    6
 This function calls:
		___lwdiv
		___lwmod
		___wmul
		_isdigit
		_putch
 This function is called by:
		_readLightSensor
		_welcome
		_debug
		_sort
		_display_time
		_display_sorting_time
 This function uses a non-reentrant model


 *************** function _putch *****************
 Defined at:
		line 30 in file "lcd.c"
 Parameters:    Size  Location     Type
  data            1    wreg     unsigned char 
 Auto vars:     Size  Location     Type
  data            1   24[COMRAM] unsigned char 
 Return value:  Size  Location     Type
                  1    wreg      void 
 Registers used:
		wreg, status,2, status,0, cstack
 Tracked objects:
		On entry : 
		On exit  : 
		Unchanged: 
 Data sizes:     COMRAM   BANK0   BANK1   BANK2   BANK3   BANK4   BANK5   BANK6   BANK7   BANK8   BANK9  BANK10  BANK11  BANK12  BANK13  BANK14  BANK15
      Params:         0       0       0       0       0       0       0       0       0       0       0       0       0       0       0       0       0
      Locals:         1       0       0       0       0       0       0       0       0       0       0       0       0       0       0       0       0
      Temps:          0       0       0       0       0       0       0       0       0       0       0       0       0       0       0       0       0
      Totals:         1       0       0       0       0       0       0       0       0       0       0       0       0       0       0       0       0
Total ram usage:        1 bytes
 Hardware stack levels used:    1
 Hardware stack levels required when called:    5
 This function calls:
		_lcdNibble
 This function is called by:
		_printf
 This function uses a non-reentrant model


 *************** function _isdigit *****************
 Defined at:
		line 8 in file "/Applications/microchip/xc8/v1.41/sources/common/isdigit.c"
 Parameters:    Size  Location     Type
  c               1    wreg     unsigned char 
 Auto vars:     Size  Location     Type
  c               1   24[COMRAM] unsigned char 
 Return value:  Size  Location     Type
		None               void
 Registers used:
		wreg, status,2, status,0
 Tracked objects:
		On entry : 
		On exit  : 
		Unchanged: 
 Data sizes:     COMRAM   BANK0   BANK1   BANK2   BANK3   BANK4   BANK5   BANK6   BANK7   BANK8   BANK9  BANK10  BANK11  BANK12  BANK13  BANK14  BANK15
[...]
Total ram usage:        2 bytes
 Hardware stack levels used:    1
 Hardware stack levels required when called:    5
 This function calls:
		_I2C_Master_Wait
 This function is called by:
		_display_time
		_get_time
 This function uses a non-reentrant model


 *************** function _I2C_Master_Wait *****************
 Defined at:
		line 24 in file "I2C.c"
 Parameters:    Size  Location     Type
		None
 Auto vars:     Size  Location     Type
		None
 Return value:  Size  Location     Type
                  1    wreg      void 
 Registers used:
		wreg, status,2, status,0
 Tracked objects:
		On entry : 
		On exit  : 
		Unchanged: 
 Data sizes:     COMRAM   BANK0   BANK1   BANK2   BANK3   BANK4   BANK5   BANK6   BANK7   BANK8   BANK9  BANK10  BANK11  BANK12  BANK13  BANK14  BANK15
      Params:         0       0       0       0       0       0       0       0       0       0       0       0       0       0       0       0       0
      Locals:         0       0       0       0       0       0       0       0       0       0       0       0       0       0       0       0       0
      Temps:          1       0       0       0       0       0       0       0       0       0       0       0       0       0       0       0       0
      Totals:         1       0       0       0       0       0       0       0       0       0       0       0       0       0       0       0       0
Total ram usage:        1 bytes
 Hardware stack levels used:    1
 Hardware stack levels required when called:    4
 This function calls:
		Nothing
 This function is called by:
		_I2C_Master_Start
		_I2C_Master_Stop
		_I2C_Master_Write
		_I2C_Master_Read
		_I2C_Master_RepeatedStart
 This function uses a non-reentrant model


 *************** function _interrupt_handler *****************
 Defined at:
		line 24 in file "interrupt.c"
 Parameters:    Size  Location     Type
		None
 Auto vars:     Size  Location     Type
  keypress        1   21[COMRAM] unsigned char 
 Return value:  Size  Location     Type
                  1    wreg      void 
 Registers used:
		wreg, fsr2l, fsr2h, status,2, status,0, tblptrl, tblptrh, tblptru, prodl, prodh, cstack
 Tracked objects:
		On entry : 
		On exit  : 
		Unchanged: 
 Data sizes:     COMRAM   BANK0   BANK1   BANK2   BANK3   BANK4   BANK5   BANK6   BANK7   BANK8   BANK9  BANK10  BANK11  BANK12  BANK13  BANK14  BANK15
      Params:         0       0       0       0       0       0       0       0       0       0       0       0       0       0       0       0       0
      Locals:         1       0       0       0       0       0       0       0       0       0       0       0       0       0       0       0       0
      Temps:         14       0       0       0       0       0       0       0       0       0       0       0       0       0       0       0       0
      Totals:        15       0       0       0       0       0       0       0       0       0       0       0       0       0       0       0       0
Total ram usage:       15 bytes
 Hardware stack levels used:    1
 Hardware stack levels required when called:    3
 This function calls:
		i2_get_time
		i2_lcdInst
		i2_putch
 This function is called by:
		Interrupt level 2
 This function uses a non-reentrant model


 *************** function i2_putch *****************
 Defined at:
		line 30 in file "lcd.c"
 Parameters:    Size  Location     Type
  data            1    wreg     unsigned char 
 Auto vars:     Size  Location     Type
  data            1    2[COMRAM] unsigned char 
 Return value:  Size  Location     Type
                  1    wreg      void 
 Registers used:
		wreg, status,2, status,0, cstack
 Tracked objects:
		On entry : 
		On exit  : 
		Unchanged: 
 Data sizes:     COMRAM   BANK0   BANK1   BANK2   BANK3   BANK4   BANK5   BANK6   BANK7   BANK8   BANK9  BANK10  BANK11  BANK12  BANK13  BANK14  BANK15
      Params:         0       0       0       0       0       0       0       0       0       0       0       0       0       0       0       0       0
      Locals:         1       0       0       0       0       0       0       0       0       0       0       0       0       0       0       0       0
      Temps:          0       0       0       0       0       0       0       0       0       0       0       0       0       0       0       0       0
      Totals:         1       0       0       0       0       0       0       0       0       0       0       0       0       0       0       0       0
Total ram usage:        1 bytes
 Hardware stack levels used:    1
 Hardware stack levels required when called:    1
 This function calls:
		i2_lcdNibble
 This function is called by:
		_interrupt_handler
 This function uses a non-reentrant model


 *************** function i2_lcdInst *****************
 Defined at:
		line 25 in file "lcd.c"
 Parameters:    Size  Location     Type
  data            1    wreg     unsigned char 
 Auto vars:     Size  Location     Type
  data            1    2[COMRAM] unsigned char 
 Return value:  Size  Location     Type
                  1    wreg      void 
 Registers used:
		wreg, status,2, status,0, cstack
 Tracked objects:
		On entry : 
		On exit  : 
		Unchanged: 
 Data sizes:     COMRAM   BANK0   BANK1   BANK2   BANK3   BANK4   BANK5   BANK6   BANK7   BANK8   BANK9  BANK10  BANK11  BANK12  BANK13  BANK14  BANK15
      Params:         0       0       0       0       0       0       0       0       0       0       0       0       0       0       0       0       0
      Locals:         1       0       0       0       0       0       0       0       0       0       0       0       0       0       0       0       0
      Temps:          0       0       0       0       0       0       0       0       0       0       0       0       0       0       0       0       0
      Totals:         1       0       0       0       0       0       0       0       0       0       0       0       0       0       0       0       0
Total ram usage:        1 bytes
 Hardware stack levels used:    1
 Hardware stack levels required when called:    1
 This function calls:
		i2_lcdNibble
 This function is called by:
		_interrupt_handler
 This function uses a non-reentrant model


 *************** function i2_lcdNibble *****************
 Defined at:
		line 35 in file "lcd.c"
 Parameters:    Size  Location     Type
  data            1    wreg     unsigned char 
 Auto vars:     Size  Location     Type
  data            1    1[COMRAM] unsigned char 
  lcdNibble       1    0[COMRAM] unsigned char 
 Return value:  Size  Location     Type
                  1    wreg      void 
 Registers used:
		wreg, status,2, status,0
 Tracked objects:
		On entry : 
		On exit  : 
		Unchanged: 
 Data sizes:     COMRAM   BANK0   BANK1   BANK2   BANK3   BANK4   BANK5   BANK6   BANK7   BANK8   BANK9  BANK10  BANK11  BANK12  BANK13  BANK14  BANK15
      Params:         0       0       0       0       0       0       0       0       0       0       0       0       0       0       0       0       0
      Locals:         2       0       0       0       0       0       0       0       0       0       0       0       0       0       0       0       0
      Temps:          0       0       0       0       0       0       0       0       0       0       0       0       0       0       0       0       0
      Totals:         2       0       0       0       0       0       0       0       0       0       0       0       0       0       0       0       0
Total ram usage:        2 bytes
 Hardware stack levels used:    1
 This function calls:
		Nothing
 This function is called by:
		i2_lcdInst
		i2_putch
 This function uses a non-reentrant model


 *************** function i2_get_time *****************
 Defined at:
		line 27 in file "time.c"
 Parameters:    Size  Location     Type
  datime          2    3[COMRAM] PTR unsigned char 
		 -> start_time(7), end_time(7), 
 Auto vars:     Size  Location     Type
  get_time        2    5[COMRAM] int 
 Return value:  Size  Location     Type
                  1    wreg      void 
 Registers used:
		wreg, fsr2l, fsr2h, status,2, status,0, cstack
 Tracked objects:
		On entry : 
		On exit  : 
		Unchanged: 
 Data sizes:     COMRAM   BANK0   BANK1   BANK2   BANK3   BANK4   BANK5   BANK6   BANK7   BANK8   BANK9  BANK10  BANK11  BANK12  BANK13  BANK14  BANK15
      Params:         2       0       0       0       0       0       0       0       0       0       0       0       0       0       0       0       0
      Locals:         2       0       0       0       0       0       0       0       0       0       0       0       0       0       0       0       0
      Temps:          0       0       0       0       0       0       0       0       0       0       0       0       0       0       0       0       0
      Totals:         4       0       0       0       0       0       0       0       0       0       0       0       0       0       0       0       0
Total ram usage:        4 bytes
 Hardware stack levels used:    1
 Hardware stack levels required when called:    2
 This function calls:
		i2_I2C_Master_Read
		i2_I2C_Master_Start
		i2_I2C_Master_Stop
		i2_I2C_Master_Write
 This function is called by:
		_interrupt_handler
 This function uses a non-reentrant model


 *************** function i2_I2C_Master_Write *****************
 Defined at:
		line 47 in file "I2C.c"
 Parameters:    Size  Location     Type
  d               2    1[COMRAM] unsigned int 
 Auto vars:     Size  Location     Type
		None
 Return value:  Size  Location     Type
                  1    wreg      void 
 Registers used:
		wreg, status,2, status,0, cstack
 Tracked objects:
		On entry : 
		On exit  : 
		Unchanged: 
 Data sizes:     COMRAM   BANK0   BANK1   BANK2   BANK3   BANK4   BANK5   BANK6   BANK7   BANK8   BANK9  BANK10  BANK11  BANK12  BANK13  BANK14  BANK15
      Params:         2       0       0       0       0       0       0       0       0       0       0       0       0       0       0       0       0
      Locals:         0       0       0       0       0       0       0       0       0       0       0       0       0       0       0       0       0
      Temps:          0       0       0       0       0       0       0       0       0       0       0       0       0       0       0       0       0
      Totals:         2       0       0       0       0       0       0       0       0       0       0       0       0       0       0       0       0
Total ram usage:        2 bytes
 Hardware stack levels used:    1
 Hardware stack levels required when called:    1
 This function calls:
		i2_I2C_Master_Wait
 This function is called by:
		i2_get_time
 This function uses a non-reentrant model


 *************** function i2_I2C_Master_Stop *****************
 Defined at:
		line 41 in file "I2C.c"
 Parameters:    Size  Location     Type
		None
 Auto vars:     Size  Location     Type
		None
 Return value:  Size  Location     Type
                  1    wreg      void 
 Registers used:
		wreg, status,2, status,0, cstack
 Tracked objects:
		On entry : 
		On exit  : 
		Unchanged: 
 Data sizes:     COMRAM   BANK0   BANK1   BANK2   BANK3   BANK4   BANK5   BANK6   BANK7   BANK8   BANK9  BANK10  BANK11  BANK12  BANK13  BANK14  BANK15
      Params:         0       0       0       0       0       0       0       0       0       0       0       0       0       0       0       0       0
      Locals:         0       0       0       0       0       0       0       0       0       0       0       0       0       0       0       0       0
      Temps:          0       0       0       0       0       0       0       0       0       0       0       0       0       0       0       0       0
      Totals:         0       0       0       0       0       0       0       0       0       0       0       0       0       0       0       0       0
Total ram usage:        0 bytes
 Hardware stack levels used:    1
 Hardware stack levels required when called:    1
 This function calls:
		i2_I2C_Master_Wait
 This function is called by:
		i2_get_time
 This function uses a non-reentrant model


 *************** function i2_I2C_Master_Start *****************
 Defined at:
		line 29 in file "I2C.c"
 Parameters:    Size  Location     Type
		None
 Auto vars:     Size  Location     Type
		None
 Return value:  Size  Location     Type
                  1    wreg      void 
 Registers used:
		wreg, status,2, status,0, cstack
 Tracked objects:
		On entry : 
		On exit  : 
		Unchanged: 
 Data sizes:     COMRAM   BANK0   BANK1   BANK2   BANK3   BANK4   BANK5   BANK6   BANK7   BANK8   BANK9  BANK10  BANK11  BANK12  BANK13  BANK14  BANK15
      Params:         0       0       0       0       0       0       0       0       0       0       0       0       0       0       0       0       0
      Locals:         0       0       0       0       0       0       0       0       0       0       0       0       0       0       0       0       0
      Temps:          0       0       0       0       0       0       0       0       0       0       0       0       0       0       0       0       0
      Totals:         0       0       0       0       0       0       0       0       0       0       0       0       0       0       0       0       0
Total ram usage:        0 bytes
 Hardware stack levels used:    1
 Hardware stack levels required when called:    1
 This function calls:
		i2_I2C_Master_Wait
 This function is called by:
		i2_get_time
 This function uses a non-reentrant model


 *************** function i2_I2C_Master_Read *****************
 Defined at:
		line 53 in file "I2C.c"
 Parameters:    Size  Location     Type
  a               1    wreg     unsigned char 
 Auto vars:     Size  Location     Type
  a               1    1[COMRAM] unsigned char 
  I2C_Master_R    1    2[COMRAM] unsigned char 
 Return value:  Size  Location     Type
                  1    wreg      unsigned char 
 Registers used:
		wreg, status,2, status,0, cstack
 Tracked objects:
		On entry : 
		On exit  : 
		Unchanged: 
 Data sizes:     COMRAM   BANK0   BANK1   BANK2   BANK3   BANK4   BANK5   BANK6   BANK7   BANK8   BANK9  BANK10  BANK11  BANK12  BANK13  BANK14  BANK15
      Params:         0       0       0       0       0       0       0       0       0       0       0       0       0       0       0       0       0
      Locals:         2       0       0       0       0       0       0       0       0       0       0       0       0       0       0       0       0
      Temps:          0       0       0       0       0       0       0       0       0       0       0       0       0       0       0       0       0
      Totals:         2       0       0       0       0       0       0       0       0       0       0       0       0       0       0       0       0
Total ram usage:        2 bytes
 Hardware stack levels used:    1
 Hardware stack levels required when called:    1
 This function calls:
		i2_I2C_Master_Wait
 This function is called by:
		i2_get_time
 This function uses a non-reentrant model


 *************** function i2_I2C_Master_Wait *****************
 Defined at:
		line 24 in file "I2C.c"
 Parameters:    Size  Location     Type
		None
 Auto vars:     Size  Location     Type
		None
 Return value:  Size  Location     Type
                  1    wreg      void 
 Registers used:
		wreg, status,2, status,0
 Tracked objects:
		On entry : 
		On exit  : 
		Unchanged: 
 Data sizes:     COMRAM   BANK0   BANK1   BANK2   BANK3   BANK4   BANK5   BANK6   BANK7   BANK8   BANK9  BANK10  BANK11  BANK12  BANK13  BANK14  BANK15
      Params:         0       0       0       0       0       0       0       0       0       0       0       0       0       0       0       0       0
      Locals:         0       0       0       0       0       0       0       0       0       0       0       0       0       0       0       0       0
      Temps:          1       0       0       0       0       0       0       0       0       0       0       0       0       0       0       0       0
      Totals:         1       0       0       0       0       0       0       0       0       0       0       0       0       0       0       0       0
Total ram usage:        1 bytes
 Hardware stack levels used:    1
 This function calls:
		Nothing
 This function is called by:
		i2_I2C_Master_Start
		i2_I2C_Master_Stop
		i2_I2C_Master_Write
		i2_I2C_Master_Read
 This function uses a non-reentrant model



MODULE INFORMATION

Module		Function		Class		Link	Load	Size
servo.c
		_main_servo_control		CODE           	1E40	0000	223
		_move_can      		CODE           	169A	0000	567
		_side_servo_control		CODE           	1D56	0000	235
		_gate          		CODE           	23B4	0000	83

servo.c estimated size: 1108

time.c
		_get_time      		CODE           	2152	0000	125

time.c estimated size: 125

/Applications/microchip/xc8/v1.41/sources/common/doprnt.c
		_printf        		CODE           	10D4	0000	781

/Applications/microchip/xc8/v1.41/sources/common/doprnt.c estimated size: 781

/Applications/microchip/xc8/v1.41/sources/common/Umul16.c
		___wmul        		CODE           	25C4	0000	39

/Applications/microchip/xc8/v1.41/sources/common/Umul16.c estimated size: 39

I2C.c
		_I2C_Master_Read		CODE           	25EA	0000	39
		_I2C_Master_Wait		CODE           	2654	0000	19
		_I2C_Master_Init		CODE           	22AE	0000	91
		_I2C_Master_Stop		CODE           	26BC	0000	9
		_I2C_Master_Write		CODE           	26A8	0000	11
		_I2C_Master_Start		CODE           	26C4	0000	9

I2C.c estimated size: 178

/Applications/microchip/xc8/v1.41/sources/common/lwmod.c
		___lwmod       		CODE           	2534	0000	67

/Applications/microchip/xc8/v1.41/sources/common/lwmod.c estimated size: 67

adc.c
		_sense_can     		CODE           	13E0	0000	699
		_readLightSensor		CODE           	1F1E	0000	167
		_readADC       		CODE           	2576	0000	41

adc.c estimated size: 907

/Applications/microchip/xc8/v1.41/sources/common/isdigit.c
		_isdigit       		CODE           	2636	0000	31

/Applications/microchip/xc8/v1.41/sources/common/isdigit.c estimated size: 31

motor.c
		_shaker        		CODE           	224A	0000	101

motor.c estimated size: 101

interrupt.c
		_interrupt_handler		CODE           	0008	0000	243

interrupt.c estimated size: 243

shared
		i2_I2C_Master_Start		CODE           	26D4	0000	9
		i2_putch       		CODE           	2690	0000	13
		i2_lcdNibble   		CODE           	235E	0000	87
		_dpowers       		SMALLCONST     	1012	0000	11
		i2_get_time    		CODE           	21CE	0000	125
		i2_I2C_Master_Read		CODE           	2610	0000	39
		_keys          		SMALLCONST     	1001	0000	18
		__initialization		CODE           	259E	0000	25
		i2_I2C_Master_Wait		CODE           	2666	0000	19
		_hexpowers     		SMALLCONST     	101C	0000	9
		i2_I2C_Master_Stop		CODE           	26CC	0000	9
		_timeSetter    		SMALLCONST     	1024	0000	8
		i2_lcdInst     		CODE           	269C	0000	13
		i2_I2C_Master_Write		CODE           	26B2	0000	11

shared estimated size: 396

/Applications/microchip/xc8/v1.41/sources/common/lwdiv.c
		___lwdiv       		CODE           	2406	0000	83

/Applications/microchip/xc8/v1.41/sources/common/lwdiv.c estimated size: 83

initPic.c
		_initPIC       		CODE           	1FC4	0000	143

initPic.c estimated size: 143

/Applications/microchip/xc8/v1.41/sources/common/lldiv.c
		___lldiv       		CODE           	2052	0000	131

/Applications/microchip/xc8/v1.41/sources/common/lldiv.c estimated size: 131

lcd.c
		_putch         		CODE           	2678	0000	13
		_lcdInst       		CODE           	2684	0000	13
		_lcdNibble     		CODE           	2308	0000	87
		_initLCD       		CODE           	24EE	0000	71

lcd.c estimated size: 184

main.c
		_main          		CODE           	24A8	0000	71

main.c estimated size: 71

picState.c
		_display_sorting_time		CODE           	18D0	0000	439
		_display_time  		CODE           	1B7A	0000	241
		_debug         		CODE           	2458	0000	81
		_sort          		CODE           	1A86	0000	245
		_welcome       		CODE           	20D4	0000	127

picState.c estimated size: 1133

